Archive member included to satisfy reference by file (symbol)

app/libapp.a(main.c.obj)      (--whole-archive)
app/libapp.a(flash_map_extended.c.obj)
                              (--whole-archive)
app/libapp.a(os.c.obj)        (--whole-archive)
app/libapp.a(keys.c.obj)      (--whole-archive)
app/libapp.a(boot_serial_extensions.c.obj)
                              (--whole-archive)
app/libapp.a(boot_serial_extension_zephyr_basic.c.obj)
                              (--whole-archive)
app/libapp.a(image_validate.c.obj)
                              (--whole-archive)
app/libapp.a(tlv.c.obj)       (--whole-archive)
app/libapp.a(encrypted.c.obj)
                              (--whole-archive)
app/libapp.a(image_rsa.c.obj)
                              (--whole-archive)
app/libapp.a(image_ecdsa.c.obj)
                              (--whole-archive)
app/libapp.a(image_ed25519.c.obj)
                              (--whole-archive)
app/libapp.a(bootutil_misc.c.obj)
                              (--whole-archive)
app/libapp.a(fault_injection_hardening.c.obj)
                              (--whole-archive)
app/libapp.a(loader.c.obj)    (--whole-archive)
app/libapp.a(swap_misc.c.obj)
                              (--whole-archive)
app/libapp.a(swap_scratch.c.obj)
                              (--whole-archive)
app/libapp.a(swap_move.c.obj)
                              (--whole-archive)
app/libapp.a(caps.c.obj)      (--whole-archive)
app/libapp.a(autogen-pubkey.c.obj)
                              (--whole-archive)
app/libapp.a(arm_cleanup.c.obj)
                              (--whole-archive)
app/libapp.a(nrf_cleanup.c.obj)
                              (--whole-archive)
zephyr/libzephyr.a(crc32c_sw.c.obj)
                              (--whole-archive)
zephyr/libzephyr.a(crc32_sw.c.obj)
                              (--whole-archive)
zephyr/libzephyr.a(crc16_sw.c.obj)
                              (--whole-archive)
zephyr/libzephyr.a(crc8_sw.c.obj)
                              (--whole-archive)
zephyr/libzephyr.a(crc7_sw.c.obj)
                              (--whole-archive)
zephyr/libzephyr.a(crc4_sw.c.obj)
                              (--whole-archive)
zephyr/libzephyr.a(base64.c.obj)
                              (--whole-archive)
zephyr/libzephyr.a(cbprintf_packaged.c.obj)
                              (--whole-archive)
zephyr/libzephyr.a(dec.c.obj)
                              (--whole-archive)
zephyr/libzephyr.a(hex.c.obj)
                              (--whole-archive)
zephyr/libzephyr.a(printk.c.obj)
                              (--whole-archive)
zephyr/libzephyr.a(rb.c.obj)  (--whole-archive)
zephyr/libzephyr.a(sem.c.obj)
                              (--whole-archive)
zephyr/libzephyr.a(thread_entry.c.obj)
                              (--whole-archive)
zephyr/libzephyr.a(timeutil.c.obj)
                              (--whole-archive)
zephyr/libzephyr.a(heap.c.obj)
                              (--whole-archive)
zephyr/libzephyr.a(heap-validate.c.obj)
                              (--whole-archive)
zephyr/libzephyr.a(bitarray.c.obj)
                              (--whole-archive)
zephyr/libzephyr.a(multi_heap.c.obj)
                              (--whole-archive)
zephyr/libzephyr.a(onoff.c.obj)
                              (--whole-archive)
zephyr/libzephyr.a(notify.c.obj)
                              (--whole-archive)
zephyr/libzephyr.a(cbprintf_nano.c.obj)
                              (--whole-archive)
zephyr/libzephyr.a(cbprintf.c.obj)
                              (--whole-archive)
zephyr/libzephyr.a(ring_buffer.c.obj)
                              (--whole-archive)
zephyr/libzephyr.a(assert.c.obj)
                              (--whole-archive)
zephyr/libzephyr.a(reboot.c.obj)
                              (--whole-archive)
zephyr/libzephyr.a(configs.c.obj)
                              (--whole-archive)
zephyr/libzephyr.a(soc.c.obj)
                              (--whole-archive)
zephyr/libzephyr.a(soc_nrf_common.S.obj)
                              (--whole-archive)
zephyr/libzephyr.a(validate_base_addresses.c.obj)
                              (--whole-archive)
zephyr/libzephyr.a(validate_enabled_instances.c.obj)
                              (--whole-archive)
zephyr/libzephyr.a(flash_map.c.obj)
                              (--whole-archive)
zephyr/libzephyr.a(flash_map_layout.c.obj)
                              (--whole-archive)
zephyr/libzephyr.a(tracing_none.c.obj)
                              (--whole-archive)
zephyr/libzephyr.a(usb_device.c.obj)
                              (--whole-archive)
zephyr/libzephyr.a(usb_descriptor.c.obj)
                              (--whole-archive)
zephyr/libzephyr.a(usb_transfer.c.obj)
                              (--whole-archive)
zephyr/libzephyr.a(cdc_acm.c.obj)
                              (--whole-archive)
zephyr/libzephyr.a(usb_work_q.c.obj)
                              (--whole-archive)
zephyr/libzephyr.a(flash_map_partition_manager.c.obj)
[...]
Memory Configuration

Name             Origin             Length             Attributes
FLASH            0x0000000000000000 0x0000000000010000 xr
RAM              0x0000000020002000 0x000000000007e000 xw
IDT_LIST         0x00000000fffff7ff 0x0000000000000800 xw
*default*        0x0000000000000000 0xffffffffffffffff

Linker script and memory map

LOAD zephyr/CMakeFiles/zephyr_final.dir/misc/empty_file.c.obj
LOAD zephyr/CMakeFiles/zephyr_final.dir/isr_tables.c.obj
LOAD app/libapp.a
LOAD zephyr/libzephyr.a
LOAD zephyr/arch/common/libarch__common.a
LOAD zephyr/arch/arch/arm/core/libarch__arm__core.a
LOAD zephyr/arch/arch/arm/core/cortex_m/libarch__arm__core__cortex_m.a
LOAD zephyr/arch/arch/arm/core/cortex_m/cmse/libarch__arm__core__cortex_m__cmse.a
LOAD zephyr/lib/libc/minimal/liblib__libc__minimal.a
LOAD zephyr/lib/libc/common/liblib__libc__common.a
LOAD zephyr/boards/boards/arm/thingy53_nrf5340_cpuapp/libboards__arm__thingy53_nrf5340.a
LOAD zephyr/drivers/usb/device/libdrivers__usb__device.a
LOAD zephyr/drivers/usb/common/nrf_usbd_common/libdrivers__usb__common__nrf_usbd_common.a
LOAD zephyr/drivers/clock_control/libdrivers__clock_control.a
LOAD zephyr/drivers/flash/libdrivers__flash.a
LOAD zephyr/drivers/gpio/libdrivers__gpio.a
LOAD zephyr/drivers/hwinfo/libdrivers__hwinfo.a
LOAD zephyr/drivers/pinctrl/libdrivers__pinctrl.a
LOAD zephyr/drivers/regulator/libdrivers__regulator.a
LOAD zephyr/drivers/serial/libdrivers__serial.a
LOAD zephyr/drivers/timer/libdrivers__timer.a
LOAD modules/nrf/lib/fprotect/lib..__nrf__lib__fprotect.a
LOAD modules/nrf/subsys/pcd/lib..__nrf__subsys__pcd.a
LOAD modules/nrf/modules/mcuboot/hooks/lib..__nrf__modules__mcuboot__hooks.a
LOAD modules/nrf/drivers/hw_cc3xx/lib..__nrf__drivers__hw_cc3xx.a
LOAD modules/mcuboot/boot/bootutil/zephyr/libmcuboot_util.a
LOAD modules/mbedtls/libmbedTLSBase.a
LOAD modules/mbedtls/libmbedTLSCrypto.a
LOAD modules/mbedtls/libmbedTLSX509.a
LOAD modules/mbedtls/libmodules__mbedtls.a
LOAD modules/hal_nordic/nrfx/libmodules__hal_nordic__nrfx.a
LOAD modules/zcbor/libmodules__zcbor.a
LOAD zephyr/kernel/libkernel.a
LOAD zephyr/CMakeFiles/offsets.dir/./arch/arm/core/offsets/offsets.c.obj
LOAD c:/ncs/toolchains/c57af46cb7/opt/zephyr-sdk/arm-zephyr-eabi/bin/../lib/gcc/arm-zephyr-eabi/12.2.0/thumb/v8-m.main/nofp\libgcc.a
LOAD zephyr/arch/common/libisr_tables.a
LOAD modules/mbedtls/libmbedTLSBase.a
LOAD modules/mbedtls/libmbedTLSCrypto.a
LOAD modules/mbedtls/libmbedTLSX509.a
LOAD C:/ncs/main/nrfxlib/crypto/nrf_cc312_platform/lib/cortex-m33/soft-float/no-interrupts/libnrf_cc312_platform_0.9.18.a
                0x0000000000000004                _region_min_align = 0x4

.rel.plt        0x0000000000000000        0x0
 *(SORT_BY_ALIGNMENT(.rel.plt))
                [!provide]                        PROVIDE (__rel_iplt_start = .)
 *(SORT_BY_ALIGNMENT(.rel.iplt))
 .rel.iplt      0x0000000000000000        0x0 zephyr/CMakeFiles/zephyr_final.dir/isr_tables.c.obj
                [!provide]                        PROVIDE (__rel_iplt_end = .)

.rela.plt       0x0000000000000000        0x0
 *(SORT_BY_ALIGNMENT(.rela.plt))
                [!provide]                        PROVIDE (__rela_iplt_start = .)
 *(SORT_BY_ALIGNMENT(.rela.iplt))
                [!provide]                        PROVIDE (__rela_iplt_end = .)

.rel.dyn
 *(SORT_BY_ALIGNMENT(.rel.*))

.rela.dyn
 *(SORT_BY_ALIGNMENT(.rela.*))

/DISCARD/
 *(SORT_BY_ALIGNMENT(.plt))

/DISCARD/
 *(SORT_BY_ALIGNMENT(.iplt))
                0x0000000000000000                __rom_region_start = 0x0

rom_start       0x0000000000000000      0x154
                0x0000000000000000                __rom_start_address = .
 FILL mask 0x00
                0x0000000000000000                . = (. + (0x0 - (. - __rom_start_address)))
                0x0000000000000000                . = ALIGN (0x4)
                0x0000000000000000                . = ALIGN (0x80)
                0x0000000000000000                . = ALIGN (0x200)
                0x0000000000000000                _vector_start = .
 *(SORT_BY_ALIGNMENT(.exc_vector_table))
 *(SORT_BY_ALIGNMENT(.exc_vector_table.*))
 .exc_vector_table._vector_table_section
                0x0000000000000000       0x40 zephyr/arch/arch/arm/core/cortex_m/libarch__arm__core__cortex_m.a(vector_table.S.obj)
                0x0000000000000000                _vector_table
 *(SORT_BY_ALIGNMENT(.vectors))
                0x0000000000000154                _vector_end = .
                0x0000000000000040                . = ALIGN (0x4)
 *(SORT_BY_ALIGNMENT(.gnu.linkonce.irq_vector_table*))
 .gnu.linkonce.irq_vector_table
                0x0000000000000040      0x114 zephyr/CMakeFiles/zephyr_final.dir/isr_tables.c.obj
                0x0000000000000040                _irq_vector_table
                0x0000000000000154                _vector_end = .

text            0x0000000000000154     0xe17c
                0x0000000000000154                __text_region_start = .
 *(SORT_BY_ALIGNMENT(.text))
 .text          0x0000000000000154       0x30 c:/ncs/toolchains/c57af46cb7/opt/zephyr-sdk/arm-zephyr-eabi/bin/../lib/gcc/arm-zephyr-eabi/12.2.0/thumb/v8-m.main/nofp\libgcc.a(_aeabi_uldivmod.o)
                0x0000000000000154                __aeabi_uldivmod
 .text          0x0000000000000184        0x4 c:/ncs/toolchains/c57af46cb7/opt/zephyr-sdk/arm-zephyr-eabi/bin/../lib/gcc/arm-zephyr-eabi/12.2.0/thumb/v8-m.main/nofp\libgcc.a(_dvmd_tls.o)
                0x0000000000000184                __aeabi_idiv0
                0x0000000000000184                __aeabi_ldiv0
 .text          0x0000000000000188      0x29c c:/ncs/toolchains/c57af46cb7/opt/zephyr-sdk/arm-zephyr-eabi/bin/../lib/gcc/arm-zephyr-eabi/12.2.0/thumb/v8-m.main/nofp\libgcc.a(_udivmoddi4.o)
                0x0000000000000188                __udivmoddi4
 *(SORT_BY_ALIGNMENT(.text.*))
 .text.main     0x0000000000000424      0x138 app/libapp.a(main.c.obj)
                0x0000000000000424                main
 .text.flash_area_id_from_multi_image_slot
                0x000000000000055c       0x24 app/libapp.a(flash_map_extended.c.obj)
                0x000000000000055c                flash_area_id_from_multi_image_slot
 .text.flash_area_id_from_direct_image
                0x0000000000000580       0x14 app/libapp.a(flash_map_extended.c.obj)
                0x0000000000000580                flash_area_id_from_direct_image
 .text.os_heap_init
                0x0000000000000594       0x10 app/libapp.a(os.c.obj)
                0x0000000000000594                os_heap_init
 .text.bs_peruser_system_specific
                0x00000000000005a4       0x6c app/libapp.a(boot_serial_extensions.c.obj)
                0x00000000000005a4                bs_peruser_system_specific
 .text.bs_custom_storage_erase
                0x0000000000000610       0x78 app/libapp.a(boot_serial_extension_zephyr_basic.c.obj)
 .text.bootutil_img_validate
                0x0000000000000688      0x1f8 app/libapp.a(image_validate.c.obj)
                0x0000000000000688                bootutil_img_validate
 .text.bootutil_verify_sig
                0x0000000000000880      0x208 app/libapp.a(image_rsa.c.obj)
                0x0000000000000880                bootutil_verify_sig
 .text.boot_fih_memequal
                0x0000000000000a88       0x30 app/libapp.a(bootutil_misc.c.obj)
                0x0000000000000a88                boot_fih_memequal
 .text.fih_cfi_get_and_increment
                0x0000000000000ab8       0x10 app/libapp.a(fault_injection_hardening.c.obj)
                0x0000000000000ab8                fih_cfi_get_and_increment
 .text.fih_cfi_decrement
                0x0000000000000ac8       0x10 app/libapp.a(fault_injection_hardening.c.obj)
                0x0000000000000ac8                fih_cfi_decrement
 .text.fih_cfi_validate
                0x0000000000000ad8       0x14 app/libapp.a(fault_injection_hardening.c.obj)
                0x0000000000000ad8                fih_cfi_validate
 .text.boot_initialize_area
                0x0000000000000aec       0x60 app/libapp.a(loader.c.obj)
 .text.boot_read_sectors
                0x0000000000000b4c       0x4c app/libapp.a(loader.c.obj)
 .text.boot_validate_slot.isra.0
                0x0000000000000b98      0x1b0 app/libapp.a(loader.c.obj)
 .text.boot_copy_region
                0x0000000000000d48       0xac app/libapp.a(loader.c.obj)
                0x0000000000000d48                boot_copy_region
 .text.context_boot_go
                0x0000000000000df4      0x67c app/libapp.a(loader.c.obj)
                0x0000000000000df4                context_boot_go
 .text.boot_go  0x0000000000001470       0x34 app/libapp.a(loader.c.obj)
                0x0000000000001470                boot_go
 .text.cleanup_arm_nvic
                0x00000000000014a4       0x38 app/libapp.a(arm_cleanup.c.obj)
                0x00000000000014a4                cleanup_arm_nvic
 .text.z_arm_clear_arm_mpu_config
                0x00000000000014dc       0x24 app/libapp.a(arm_cleanup.c.obj)
                0x00000000000014dc                z_arm_clear_arm_mpu_config
 .text.nrf_cleanup_peripheral
                0x0000000000001500       0x90 app/libapp.a(nrf_cleanup.c.obj)
                0x0000000000001500                nrf_cleanup_peripheral
 .text.nrf_cleanup_ns_ram
                0x0000000000001590       0x10 app/libapp.a(nrf_cleanup.c.obj)
                0x0000000000001590                nrf_cleanup_ns_ram
 .text.base64_encode
                0x00000000000015a0       0xfc zephyr/libzephyr.a(base64.c.obj)
                0x00000000000015a0                base64_encode
 .text.base64_decode
                0x000000000000169c      0x140 zephyr/libzephyr.a(base64.c.obj)
                0x000000000000169c                base64_decode
 .text.process_event
                0x00000000000017dc      0x21c zephyr/libzephyr.a(onoff.c.obj)
 .text.z_cbvprintf_impl
                0x00000000000019f8      0x444 zephyr/libzephyr.a(cbprintf_nano.c.obj)
                0x00000000000019f8                z_cbvprintf_impl
 .text.rtc_pretick_init
                0x0000000000001e3c       0x60 zephyr/libzephyr.a(soc.c.obj)
 .text.nrf_gpio_pin_control_select.constprop.0
                0x0000000000001e9c       0x1c zephyr/libzephyr.a(soc.c.obj)
 .text.nordicsemi_nrf53_init
                0x0000000000001eb8       0x38 zephyr/libzephyr.a(soc.c.obj)
 .text.z_arm_on_enter_cpu_idle
                0x0000000000001ef0       0x64 zephyr/libzephyr.a(soc.c.obj)
                0x0000000000001ef0                z_arm_on_enter_cpu_idle
 .text.arch_busy_wait
                0x0000000000001f54       0x24 zephyr/libzephyr.a(soc.c.obj)
                0x0000000000001f54                arch_busy_wait
 .text.z_arm_platform_init
                0x0000000000001f78        0x4 zephyr/libzephyr.a(soc_nrf_common.S.obj)
                0x0000000000001f78                z_arm_platform_init
 .text.flash_area_open
                0x0000000000001f7c       0x50 zephyr/libzephyr.a(flash_map.c.obj)
                0x0000000000001f7c                flash_area_open
 .text.flash_area_get_sectors
                0x0000000000001fcc       0x60 zephyr/libzephyr.a(flash_map_layout.c.obj)
                0x0000000000001fcc                flash_area_get_sectors
 .text.class_handler
                0x000000000000202c       0x40 zephyr/libzephyr.a(usb_device.c.obj)
 .text.custom_handler
                0x000000000000206c       0x60 zephyr/libzephyr.a(usb_device.c.obj)
 .text.vendor_handler
                0x00000000000020cc       0x3c zephyr/libzephyr.a(usb_device.c.obj)
 .text.disable_endpoint
                0x0000000000002108       0x2c zephyr/libzephyr.a(usb_device.c.obj)
 .text.usb_reset_alt_setting
                0x0000000000002134       0x10 zephyr/libzephyr.a(usb_device.c.obj)
 .text.is_ep_valid.part.0
                0x0000000000002144       0x38 zephyr/libzephyr.a(usb_device.c.obj)
 .text.usb_handle_request.constprop.0
                0x000000000000217c       0x2c zephyr/libzephyr.a(usb_device.c.obj)
 .text.forward_status_cb
                0x00000000000021a8       0xac zephyr/libzephyr.a(usb_device.c.obj)
 .text.usb_halt_endpoint_req.isra.0
                0x0000000000002254       0x50 zephyr/libzephyr.a(usb_device.c.obj)
 .text.set_endpoint
                0x00000000000022a4       0x84 zephyr/libzephyr.a(usb_device.c.obj)
 .text.usb_handle_standard_request
                0x0000000000002328      0x29c zephyr/libzephyr.a(usb_device.c.obj)
 .text.usb_disable
                0x00000000000025c4       0x60 zephyr/libzephyr.a(usb_device.c.obj)
                0x00000000000025c4                usb_disable
 .text.usb_data_to_host
                0x0000000000002624       0x60 zephyr/libzephyr.a(usb_device.c.obj)
 .text.usb_handle_control_transfer
                0x0000000000002684       0xdc zephyr/libzephyr.a(usb_device.c.obj)
 .text.usb_set_config
                0x0000000000002760       0x2c zephyr/libzephyr.a(usb_device.c.obj)
                0x0000000000002760                usb_set_config
 .text.usb_device_init
                0x000000000000278c       0x28 zephyr/libzephyr.a(usb_device.c.obj)
 .text.usb_enable
                0x00000000000027b4      0x124 zephyr/libzephyr.a(usb_device.c.obj)
                0x00000000000027b4                usb_enable
 .text.usb_update_sn_string_descriptor
                0x00000000000028d8       0x88 zephyr/libzephyr.a(usb_descriptor.c.obj)
                0x00000000000028d8                usb_update_sn_string_descriptor
 .text.usb_get_device_descriptor
                0x0000000000002960      0x1d8 zephyr/libzephyr.a(usb_descriptor.c.obj)
                0x0000000000002960                usb_get_device_descriptor
 .text.usb_ep_get_transfer
                0x0000000000002b38       0x2c zephyr/libzephyr.a(usb_transfer.c.obj)
 .text.usb_transfer_work
                0x0000000000002b64      0x100 zephyr/libzephyr.a(usb_transfer.c.obj)
 .text.usb_transfer_ep_callback
                0x0000000000002c64       0x5c zephyr/libzephyr.a(usb_transfer.c.obj)
                0x0000000000002c64                usb_transfer_ep_callback
 .text.usb_transfer
                0x0000000000002cc0       0xe4 zephyr/libzephyr.a(usb_transfer.c.obj)
                0x0000000000002cc0                usb_transfer
 .text.usb_cancel_transfer
                0x0000000000002da4       0x3c zephyr/libzephyr.a(usb_transfer.c.obj)
                0x0000000000002da4                usb_cancel_transfer
 .text.usb_cancel_transfers
                0x0000000000002de0       0x48 zephyr/libzephyr.a(usb_transfer.c.obj)
                0x0000000000002de0                usb_cancel_transfers
 .text.usb_transfer_init
                0x0000000000002e28       0x34 zephyr/libzephyr.a(usb_transfer.c.obj)
                0x0000000000002e28                usb_transfer_init
 .text.cdc_acm_class_handle_req
                0x0000000000002e5c       0x58 zephyr/libzephyr.a(cdc_acm.c.obj)
                0x0000000000002e5c                cdc_acm_class_handle_req
 .text.cdc_acm_int_in
                0x0000000000002eb4       0x18 zephyr/libzephyr.a(cdc_acm.c.obj)
 .text.cdc_acm_irq_rx_enable
                0x0000000000002ecc       0x20 zephyr/libzephyr.a(cdc_acm.c.obj)
 .text.cdc_acm_irq_tx_enable
                0x0000000000002eec       0x20 zephyr/libzephyr.a(cdc_acm.c.obj)
 .text.cdc_acm_write_cb
                0x0000000000002f0c       0x54 zephyr/libzephyr.a(cdc_acm.c.obj)
 .text.cdc_acm_fifo_fill
                0x0000000000002f60       0x38 zephyr/libzephyr.a(cdc_acm.c.obj)
 .text.cdc_acm_reset_port
                0x0000000000002f98       0x3c zephyr/libzephyr.a(cdc_acm.c.obj)
 .text.tx_work_handler
                0x0000000000002fd4       0x64 zephyr/libzephyr.a(cdc_acm.c.obj)
 .text.cdc_acm_init
                0x0000000000003038       0x48 zephyr/libzephyr.a(cdc_acm.c.obj)
 .text.cdc_acm_send_notification.isra.0
                0x0000000000003080       0x44 zephyr/libzephyr.a(cdc_acm.c.obj)
 .text.cdc_acm_poll_out
                0x00000000000030c4       0x4c zephyr/libzephyr.a(cdc_acm.c.obj)
 .text.cdc_acm_read_cb
                0x0000000000003110       0x74 zephyr/libzephyr.a(cdc_acm.c.obj)
 .text.cdc_acm_dev_status_cb
                0x0000000000003184       0x84 zephyr/libzephyr.a(cdc_acm.c.obj)
 .text.z_usb_work_q_init
                0x0000000000003208       0x34 zephyr/libzephyr.a(usb_work_q.c.obj)
 .text.nrf_cc3xx_platform_abort_init
                0x000000000000323c        0xc zephyr/libzephyr.a(nrf_cc3xx_platform_abort_zephyr.c.obj)
                0x000000000000323c                nrf_cc3xx_platform_abort_init
 .text.mutex_free_platform
                0x0000000000003248       0x54 zephyr/libzephyr.a(nrf_cc3xx_platform_mutex_zephyr.c.obj)
 .text.mutex_lock_platform
                0x000000000000329c       0x74 zephyr/libzephyr.a(nrf_cc3xx_platform_mutex_zephyr.c.obj)
 .text.mutex_unlock_platform
                0x0000000000003310       0x68 zephyr/libzephyr.a(nrf_cc3xx_platform_mutex_zephyr.c.obj)
 .text.mutex_init_platform
                0x0000000000003378       0x94 zephyr/libzephyr.a(nrf_cc3xx_platform_mutex_zephyr.c.obj)
 .text.nrf_cc3xx_platform_mutex_init
                0x000000000000340c       0x2c zephyr/libzephyr.a(nrf_cc3xx_platform_mutex_zephyr.c.obj)
                0x000000000000340c                nrf_cc3xx_platform_mutex_init
 .text.boot_uart_fifo_callback
                0x0000000000003438       0xa0 zephyr/libzephyr.a(serial_adapter.c.obj)
 .text.console_out
                0x00000000000034d8       0x18 zephyr/libzephyr.a(serial_adapter.c.obj)
                0x00000000000034d8                console_out
 .text.console_read
                0x00000000000034f0       0x94 zephyr/libzephyr.a(serial_adapter.c.obj)
                0x00000000000034f0                console_read
 .text.boot_console_init
                0x0000000000003584       0xb0 zephyr/libzephyr.a(serial_adapter.c.obj)
                0x0000000000003584                boot_console_init
 .text.boot_serial_output
                0x0000000000003634      0x140 zephyr/libzephyr.a(boot_serial.c.obj)
 .text.boot_serial_in_dec.constprop.0
                0x0000000000003774       0x68 zephyr/libzephyr.a(boot_serial.c.obj)
 .text.zcbor_tstr_encode_ptr.constprop.0.isra.0
                0x00000000000037dc       0x18 zephyr/libzephyr.a(boot_serial.c.obj)
 .text.bs_upload
                0x00000000000037f4      0x2a4 zephyr/libzephyr.a(boot_serial.c.obj)
 .text.bs_rc_rsp
                0x0000000000003a98       0x38 zephyr/libzephyr.a(boot_serial.c.obj)
 .text.reset_cbor_state
                0x0000000000003ad0       0x24 zephyr/libzephyr.a(boot_serial.c.obj)
                0x0000000000003ad0                reset_cbor_state
 .text.boot_serial_input
                0x0000000000003af4      0x2bc zephyr/libzephyr.a(boot_serial.c.obj)
                0x0000000000003af4                boot_serial_input
 .text.boot_serial_start
                0x0000000000003db0       0xe4 zephyr/libzephyr.a(boot_serial.c.obj)
                0x0000000000003db0                boot_serial_start
 .text.z_SysNmiOnReset
                0x0000000000003e94        0x8 zephyr/arch/arch/arm/core/libarch__arm__core.a(nmi_on_reset.S.obj)
                0x0000000000003e94                z_SysNmiOnReset
 .text._HandlerModeExit
                0x0000000000003e9c       0x1c zephyr/arch/arch/arm/core/cortex_m/libarch__arm__core__cortex_m.a(exc_exit.S.obj)
                0x0000000000003e9c                z_arm_int_exit
                0x0000000000003e9c                z_arm_exc_exit
 .text.usage_fault.constprop.0
                0x0000000000003eb8       0x5c zephyr/arch/arch/arm/core/cortex_m/libarch__arm__core__cortex_m.a(fault.c.obj)
 .text.bus_fault.constprop.0
                0x0000000000003f14       0x68 zephyr/arch/arch/arm/core/cortex_m/libarch__arm__core__cortex_m.a(fault.c.obj)
 .text.mem_manage_fault.constprop.0
                0x0000000000003f7c       0x78 zephyr/arch/arch/arm/core/cortex_m/libarch__arm__core__cortex_m.a(fault.c.obj)
 .text.z_arm_fault
                0x0000000000003ff4      0x118 zephyr/arch/arch/arm/core/cortex_m/libarch__arm__core__cortex_m.a(fault.c.obj)
                0x0000000000003ff4                z_arm_fault
 .text.z_arm_fault_init
                0x000000000000410c       0x18 zephyr/arch/arch/arm/core/cortex_m/libarch__arm__core__cortex_m.a(fault.c.obj)
                0x000000000000410c                z_arm_fault_init
 .text.__fault  0x0000000000004124       0x14 zephyr/arch/arch/arm/core/cortex_m/libarch__arm__core__cortex_m.a(fault_s.S.obj)
                0x0000000000004124                z_arm_usage_fault
                0x0000000000004124                z_arm_mpu_fault
                0x0000000000004124                z_arm_exc_spurious
                0x0000000000004124                z_arm_debug_monitor
                0x0000000000004124                z_arm_hard_fault
                0x0000000000004124                z_arm_bus_fault
 .text._reset_section
                0x0000000000004138       0x60 zephyr/arch/arch/arm/core/cortex_m/libarch__arm__core__cortex_m.a(reset.S.obj)
                0x0000000000004138                __start
                0x0000000000004138                z_arm_reset
 .text.sys_arch_reboot
                0x0000000000004198       0x24 zephyr/arch/arch/arm/core/cortex_m/libarch__arm__core__cortex_m.a(scb.c.obj)
                0x0000000000004198                sys_arch_reboot
 .text.z_arm_init_arch_hw_at_boot
                0x00000000000041bc       0x44 zephyr/arch/arch/arm/core/cortex_m/libarch__arm__core__cortex_m.a(scb.c.obj)
                0x00000000000041bc                z_arm_init_arch_hw_at_boot
 .text.z_impl_k_thread_abort
                0x0000000000004200       0x2c zephyr/arch/arch/arm/core/cortex_m/libarch__arm__core__cortex_m.a(thread_abort.c.obj)
                0x0000000000004200                z_impl_k_thread_abort
 .text.arch_swap
                0x000000000000422c       0x30 zephyr/arch/arch/arm/core/cortex_m/libarch__arm__core__cortex_m.a(swap.c.obj)
                0x000000000000422c                arch_swap
 .text.z_arm_pendsv
                0x000000000000425c       0x58 zephyr/arch/arch/arm/core/cortex_m/libarch__arm__core__cortex_m.a(swap_helper.S.obj)
                0x000000000000425c                z_arm_pendsv
 .text.z_arm_svc
                0x00000000000042b4       0x20 zephyr/arch/arch/arm/core/cortex_m/libarch__arm__core__cortex_m.a(swap_helper.S.obj)
                0x00000000000042b4                z_arm_svc
 .text.arch_irq_enable
                0x00000000000042d4       0x1c zephyr/arch/arch/arm/core/cortex_m/libarch__arm__core__cortex_m.a(irq_manage.c.obj)
                0x00000000000042d4                arch_irq_enable
 .text.arch_irq_disable
                0x00000000000042f0       0x28 zephyr/arch/arch/arm/core/cortex_m/libarch__arm__core__cortex_m.a(irq_manage.c.obj)
                0x00000000000042f0                arch_irq_disable
 .text.arch_irq_is_enabled
                0x0000000000004318       0x1c zephyr/arch/arch/arm/core/cortex_m/libarch__arm__core__cortex_m.a(irq_manage.c.obj)
                0x0000000000004318                arch_irq_is_enabled
 .text.z_arm_irq_priority_set
                0x0000000000004334       0x2c zephyr/arch/arch/arm/core/cortex_m/libarch__arm__core__cortex_m.a(irq_manage.c.obj)
                0x0000000000004334                z_arm_irq_priority_set
 .text.z_arm_prep_c
                0x0000000000004360       0x38 zephyr/arch/arch/arm/core/cortex_m/libarch__arm__core__cortex_m.a(prep_c.c.obj)
                0x0000000000004360                z_arm_prep_c
 .text.arch_new_thread
                0x0000000000004398       0x38 zephyr/arch/arch/arm/core/cortex_m/libarch__arm__core__cortex_m.a(thread.c.obj)
                0x0000000000004398                arch_new_thread
 .text.arch_switch_to_main_thread
                0x00000000000043d0       0x28 zephyr/arch/arch/arm/core/cortex_m/libarch__arm__core__cortex_m.a(thread.c.obj)
                0x00000000000043d0                arch_switch_to_main_thread
 .text.z_arm_cpu_idle_init
                0x00000000000043f8        0xc zephyr/arch/arch/arm/core/cortex_m/libarch__arm__core__cortex_m.a(cpu_idle.S.obj)
                0x00000000000043f8                z_arm_cpu_idle_init
 .text.arch_cpu_idle
                0x0000000000004404       0x28 zephyr/arch/arch/arm/core/cortex_m/libarch__arm__core__cortex_m.a(cpu_idle.S.obj)
                0x0000000000004404                arch_cpu_idle
 .text.arch_cpu_atomic_idle
                0x000000000000442c       0x24 zephyr/arch/arch/arm/core/cortex_m/libarch__arm__core__cortex_m.a(cpu_idle.S.obj)
                0x000000000000442c                arch_cpu_atomic_idle
 .text.z_arm_interrupt_init
                0x0000000000004450       0x18 zephyr/arch/arch/arm/core/cortex_m/libarch__arm__core__cortex_m.a(irq_init.c.obj)
                0x0000000000004450                z_arm_interrupt_init
 .text._isr_wrapper
                0x0000000000004468       0x28 zephyr/arch/arch/arm/core/cortex_m/libarch__arm__core__cortex_m.a(isr_wrapper.S.obj)
                0x0000000000004468                _isr_wrapper
 .text.snprintf
                0x0000000000004490       0x34 zephyr/lib/libc/minimal/liblib__libc__minimal.a(sprintf.c.obj)
                0x0000000000004490                snprintf
 .text.usbd_evt_put
                0x00000000000044c4        0xc zephyr/drivers/usb/device/libdrivers__usb__device.a(usb_dc_nrfx.c.obj)
 .text.usbd_work_schedule
                0x00000000000044d0       0x10 zephyr/drivers/usb/device/libdrivers__usb__device.a(usb_dc_nrfx.c.obj)
 .text.endpoint_ctx
                0x00000000000044e0       0x60 zephyr/drivers/usb/device/libdrivers__usb__device.a(usb_dc_nrfx.c.obj)
 .text.usbd_evt_get
                0x0000000000004540       0x10 zephyr/drivers/usb/device/libdrivers__usb__device.a(usb_dc_nrfx.c.obj)
 .text.usb_init
                0x0000000000004550       0x80 zephyr/drivers/usb/device/libdrivers__usb__device.a(usb_dc_nrfx.c.obj)
 .text.hfxo_stop.constprop.0.isra.0
                0x00000000000045d0       0x38 zephyr/drivers/usb/device/libdrivers__usb__device.a(usb_dc_nrfx.c.obj)
 .text.eps_ctx_init
                0x0000000000004608       0x68 zephyr/drivers/usb/device/libdrivers__usb__device.a(usb_dc_nrfx.c.obj)
 .text.usbd_evt_flush
                0x0000000000004670       0x1c zephyr/drivers/usb/device/libdrivers__usb__device.a(usb_dc_nrfx.c.obj)
 .text.usbd_evt_alloc
                0x000000000000468c       0x44 zephyr/drivers/usb/device/libdrivers__usb__device.a(usb_dc_nrfx.c.obj)
 .text.submit_dc_power_event
                0x00000000000046d0       0x2c zephyr/drivers/usb/device/libdrivers__usb__device.a(usb_dc_nrfx.c.obj)
 .text.usb_dc_power_event_handler
                0x00000000000046fc       0x38 zephyr/drivers/usb/device/libdrivers__usb__device.a(usb_dc_nrfx.c.obj)
 .text.usbd_event_transfer_data
                0x0000000000004734       0xa8 zephyr/drivers/usb/device/libdrivers__usb__device.a(usb_dc_nrfx.c.obj)
 .text.usbd_event_handler
                0x00000000000047dc      0x11c zephyr/drivers/usb/device/libdrivers__usb__device.a(usb_dc_nrfx.c.obj)
 .text.usbd_work_handler
                0x00000000000048f8      0x2dc zephyr/drivers/usb/device/libdrivers__usb__device.a(usb_dc_nrfx.c.obj)
 .text.usb_dc_attach
                0x0000000000004bd4       0x64 zephyr/drivers/usb/device/libdrivers__usb__device.a(usb_dc_nrfx.c.obj)
                0x0000000000004bd4                usb_dc_attach
 .text.usb_dc_detach
                0x0000000000004c38       0x40 zephyr/drivers/usb/device/libdrivers__usb__device.a(usb_dc_nrfx.c.obj)
                0x0000000000004c38                usb_dc_detach
 .text.usb_dc_set_address
                0x0000000000004c78       0x24 zephyr/drivers/usb/device/libdrivers__usb__device.a(usb_dc_nrfx.c.obj)
                0x0000000000004c78                usb_dc_set_address
 .text.usb_dc_ep_configure
                0x0000000000004c9c       0x48 zephyr/drivers/usb/device/libdrivers__usb__device.a(usb_dc_nrfx.c.obj)
                0x0000000000004c9c                usb_dc_ep_configure
 .text.usb_dc_ep_set_stall
                0x0000000000004ce4       0x50 zephyr/drivers/usb/device/libdrivers__usb__device.a(usb_dc_nrfx.c.obj)
                0x0000000000004ce4                usb_dc_ep_set_stall
 .text.usb_dc_ep_clear_stall
                0x0000000000004d34       0x40 zephyr/drivers/usb/device/libdrivers__usb__device.a(usb_dc_nrfx.c.obj)
                0x0000000000004d34                usb_dc_ep_clear_stall
 .text.usb_dc_ep_is_stalled
                0x0000000000004d74       0x38 zephyr/drivers/usb/device/libdrivers__usb__device.a(usb_dc_nrfx.c.obj)
                0x0000000000004d74                usb_dc_ep_is_stalled
 .text.usb_dc_ep_enable
                0x0000000000004dac       0x54 zephyr/drivers/usb/device/libdrivers__usb__device.a(usb_dc_nrfx.c.obj)
                0x0000000000004dac                usb_dc_ep_enable
 .text.usb_dc_ep_write
                0x0000000000004e00       0xf8 zephyr/drivers/usb/device/libdrivers__usb__device.a(usb_dc_nrfx.c.obj)
                0x0000000000004e00                usb_dc_ep_write
 .text.usb_dc_ep_read_wait
                0x0000000000004ef8       0x90 zephyr/drivers/usb/device/libdrivers__usb__device.a(usb_dc_nrfx.c.obj)
                0x0000000000004ef8                usb_dc_ep_read_wait
 .text.usb_dc_ep_read_continue
                0x0000000000004f88       0x84 zephyr/drivers/usb/device/libdrivers__usb__device.a(usb_dc_nrfx.c.obj)
                0x0000000000004f88                usb_dc_ep_read_continue
 .text.usb_dc_ep_set_callback
                0x000000000000500c       0x28 zephyr/drivers/usb/device/libdrivers__usb__device.a(usb_dc_nrfx.c.obj)
                0x000000000000500c                usb_dc_ep_set_callback
 .text.usb_dc_set_status_callback
                0x0000000000005034        0xc zephyr/drivers/usb/device/libdrivers__usb__device.a(usb_dc_nrfx.c.obj)
                0x0000000000005034                usb_dc_set_status_callback
 .text.usb_dc_ep_mps
                0x0000000000005040       0x24 zephyr/drivers/usb/device/libdrivers__usb__device.a(usb_dc_nrfx.c.obj)
                0x0000000000005040                usb_dc_ep_mps
 .text.ep_state_access
                0x0000000000005064       0x20 zephyr/drivers/usb/common/nrf_usbd_common/libdrivers__usb__common__nrf_usbd_common.a(nrf_usbd_common.c.obj)
 .text.nrf_usbd_common_uninit
                0x0000000000005084       0x14 zephyr/drivers/usb/common/nrf_usbd_common/libdrivers__usb__common__nrf_usbd_common.a(nrf_usbd_common.c.obj)
                0x0000000000005084                nrf_usbd_common_uninit
 .text.nrf_usbd_common_enable
                0x0000000000005098       0x64 zephyr/drivers/usb/common/nrf_usbd_common/libdrivers__usb__common__nrf_usbd_common.a(nrf_usbd_common.c.obj)
                0x0000000000005098                nrf_usbd_common_enable
 .text.nrf_usbd_common_start
                0x00000000000050fc       0x38 zephyr/drivers/usb/common/nrf_usbd_common/libdrivers__usb__common__nrf_usbd_common.a(nrf_usbd_common.c.obj)
                0x00000000000050fc                nrf_usbd_common_start
 .text.nrf_usbd_common_is_enabled
                0x0000000000005134       0x14 zephyr/drivers/usb/common/nrf_usbd_common/libdrivers__usb__common__nrf_usbd_common.a(nrf_usbd_common.c.obj)
                0x0000000000005134                nrf_usbd_common_is_enabled
 .text.nrf_usbd_common_suspend
                0x0000000000005148       0x54 zephyr/drivers/usb/common/nrf_usbd_common/libdrivers__usb__common__nrf_usbd_common.a(nrf_usbd_common.c.obj)
                0x0000000000005148                nrf_usbd_common_suspend
 .text.nrf_usbd_common_init
                0x000000000000519c       0x84 zephyr/drivers/usb/common/nrf_usbd_common/libdrivers__usb__common__nrf_usbd_common.a(nrf_usbd_common.c.obj)
                0x000000000000519c                nrf_usbd_common_init
 .text.nrf_usbd_common_ep_enable_check
                0x0000000000005220       0x28 zephyr/drivers/usb/common/nrf_usbd_common/libdrivers__usb__common__nrf_usbd_common.a(nrf_usbd_common.c.obj)
                0x0000000000005220                nrf_usbd_common_ep_enable_check
 .text.nrf_usbd_common_ep_transfer
                0x0000000000005248       0x9c zephyr/drivers/usb/common/nrf_usbd_common/libdrivers__usb__common__nrf_usbd_common.a(nrf_usbd_common.c.obj)
                0x0000000000005248                nrf_usbd_common_ep_transfer
 .text.nrf_usbd_common_epout_size_get
                0x00000000000052e4       0x28 zephyr/drivers/usb/common/nrf_usbd_common/libdrivers__usb__common__nrf_usbd_common.a(nrf_usbd_common.c.obj)
                0x00000000000052e4                nrf_usbd_common_epout_size_get
 .text.nrf_usbd_common_irq_handler
                0x000000000000530c      0x480 zephyr/drivers/usb/common/nrf_usbd_common/libdrivers__usb__common__nrf_usbd_common.a(nrf_usbd_common.c.obj)
                0x000000000000530c                nrf_usbd_common_irq_handler
 .text.nrf_usbd_common_ep_stall
                0x000000000000578c       0x10 zephyr/drivers/usb/common/nrf_usbd_common/libdrivers__usb__common__nrf_usbd_common.a(nrf_usbd_common.c.obj)
                0x000000000000578c                nrf_usbd_common_ep_stall
 .text.nrf_usbd_common_ep_stall_check
                0x000000000000579c       0x34 zephyr/drivers/usb/common/nrf_usbd_common/libdrivers__usb__common__nrf_usbd_common.a(nrf_usbd_common.c.obj)
                0x000000000000579c                nrf_usbd_common_ep_stall_check
 .text.nrf_usbd_common_ep_dtoggle_clear
                0x00000000000057d0       0x14 zephyr/drivers/usb/common/nrf_usbd_common/libdrivers__usb__common__nrf_usbd_common.a(nrf_usbd_common.c.obj)
                0x00000000000057d0                nrf_usbd_common_ep_dtoggle_clear
 .text.nrf_usbd_common_setup_get
                0x00000000000057e4       0x4c zephyr/drivers/usb/common/nrf_usbd_common/libdrivers__usb__common__nrf_usbd_common.a(nrf_usbd_common.c.obj)
                0x00000000000057e4                nrf_usbd_common_setup_get
 .text.nrf_usbd_common_setup_data_clear
                0x0000000000005830        0xc zephyr/drivers/usb/common/nrf_usbd_common/libdrivers__usb__common__nrf_usbd_common.a(nrf_usbd_common.c.obj)
                0x0000000000005830                nrf_usbd_common_setup_data_clear
 .text.nrf_usbd_common_setup_clear
                0x000000000000583c        0xc zephyr/drivers/usb/common/nrf_usbd_common/libdrivers__usb__common__nrf_usbd_common.a(nrf_usbd_common.c.obj)
                0x000000000000583c                nrf_usbd_common_setup_clear
 .text.nrf_usbd_common_setup_stall
                0x0000000000005848        0xc zephyr/drivers/usb/common/nrf_usbd_common/libdrivers__usb__common__nrf_usbd_common.a(nrf_usbd_common.c.obj)
                0x0000000000005848                nrf_usbd_common_setup_stall
 .text.nrf_usbd_common_last_setup_dir_get
                0x0000000000005854        0xc zephyr/drivers/usb/common/nrf_usbd_common/libdrivers__usb__common__nrf_usbd_common.a(nrf_usbd_common.c.obj)
                0x0000000000005854                nrf_usbd_common_last_setup_dir_get
 .text.nrf_usbd_common_transfer_out_drop
                0x0000000000005860       0x50 zephyr/drivers/usb/common/nrf_usbd_common/libdrivers__usb__common__nrf_usbd_common.a(nrf_usbd_common.c.obj)
                0x0000000000005860                nrf_usbd_common_transfer_out_drop
 .text.usbd_ep_abort
                0x00000000000058b0       0xf4 zephyr/drivers/usb/common/nrf_usbd_common/libdrivers__usb__common__nrf_usbd_common.a(nrf_usbd_common.c.obj)
 .text.nrf_usbd_common_ep_abort
                0x00000000000059a4       0x34 zephyr/drivers/usb/common/nrf_usbd_common/libdrivers__usb__common__nrf_usbd_common.a(nrf_usbd_common.c.obj)
                0x00000000000059a4                nrf_usbd_common_ep_abort
 .text.nrf_usbd_common_disable
                0x00000000000059d8       0xd0 zephyr/drivers/usb/common/nrf_usbd_common/libdrivers__usb__common__nrf_usbd_common.a(nrf_usbd_common.c.obj)
                0x00000000000059d8                nrf_usbd_common_disable
 .text.nrf_usbd_common_ep_disable
                0x0000000000005aa8       0x60 zephyr/drivers/usb/common/nrf_usbd_common/libdrivers__usb__common__nrf_usbd_common.a(nrf_usbd_common.c.obj)
                0x0000000000005aa8                nrf_usbd_common_ep_disable
 .text.nrf_usbd_common_ep_enable
                0x0000000000005b08       0x74 zephyr/drivers/usb/common/nrf_usbd_common/libdrivers__usb__common__nrf_usbd_common.a(nrf_usbd_common.c.obj)
                0x0000000000005b08                nrf_usbd_common_ep_enable
 .text.nrf_usbd_common_ep_stall_clear
                0x0000000000005b7c       0x20 zephyr/drivers/usb/common/nrf_usbd_common/libdrivers__usb__common__nrf_usbd_common.a(nrf_usbd_common.c.obj)
                0x0000000000005b7c                nrf_usbd_common_ep_stall_clear
 .text.onoff_stop
                0x0000000000005b9c       0x30 zephyr/drivers/clock_control/libdrivers__clock_control.a(clock_control_nrf.c.obj)
 .text.onoff_start
                0x0000000000005bcc       0x44 zephyr/drivers/clock_control/libdrivers__clock_control.a(clock_control_nrf.c.obj)
 .text.clk_init
                0x0000000000005c10       0x64 zephyr/drivers/clock_control/libdrivers__clock_control.a(clock_control_nrf.c.obj)
 .text.clkstarted_handle.constprop.0
                0x0000000000005c74       0x34 zephyr/drivers/clock_control/libdrivers__clock_control.a(clock_control_nrf.c.obj)
 .text.clock_event_handler
                0x0000000000005ca8       0x30 zephyr/drivers/clock_control/libdrivers__clock_control.a(clock_control_nrf.c.obj)
 .text.generic_hfclk_start
                0x0000000000005cd8       0x64 zephyr/drivers/clock_control/libdrivers__clock_control.a(clock_control_nrf.c.obj)
 .text.api_blocking_start
                0x0000000000005d3c       0x34 zephyr/drivers/clock_control/libdrivers__clock_control.a(clock_control_nrf.c.obj)
 .text.generic_hfclk_stop
                0x0000000000005d70       0x34 zephyr/drivers/clock_control/libdrivers__clock_control.a(clock_control_nrf.c.obj)
 .text.z_nrf_clock_control_get_onoff
                0x0000000000005da4       0x10 zephyr/drivers/clock_control/libdrivers__clock_control.a(clock_control_nrf.c.obj)
                0x0000000000005da4                z_nrf_clock_control_get_onoff
 .text.z_nrf_clock_control_lf_on
                0x0000000000005db4       0xfc zephyr/drivers/clock_control/libdrivers__clock_control.a(clock_control_nrf.c.obj)
                0x0000000000005db4                z_nrf_clock_control_lf_on
 .text.qspi_get_zephyr_ret_code
                0x0000000000005eb0       0x1c zephyr/drivers/flash/libdrivers__flash.a(nrf_qspi_nor.c.obj)
 .text.qspi_nor_pages_layout
                0x0000000000005ecc       0x10 zephyr/drivers/flash/libdrivers__flash.a(nrf_qspi_nor.c.obj)
 .text.qspi_flash_get_parameters
                0x0000000000005edc        0x8 zephyr/drivers/flash/libdrivers__flash.a(nrf_qspi_nor.c.obj)
 .text.nrf_qspi_pins_set.constprop.0
                0x0000000000005ee4       0x5c zephyr/drivers/flash/libdrivers__flash.a(nrf_qspi_nor.c.obj)
 .text.qspi_nor_init
                0x0000000000005f40      0x1b4 zephyr/drivers/flash/libdrivers__flash.a(nrf_qspi_nor.c.obj)
 .text.qspi_wait_for_completion.isra.0
                0x00000000000060f4       0x1c zephyr/drivers/flash/libdrivers__flash.a(nrf_qspi_nor.c.obj)
 .text.qspi_nor_erase
                0x0000000000006110       0xd8 zephyr/drivers/flash/libdrivers__flash.a(nrf_qspi_nor.c.obj)
 .text.qspi_nor_write
                0x00000000000061e8      0x10c zephyr/drivers/flash/libdrivers__flash.a(nrf_qspi_nor.c.obj)
 .text.qspi_nor_read
                0x00000000000062f4      0x13c zephyr/drivers/flash/libdrivers__flash.a(nrf_qspi_nor.c.obj)
 .text.flash_sim_page_layout
                0x0000000000006430       0x10 zephyr/drivers/flash/libdrivers__flash.a(flash_simulator.c.obj)
 .text.flash_sim_get_parameters
                0x0000000000006440        0x8 zephyr/drivers/flash/libdrivers__flash.a(flash_simulator.c.obj)
 .text.flash_sim_write
                0x0000000000006448       0x78 zephyr/drivers/flash/libdrivers__flash.a(flash_simulator.c.obj)
 .text.flash_sim_read
                0x00000000000064c0       0x28 zephyr/drivers/flash/libdrivers__flash.a(flash_simulator.c.obj)
 .text.flash_sim_erase
                0x00000000000064e8       0x4c zephyr/drivers/flash/libdrivers__flash.a(flash_simulator.c.obj)
 .text.flash_init
                0x0000000000006534       0x18 zephyr/drivers/flash/libdrivers__flash.a(flash_simulator.c.obj)
 .text.z_impl_flash_simulator_get_memory
                0x000000000000654c       0x10 zephyr/drivers/flash/libdrivers__flash.a(flash_simulator.c.obj)
                0x000000000000654c                z_impl_flash_simulator_get_memory
 .text.flash_nrf_pages_layout
                0x000000000000655c       0x10 zephyr/drivers/flash/libdrivers__flash.a(soc_flash_nrf.c.obj)
 .text.flash_nrf_get_parameters
                0x000000000000656c        0x8 zephyr/drivers/flash/libdrivers__flash.a(soc_flash_nrf.c.obj)
 .text.nrf_flash_init
                0x0000000000006574       0x28 zephyr/drivers/flash/libdrivers__flash.a(soc_flash_nrf.c.obj)
 .text.flash_nrf_erase
                0x000000000000659c       0x64 zephyr/drivers/flash/libdrivers__flash.a(soc_flash_nrf.c.obj)
 .text.flash_nrf_write
                0x0000000000006600       0x98 zephyr/drivers/flash/libdrivers__flash.a(soc_flash_nrf.c.obj)
 .text.gpio_nrfx_init
                0x0000000000006698       0x20 zephyr/drivers/gpio/libdrivers__gpio.a(gpio_nrfx.c.obj)
 .text.gpio_nrfx_pin_configure
                0x00000000000066b8       0xdc zephyr/drivers/gpio/libdrivers__gpio.a(gpio_nrfx.c.obj)
 .text.nrf_gpio_pin_port_decode
                0x0000000000006794       0x24 zephyr/drivers/pinctrl/libdrivers__pinctrl.a(pinctrl_nrf.c.obj)
 .text.pinctrl_configure_pins
                0x00000000000067b8      0x178 zephyr/drivers/pinctrl/libdrivers__pinctrl.a(pinctrl_nrf.c.obj)
                0x00000000000067b8                pinctrl_configure_pins
 .text.regulator_delay
                0x0000000000006930       0x2c zephyr/drivers/regulator/libdrivers__regulator.a(regulator_common.c.obj)
 .text.compare_int_lock
                0x000000000000695c       0x40 zephyr/drivers/timer/libdrivers__timer.a(nrf_rtc_timer.c.obj)
 .text.sys_clock_timeout_handler
                0x000000000000699c       0x48 zephyr/drivers/timer/libdrivers__timer.a(nrf_rtc_timer.c.obj)
 .text.compare_int_unlock
                0x00000000000069e4       0x4c zephyr/drivers/timer/libdrivers__timer.a(nrf_rtc_timer.c.obj)
 .text.z_nrf_rtc_timer_read
                0x0000000000006a30       0x44 zephyr/drivers/timer/libdrivers__timer.a(nrf_rtc_timer.c.obj)
                0x0000000000006a30                z_nrf_rtc_timer_read
 .text.compare_set
                0x0000000000006a74      0x124 zephyr/drivers/timer/libdrivers__timer.a(nrf_rtc_timer.c.obj)
 .text.sys_clock_driver_init
                0x0000000000006b98       0x90 zephyr/drivers/timer/libdrivers__timer.a(nrf_rtc_timer.c.obj)
 .text.rtc_nrf_isr
                0x0000000000006c28       0xd0 zephyr/drivers/timer/libdrivers__timer.a(nrf_rtc_timer.c.obj)
                0x0000000000006c28                rtc_nrf_isr
 .text.sys_clock_set_timeout
                0x0000000000006cf8       0x5c zephyr/drivers/timer/libdrivers__timer.a(nrf_rtc_timer.c.obj)
                0x0000000000006cf8                sys_clock_set_timeout
 .text.sys_clock_elapsed
                0x0000000000006d54       0x14 zephyr/drivers/timer/libdrivers__timer.a(nrf_rtc_timer.c.obj)
                0x0000000000006d54                sys_clock_elapsed
 .text.sys_clock_disable
                0x0000000000006d68       0x30 zephyr/drivers/timer/libdrivers__timer.a(nrf_rtc_timer.c.obj)
                0x0000000000006d68                sys_clock_disable
 .text.fprotect_area
                0x0000000000006d98       0x3c modules/nrf/lib/fprotect/lib..__nrf__lib__fprotect.a(fprotect_spu.c.obj)
                0x0000000000006d98                fprotect_area
 .text.pcd_fw_copy_status_get
                0x0000000000006dd4       0x38 modules/nrf/subsys/pcd/lib..__nrf__subsys__pcd.a(pcd.c.obj)
                0x0000000000006dd4                pcd_fw_copy_status_get
 .text.network_core_finished_check_handler
                0x0000000000006e0c       0x20 modules/nrf/subsys/pcd/lib..__nrf__subsys__pcd.a(pcd.c.obj)
 .text.network_core_pcd_cmdset.constprop.0
                0x0000000000006e2c       0xd8 modules/nrf/subsys/pcd/lib..__nrf__subsys__pcd.a(pcd.c.obj)
 .text.pcd_network_core_update_initiate
                0x0000000000006f04       0x3c modules/nrf/subsys/pcd/lib..__nrf__subsys__pcd.a(pcd.c.obj)
                0x0000000000006f04                pcd_network_core_update_initiate
 .text.pcd_network_core_update
                0x0000000000006f40       0x14 modules/nrf/subsys/pcd/lib..__nrf__subsys__pcd.a(pcd.c.obj)
                0x0000000000006f40                pcd_network_core_update
 .text.pcd_lock_ram
                0x0000000000006f54       0x10 modules/nrf/subsys/pcd/lib..__nrf__subsys__pcd.a(pcd.c.obj)
                0x0000000000006f54                pcd_lock_ram
 .text.boot_image_check_hook
                0x0000000000006f64       0x24 modules/nrf/modules/mcuboot/hooks/lib..__nrf__modules__mcuboot__hooks.a(nrf53_hooks.c.obj)
                0x0000000000006f64                boot_image_check_hook
 .text.network_core_update
                0x0000000000006f88       0x50 modules/nrf/modules/mcuboot/hooks/lib..__nrf__modules__mcuboot__hooks.a(nrf53_hooks.c.obj)
                0x0000000000006f88                network_core_update
 .text.boot_write_magic
                0x0000000000006fd8       0x40 modules/mcuboot/boot/bootutil/zephyr/libmcuboot_util.a(bootutil_public.c.obj)
                0x0000000000006fd8                boot_write_magic
 .text.boot_read_swap_state
                0x0000000000007018       0xac modules/mcuboot/boot/bootutil/zephyr/libmcuboot_util.a(bootutil_public.c.obj)
                0x0000000000007018                boot_read_swap_state
 .text.boot_swap_type_multi
                0x00000000000070c4       0xb0 modules/mcuboot/boot/bootutil/zephyr/libmcuboot_util.a(bootutil_public.c.obj)
                0x00000000000070c4                boot_swap_type_multi
 .text.mbedtls_calloc
                0x0000000000007174        0xc modules/mbedtls/libmbedTLSBase.a(platform.c.obj)
                0x0000000000007174                mbedtls_calloc
 .text.mbedtls_free
                0x0000000000007180        0xc modules/mbedtls/libmbedTLSBase.a(platform.c.obj)
                0x0000000000007180                mbedtls_free
 .text.mbedtls_platform_set_calloc_free
                0x000000000000718c       0x14 modules/mbedtls/libmbedTLSBase.a(platform.c.obj)
                0x000000000000718c                mbedtls_platform_set_calloc_free
 .text.mbedtls_hash_info_psa_from_md
                0x00000000000071a0       0x18 modules/mbedtls/libmbedTLSBase.a(hash_info.c.obj)
                0x00000000000071a0                mbedtls_hash_info_psa_from_md
 .text.verify_header
                0x00000000000071b8       0x40 modules/mbedtls/libmbedTLSBase.a(memory_buffer_alloc.c.obj)
 .text.verify_chain
                0x00000000000071f8       0x3c modules/mbedtls/libmbedTLSBase.a(memory_buffer_alloc.c.obj)
 .text.buffer_alloc_calloc
                0x0000000000007234      0x114 modules/mbedtls/libmbedTLSBase.a(memory_buffer_alloc.c.obj)
 .text.buffer_alloc_free
                0x0000000000007348      0x124 modules/mbedtls/libmbedTLSBase.a(memory_buffer_alloc.c.obj)
 .text.mbedtls_memory_buffer_alloc_init
                0x000000000000746c       0x68 modules/mbedtls/libmbedTLSBase.a(memory_buffer_alloc.c.obj)
                0x000000000000746c                mbedtls_memory_buffer_alloc_init
 .text.rsa_check_context.constprop.0
                0x00000000000074d4       0xb8 modules/mbedtls/libmbedTLSBase.a(rsa.c.obj)
 .text.mbedtls_rsa_set_padding
                0x000000000000758c       0x2c modules/mbedtls/libmbedTLSBase.a(rsa.c.obj)
                0x000000000000758c                mbedtls_rsa_set_padding
 .text.mbedtls_rsa_check_pubkey
                0x00000000000075b8       0x4c modules/mbedtls/libmbedTLSBase.a(rsa.c.obj)
                0x00000000000075b8                mbedtls_rsa_check_pubkey
 .text.mbedtls_rsa_public
                0x0000000000007604       0x90 modules/mbedtls/libmbedTLSBase.a(rsa.c.obj)
                0x0000000000007604                mbedtls_rsa_public
 .text.mbedtls_sha256_starts
                0x0000000000007694       0xcc modules/mbedtls/libmbedTLSBase.a(sha256.c.obj)
                0x0000000000007694                mbedtls_sha256_starts
 .text.mbedtls_internal_sha256_process
                0x0000000000007760      0x148 modules/mbedtls/libmbedTLSBase.a(sha256.c.obj)
                0x0000000000007760                mbedtls_internal_sha256_process
 .text.nrf53_errata_42
                0x00000000000078a8       0x24 modules/hal_nordic/nrfx/libmodules__hal_nordic__nrfx.a(system_nrf5340_application.c.obj)
 .text.SystemInit
                0x00000000000078cc      0x1c4 modules/hal_nordic/nrfx/libmodules__hal_nordic__nrfx.a(system_nrf5340_application.c.obj)
                0x00000000000078cc                SystemInit
 .text.nrfx_flag32_alloc
                0x0000000000007a90       0x40 modules/hal_nordic/nrfx/libmodules__hal_nordic__nrfx.a(nrfx_flag32_allocator.c.obj)
                0x0000000000007a90                nrfx_flag32_alloc
 .text.nrfx_flag32_free
                0x0000000000007ad0       0x38 modules/hal_nordic/nrfx/libmodules__hal_nordic__nrfx.a(nrfx_flag32_allocator.c.obj)
                0x0000000000007ad0                nrfx_flag32_free
 .text.nrfx_gppi_channels_enable
                0x0000000000007b08        0xc modules/hal_nordic/nrfx/libmodules__hal_nordic__nrfx.a(nrfx_gppi_dppi.c.obj)
                0x0000000000007b08                nrfx_gppi_channels_enable
 .text.nrfx_clock_init
                0x0000000000007b14       0x20 modules/hal_nordic/nrfx/libmodules__hal_nordic__nrfx.a(nrfx_clock.c.obj)
                0x0000000000007b14                nrfx_clock_init
 .text.nrfx_clock_enable
                0x0000000000007b34       0x38 modules/hal_nordic/nrfx/libmodules__hal_nordic__nrfx.a(nrfx_clock.c.obj)
                0x0000000000007b34                nrfx_clock_enable
 .text.nrfx_clock_start
                0x0000000000007b6c       0xd0 modules/hal_nordic/nrfx/libmodules__hal_nordic__nrfx.a(nrfx_clock.c.obj)
                0x0000000000007b6c                nrfx_clock_start
 .text.nrfx_clock_irq_handler
                0x0000000000007c3c       0xb0 modules/hal_nordic/nrfx/libmodules__hal_nordic__nrfx.a(nrfx_clock.c.obj)
                0x0000000000007c3c                nrfx_clock_irq_handler
 .text.nrfx_dppi_channel_alloc
                0x0000000000007cec        0xc modules/hal_nordic/nrfx/libmodules__hal_nordic__nrfx.a(nrfx_dppi.c.obj)
                0x0000000000007cec                nrfx_dppi_channel_alloc
 .text.nrf_gpio_pin_port_decode
                0x0000000000007cf8       0x24 modules/hal_nordic/nrfx/libmodules__hal_nordic__nrfx.a(nrfx_gpiote.c.obj)
 .text.get_pin_idx
                0x0000000000007d1c       0x14 modules/hal_nordic/nrfx/libmodules__hal_nordic__nrfx.a(nrfx_gpiote.c.obj)
 .text.release_handler.constprop.0
                0x0000000000007d30       0x58 modules/hal_nordic/nrfx/libmodules__hal_nordic__nrfx.a(nrfx_gpiote.c.obj)
 .text.pin_te_get.constprop.0
                0x0000000000007d88       0x18 modules/hal_nordic/nrfx/libmodules__hal_nordic__nrfx.a(nrfx_gpiote.c.obj)
 .text.pin_in_use_by_te.constprop.0
                0x0000000000007da0       0x18 modules/hal_nordic/nrfx/libmodules__hal_nordic__nrfx.a(nrfx_gpiote.c.obj)
 .text.pin_is_input.constprop.0
                0x0000000000007db8       0x1c modules/hal_nordic/nrfx/libmodules__hal_nordic__nrfx.a(nrfx_gpiote.c.obj)
 .text.pin_trigger_disable.constprop.0
                0x0000000000007dd4       0x4c modules/hal_nordic/nrfx/libmodules__hal_nordic__nrfx.a(nrfx_gpiote.c.obj)
 .text.pin_uninit.constprop.0
                0x0000000000007e20       0x84 modules/hal_nordic/nrfx/libmodules__hal_nordic__nrfx.a(nrfx_gpiote.c.obj)
 .text.nrfx_gpiote_input_configure
                0x0000000000007ea4      0x168 modules/hal_nordic/nrfx/libmodules__hal_nordic__nrfx.a(nrfx_gpiote.c.obj)
                0x0000000000007ea4                nrfx_gpiote_input_configure
 .text.nrfx_gpiote_output_configure
                0x000000000000800c       0xf4 modules/hal_nordic/nrfx/libmodules__hal_nordic__nrfx.a(nrfx_gpiote.c.obj)
                0x000000000000800c                nrfx_gpiote_output_configure
 .text.nrfx_gpiote_init
                0x0000000000008100       0x74 modules/hal_nordic/nrfx/libmodules__hal_nordic__nrfx.a(nrfx_gpiote.c.obj)
                0x0000000000008100                nrfx_gpiote_init
 .text.nrfx_gpiote_is_init
                0x0000000000008174       0x14 modules/hal_nordic/nrfx/libmodules__hal_nordic__nrfx.a(nrfx_gpiote.c.obj)
                0x0000000000008174                nrfx_gpiote_is_init
 .text.nvmc_readonly_mode_set
                0x0000000000008188       0x14 modules/hal_nordic/nrfx/libmodules__hal_nordic__nrfx.a(nrfx_nvmc.c.obj)
 .text.nvmc_word_write
                0x000000000000819c       0x18 modules/hal_nordic/nrfx/libmodules__hal_nordic__nrfx.a(nrfx_nvmc.c.obj)
 .text.nrfx_nvmc_page_erase
                0x00000000000081b4       0x3c modules/hal_nordic/nrfx/libmodules__hal_nordic__nrfx.a(nrfx_nvmc.c.obj)
                0x00000000000081b4                nrfx_nvmc_page_erase
 .text.nrfx_nvmc_word_write
                0x00000000000081f0       0x20 modules/hal_nordic/nrfx/libmodules__hal_nordic__nrfx.a(nrfx_nvmc.c.obj)
                0x00000000000081f0                nrfx_nvmc_word_write
 .text.nrfx_nvmc_bytes_write
                0x0000000000008210       0x84 modules/hal_nordic/nrfx/libmodules__hal_nordic__nrfx.a(nrfx_nvmc.c.obj)
                0x0000000000008210                nrfx_nvmc_bytes_write
 .text.nrfx_power_init
                0x0000000000008294       0x74 modules/hal_nordic/nrfx/libmodules__hal_nordic__nrfx.a(nrfx_power.c.obj)
                0x0000000000008294                nrfx_power_init
 .text.nrfx_power_irq_handler
                0x0000000000008308       0x70 modules/hal_nordic/nrfx/libmodules__hal_nordic__nrfx.a(nrfx_power.c.obj)
                0x0000000000008308                nrfx_power_irq_handler
 .text.qspi_deactivate
                0x0000000000008378       0x24 modules/hal_nordic/nrfx/libmodules__hal_nordic__nrfx.a(nrfx_qspi.c.obj)
 .text.qspi_ready_wait
                0x000000000000839c       0x54 modules/hal_nordic/nrfx/libmodules__hal_nordic__nrfx.a(nrfx_qspi.c.obj)
 .text.qspi_activate
                0x00000000000083f0       0x34 modules/hal_nordic/nrfx/libmodules__hal_nordic__nrfx.a(nrfx_qspi.c.obj)
 .text.qspi_xfer
                0x0000000000008424       0xe8 modules/hal_nordic/nrfx/libmodules__hal_nordic__nrfx.a(nrfx_qspi.c.obj)
 .text.qspi_event_xfer_handle.constprop.0
                0x000000000000850c       0x28 modules/hal_nordic/nrfx/libmodules__hal_nordic__nrfx.a(nrfx_qspi.c.obj)
 .text.nrf_gpio_cfg.constprop.0
                0x0000000000008534       0x44 modules/hal_nordic/nrfx/libmodules__hal_nordic__nrfx.a(nrfx_qspi.c.obj)
 .text.nrf_qspi_cinstrdata_get.constprop.0
                0x0000000000008578       0x40 modules/hal_nordic/nrfx/libmodules__hal_nordic__nrfx.a(nrfx_qspi.c.obj)
 .text.nrf_qspi_cinstrdata_set.constprop.0
                0x00000000000085b8       0x64 modules/hal_nordic/nrfx/libmodules__hal_nordic__nrfx.a(nrfx_qspi.c.obj)
 .text.nrf_qspi_pins_set.constprop.0
                0x000000000000861c       0x5c modules/hal_nordic/nrfx/libmodules__hal_nordic__nrfx.a(nrfx_qspi.c.obj)
 .text.qspi_workaround_apply
                0x0000000000008678       0x70 modules/hal_nordic/nrfx/libmodules__hal_nordic__nrfx.a(nrfx_qspi.c.obj)
 .text.qspi_configure
                0x00000000000086e8      0x138 modules/hal_nordic/nrfx/libmodules__hal_nordic__nrfx.a(nrfx_qspi.c.obj)
 .text.nrfx_qspi_init
                0x0000000000008820       0x40 modules/hal_nordic/nrfx/libmodules__hal_nordic__nrfx.a(nrfx_qspi.c.obj)
                0x0000000000008820                nrfx_qspi_init
 .text.nrfx_qspi_cinstr_xfer
                0x0000000000008860       0xac modules/hal_nordic/nrfx/libmodules__hal_nordic__nrfx.a(nrfx_qspi.c.obj)
                0x0000000000008860                nrfx_qspi_cinstr_xfer
 .text.nrfx_qspi_activate
                0x000000000000890c       0x18 modules/hal_nordic/nrfx/libmodules__hal_nordic__nrfx.a(nrfx_qspi.c.obj)
                0x000000000000890c                nrfx_qspi_activate
 .text.nrfx_qspi_deactivate
                0x0000000000008924       0x24 modules/hal_nordic/nrfx/libmodules__hal_nordic__nrfx.a(nrfx_qspi.c.obj)
                0x0000000000008924                nrfx_qspi_deactivate
 .text.nrfx_qspi_init_check
                0x0000000000008948       0x14 modules/hal_nordic/nrfx/libmodules__hal_nordic__nrfx.a(nrfx_qspi.c.obj)
                0x0000000000008948                nrfx_qspi_init_check
 .text.nrfx_qspi_erase
                0x000000000000895c       0x9c modules/hal_nordic/nrfx/libmodules__hal_nordic__nrfx.a(nrfx_qspi.c.obj)
                0x000000000000895c                nrfx_qspi_erase
 .text.nrfx_qspi_irq_handler
                0x00000000000089f8       0x94 modules/hal_nordic/nrfx/libmodules__hal_nordic__nrfx.a(nrfx_qspi.c.obj)
                0x00000000000089f8                nrfx_qspi_irq_handler
 .text.nrfx_usbreg_enable
                0x0000000000008a8c       0x10 modules/hal_nordic/nrfx/libmodules__hal_nordic__nrfx.a(nrfx_usbreg.c.obj)
                0x0000000000008a8c                nrfx_usbreg_enable
 .text.nrfx_usbreg_disable
                0x0000000000008a9c       0x10 modules/hal_nordic/nrfx/libmodules__hal_nordic__nrfx.a(nrfx_usbreg.c.obj)
                0x0000000000008a9c                nrfx_usbreg_disable
 .text.nrfx_usbreg_uninit
                0x0000000000008aac       0x20 modules/hal_nordic/nrfx/libmodules__hal_nordic__nrfx.a(nrfx_usbreg.c.obj)
                0x0000000000008aac                nrfx_usbreg_uninit
 .text.nrfx_usbreg_init
                0x0000000000008acc       0x30 modules/hal_nordic/nrfx/libmodules__hal_nordic__nrfx.a(nrfx_usbreg.c.obj)
                0x0000000000008acc                nrfx_usbreg_init
 .text.nrfx_usbreg_irq_handler
                0x0000000000008afc       0x50 modules/hal_nordic/nrfx/libmodules__hal_nordic__nrfx.a(nrfx_usbreg.c.obj)
                0x0000000000008afc                nrfx_usbreg_irq_handler
 .text.get_result_len
                0x0000000000008b4c       0x2c modules/zcbor/libmodules__zcbor.a(zcbor_encode.c.obj)
 .text.value_encode_len
                0x0000000000008b78       0x7c modules/zcbor/libmodules__zcbor.a(zcbor_encode.c.obj)
 .text.z_fatal_error
                0x0000000000008bf4       0x30 zephyr/kernel/libkernel.a(fatal.c.obj)
                0x0000000000008bf4                z_fatal_error
 .text.z_sys_init_run_level
                0x0000000000008c24       0x48 zephyr/kernel/libkernel.a(init.c.obj)
 .text.bg_thread_main
                0x0000000000008c6c       0x34 zephyr/kernel/libkernel.a(init.c.obj)
 .text.z_bss_zero
                0x0000000000008ca0       0x18 zephyr/kernel/libkernel.a(init.c.obj)
                0x0000000000008ca0                z_bss_zero
 .text.z_init_cpu
                0x0000000000008cb8       0x7c zephyr/kernel/libkernel.a(init.c.obj)
                0x0000000000008cb8                z_init_cpu
 .text.z_cstart
                0x0000000000008d34       0xd4 zephyr/kernel/libkernel.a(init.c.obj)
                0x0000000000008d34                z_cstart
 .text.init_mem_slab_obj_core_list
                0x0000000000008e08       0x24 zephyr/kernel/libkernel.a(mem_slab.c.obj)
 .text.k_mem_slab_alloc
                0x0000000000008e2c       0x5c zephyr/kernel/libkernel.a(mem_slab.c.obj)
                0x0000000000008e2c                k_mem_slab_alloc
 .text.z_setup_new_thread
                0x0000000000008e88       0x60 zephyr/kernel/libkernel.a(thread.c.obj)
                0x0000000000008e88                z_setup_new_thread
 .text.z_impl_k_thread_create
                0x0000000000008ee8       0x58 zephyr/kernel/libkernel.a(thread.c.obj)
                0x0000000000008ee8                z_impl_k_thread_create
 .text.z_init_static_threads
                0x0000000000008f40       0x98 zephyr/kernel/libkernel.a(thread.c.obj)
                0x0000000000008f40                z_init_static_threads
 .text.z_impl_k_mutex_unlock
                0x0000000000008fd8       0x78 zephyr/kernel/libkernel.a(mutex.c.obj)
                0x0000000000008fd8                z_impl_k_mutex_unlock
 .text.z_impl_k_mutex_lock
                0x0000000000009050       0xf4 zephyr/kernel/libkernel.a(mutex.c.obj)
                0x0000000000009050                z_impl_k_mutex_lock
 .text.z_impl_k_queue_get
                0x0000000000009144       0x68 zephyr/kernel/libkernel.a(queue.c.obj)
                0x0000000000009144                z_impl_k_queue_get
 .text.z_impl_k_sem_give
                0x00000000000091ac       0x48 zephyr/kernel/libkernel.a(sem.c.obj)
                0x00000000000091ac                z_impl_k_sem_give
 .text.z_impl_k_sem_take
                0x00000000000091f4       0x50 zephyr/kernel/libkernel.a(sem.c.obj)
                0x00000000000091f4                z_impl_k_sem_take
 .text.work_queue_main
                0x0000000000009244      0x130 zephyr/kernel/libkernel.a(work.c.obj)
 .text.submit_to_queue_locked
                0x0000000000009374       0xb0 zephyr/kernel/libkernel.a(work.c.obj)
 .text.k_work_queue_start
                0x0000000000009424       0x70 zephyr/kernel/libkernel.a(work.c.obj)
                0x0000000000009424                k_work_queue_start
 .text.k_work_schedule_for_queue
                0x0000000000009494       0x54 zephyr/kernel/libkernel.a(work.c.obj)
                0x0000000000009494                k_work_schedule_for_queue
 .text.update_cache
                0x00000000000094e8       0x30 zephyr/kernel/libkernel.a(sched.c.obj)
 .text.unready_thread
                0x0000000000009518       0x30 zephyr/kernel/libkernel.a(sched.c.obj)
 .text.pend_locked
                0x0000000000009548       0x30 zephyr/kernel/libkernel.a(sched.c.obj)
 .text.ready_thread
                0x0000000000009578       0x68 zephyr/kernel/libkernel.a(sched.c.obj)
 .text.z_thread_halt
                0x00000000000095e0       0xa0 zephyr/kernel/libkernel.a(sched.c.obj)
 .text.z_pend_curr
                0x0000000000009680       0x30 zephyr/kernel/libkernel.a(sched.c.obj)
                0x0000000000009680                z_pend_curr
 .text.z_set_prio
                0x00000000000096b0       0x8c zephyr/kernel/libkernel.a(sched.c.obj)
                0x00000000000096b0                z_set_prio
 .text.z_reschedule
                0x000000000000973c       0x24 zephyr/kernel/libkernel.a(sched.c.obj)
                0x000000000000973c                z_reschedule
 .text.z_sched_start
                0x0000000000009760       0x3c zephyr/kernel/libkernel.a(sched.c.obj)
                0x0000000000009760                z_sched_start
 .text.k_sched_lock
                0x000000000000979c       0x28 zephyr/kernel/libkernel.a(sched.c.obj)
                0x000000000000979c                k_sched_lock
 .text.k_sched_unlock
                0x00000000000097c4       0x38 zephyr/kernel/libkernel.a(sched.c.obj)
                0x00000000000097c4                k_sched_unlock
 .text.z_sched_init
                0x00000000000097fc       0x10 zephyr/kernel/libkernel.a(sched.c.obj)
                0x00000000000097fc                z_sched_init
 .text.z_impl_k_yield
                0x000000000000980c       0x7c zephyr/kernel/libkernel.a(sched.c.obj)
                0x000000000000980c                z_impl_k_yield
 .text.z_tick_sleep
                0x0000000000009888       0x80 zephyr/kernel/libkernel.a(sched.c.obj)
 .text.z_impl_k_sleep
                0x0000000000009908       0x34 zephyr/kernel/libkernel.a(sched.c.obj)
                0x0000000000009908                z_impl_k_sleep
 .text.z_impl_k_usleep
                0x000000000000993c       0x34 zephyr/kernel/libkernel.a(sched.c.obj)
                0x000000000000993c                z_impl_k_usleep
 .text.z_impl_k_sched_current_thread_query
                0x0000000000009970        0xc zephyr/kernel/libkernel.a(sched.c.obj)
                0x0000000000009970                z_impl_k_sched_current_thread_query
 .text.z_sched_wait
                0x000000000000997c       0x24 zephyr/kernel/libkernel.a(sched.c.obj)
                0x000000000000997c                z_sched_wait
 .text.z_data_copy
                0x00000000000099a0       0x34 zephyr/kernel/libkernel.a(xip.c.obj)
                0x00000000000099a0                z_data_copy
 .text.elapsed  0x00000000000099d4       0x14 zephyr/kernel/libkernel.a(timeout.c.obj)
 .text.next_timeout
                0x00000000000099e8       0x40 zephyr/kernel/libkernel.a(timeout.c.obj)
 .text.remove_timeout
                0x0000000000009a28       0x38 zephyr/kernel/libkernel.a(timeout.c.obj)
 .text.z_add_timeout
                0x0000000000009a60       0xec zephyr/kernel/libkernel.a(timeout.c.obj)
                0x0000000000009a60                z_add_timeout
 .text.sys_clock_announce
                0x0000000000009b4c       0xd0 zephyr/kernel/libkernel.a(timeout.c.obj)
                0x0000000000009b4c                sys_clock_announce
 .text.sys_clock_tick_get
                0x0000000000009c1c       0x34 zephyr/kernel/libkernel.a(timeout.c.obj)
                0x0000000000009c1c                sys_clock_tick_get
 .text.z_timer_expiration_handler
                0x0000000000009c50       0xe4 zephyr/kernel/libkernel.a(timer.c.obj)
                0x0000000000009c50                z_timer_expiration_handler
 .text.z_impl_k_timer_start
                0x0000000000009d34       0x74 zephyr/kernel/libkernel.a(timer.c.obj)
                0x0000000000009d34                z_impl_k_timer_start
 .text.z_thread_aligned_alloc
                0x0000000000009da8       0x40 zephyr/kernel/libkernel.a(mempool.c.obj)
                0x0000000000009da8                z_thread_aligned_alloc
 .text.statics_init
                0x0000000000009de8       0x24 zephyr/kernel/libkernel.a(kheap.c.obj)
 .text.k_sys_work_q_init
                0x0000000000009e0c       0x34 zephyr/kernel/libkernel.a(system_work_q.c.obj)
 .text.nrf_cc3xx_platform_init_no_rng
                0x0000000000009e40       0x38 C:/ncs/main/nrfxlib/crypto/nrf_cc312_platform/lib/cortex-m33/soft-float/no-interrupts/libnrf_cc312_platform_0.9.18.a(nrf_cc3xx_platform.c.obj)
                0x0000000000009e40                nrf_cc3xx_platform_init_no_rng
 .text.nrf_cc3xx_platform_abort
                0x0000000000009e78       0x24 C:/ncs/main/nrfxlib/crypto/nrf_cc312_platform/lib/cortex-m33/soft-float/no-interrupts/libnrf_cc312_platform_0.9.18.a(nrf_cc3xx_platform_abort.c.obj)
 .text.CC_PalAbort
                0x0000000000009e9c       0x44 C:/ncs/main/nrfxlib/crypto/nrf_cc312_platform/lib/cortex-m33/soft-float/no-interrupts/libnrf_cc312_platform_0.9.18.a(nrf_cc3xx_platform_abort.c.obj)
                0x0000000000009e9c                CC_PalAbort
 .text.nrf_cc3xx_platform_set_abort
                0x0000000000009ee0       0x10 C:/ncs/main/nrfxlib/crypto/nrf_cc312_platform/lib/cortex-m33/soft-float/no-interrupts/libnrf_cc312_platform_0.9.18.a(nrf_cc3xx_platform_abort.c.obj)
                0x0000000000009ee0                nrf_cc3xx_platform_set_abort
 .text.mutex_free
                0x0000000000009ef0       0x34 C:/ncs/main/nrfxlib/crypto/nrf_cc312_platform/lib/cortex-m33/soft-float/no-interrupts/libnrf_cc312_platform_0.9.18.a(nrf_cc3xx_platform_mutex.c.obj)
 .text.mutex_lock
                0x0000000000009f24       0x48 C:/ncs/main/nrfxlib/crypto/nrf_cc312_platform/lib/cortex-m33/soft-float/no-interrupts/libnrf_cc312_platform_0.9.18.a(nrf_cc3xx_platform_mutex.c.obj)
 .text.mutex_unlock
                0x0000000000009f6c       0x38 C:/ncs/main/nrfxlib/crypto/nrf_cc312_platform/lib/cortex-m33/soft-float/no-interrupts/libnrf_cc312_platform_0.9.18.a(nrf_cc3xx_platform_mutex.c.obj)
 .text.mutex_init
                0x0000000000009fa4       0x20 C:/ncs/main/nrfxlib/crypto/nrf_cc312_platform/lib/cortex-m33/soft-float/no-interrupts/libnrf_cc312_platform_0.9.18.a(nrf_cc3xx_platform_mutex.c.obj)
 .text.nrf_cc3xx_platform_set_mutexes
                0x0000000000009fc4       0x78 C:/ncs/main/nrfxlib/crypto/nrf_cc312_platform/lib/cortex-m33/soft-float/no-interrupts/libnrf_cc312_platform_0.9.18.a(nrf_cc3xx_platform_mutex.c.obj)
                0x0000000000009fc4                nrf_cc3xx_platform_set_mutexes
 .text.mbedtls_platform_zeroize
                0x000000000000a03c       0x14 C:/ncs/main/nrfxlib/crypto/nrf_cc312_platform/lib/cortex-m33/soft-float/no-interrupts/libnrf_cc312_platform_0.9.18.a(mbedtls_common.c.obj)
                0x000000000000a03c                mbedtls_platform_zeroize
 .text.CC_LibInitNoRng
                0x000000000000a050       0x28 C:/ncs/main/nrfxlib/crypto/nrf_cc312_platform/lib/cortex-m33/soft-float/no-interrupts/libnrf_cc312_platform_0.9.18.a(cc_lib.c.obj)
                0x000000000000a050                CC_LibInitNoRng
 .text.CC_HalInit
                0x000000000000a078        0x4 C:/ncs/main/nrfxlib/crypto/nrf_cc312_platform/lib/cortex-m33/soft-float/no-interrupts/libnrf_cc312_platform_0.9.18.a(cc_hal.c.obj)
                0x000000000000a078                CC_HalInit
 .text.CC_PalInit
                0x000000000000a07c       0x5c C:/ncs/main/nrfxlib/crypto/nrf_cc312_platform/lib/cortex-m33/soft-float/no-interrupts/libnrf_cc312_platform_0.9.18.a(cc_pal.c.obj)
                0x000000000000a07c                CC_PalInit
 .text.CC_PalTerminate
                0x000000000000a0d8       0x34 C:/ncs/main/nrfxlib/crypto/nrf_cc312_platform/lib/cortex-m33/soft-float/no-interrupts/libnrf_cc312_platform_0.9.18.a(cc_pal.c.obj)
                0x000000000000a0d8                CC_PalTerminate
 .text.CC_PalDmaInit
                0x000000000000a10c        0x4 C:/ncs/main/nrfxlib/crypto/nrf_cc312_platform/lib/cortex-m33/soft-float/no-interrupts/libnrf_cc312_platform_0.9.18.a(cc_pal_dma.c.obj)
                0x000000000000a10c                CC_PalDmaInit
 .text.CC_PalDmaTerminate
                0x000000000000a110        0x4 C:/ncs/main/nrfxlib/crypto/nrf_cc312_platform/lib/cortex-m33/soft-float/no-interrupts/libnrf_cc312_platform_0.9.18.a(cc_pal_dma.c.obj)
                0x000000000000a110                CC_PalDmaTerminate
 .text.CC_PalMutexCreate
                0x000000000000a114       0x14 C:/ncs/main/nrfxlib/crypto/nrf_cc312_platform/lib/cortex-m33/soft-float/no-interrupts/libnrf_cc312_platform_0.9.18.a(cc_pal_mutex.c.obj)
                0x000000000000a114                CC_PalMutexCreate
 .text.CC_PalMutexDestroy
                0x000000000000a128       0x14 C:/ncs/main/nrfxlib/crypto/nrf_cc312_platform/lib/cortex-m33/soft-float/no-interrupts/libnrf_cc312_platform_0.9.18.a(cc_pal_mutex.c.obj)
                0x000000000000a128                CC_PalMutexDestroy
 .text.CC_PalPowerSaveModeInit
                0x000000000000a13c       0x3c C:/ncs/main/nrfxlib/crypto/nrf_cc312_platform/lib/cortex-m33/soft-float/no-interrupts/libnrf_cc312_platform_0.9.18.a(cc_pal_pm.c.obj)
                0x000000000000a13c                CC_PalPowerSaveModeInit
 .text.flash_device_base
                0x000000000000a178        0xc app/libapp.a(flash_map_extended.c.obj)
                0x000000000000a178                flash_device_base
 .text.flash_area_get_device_id
                0x000000000000a184        0x4 app/libapp.a(flash_map_extended.c.obj)
                0x000000000000a184                flash_area_get_device_id
 .text.flash_area_get_sector
                0x000000000000a188       0x32 app/libapp.a(flash_map_extended.c.obj)
                0x000000000000a188                flash_area_get_sector
 .text.bootutil_tlv_iter_begin
                0x000000000000a1ba       0x9c app/libapp.a(tlv.c.obj)
                0x000000000000a1ba                bootutil_tlv_iter_begin
 .text.bootutil_tlv_iter_next
                0x000000000000a256       0x98 app/libapp.a(tlv.c.obj)
                0x000000000000a256                bootutil_tlv_iter_next
 .text.boot_trailer_sz
                0x000000000000a2ee        0xa app/libapp.a(bootutil_misc.c.obj)
                0x000000000000a2ee                boot_trailer_sz
 .text.boot_status_off
                0x000000000000a2f8       0x16 app/libapp.a(bootutil_misc.c.obj)
                0x000000000000a2f8                boot_status_off
 .text.bootutil_max_image_size
                0x000000000000a30e        0x4 app/libapp.a(bootutil_misc.c.obj)
                0x000000000000a30e                bootutil_max_image_size
 .text.fih_panic_loop
                0x000000000000a312       0x26 app/libapp.a(fault_injection_hardening.c.obj)
                0x000000000000a312                fih_panic_loop
 .text.boot_read_image_headers
                0x000000000000a338       0x5e app/libapp.a(loader.c.obj)
 .text.boot_status_reset
                0x000000000000a396       0x12 app/libapp.a(loader.c.obj)
                0x000000000000a396                boot_status_reset
 .text.boot_status_is_reset
                0x000000000000a3a8       0x1a app/libapp.a(loader.c.obj)
                0x000000000000a3a8                boot_status_is_reset
 .text.boot_read_image_header
                0x000000000000a3c2       0x38 app/libapp.a(swap_scratch.c.obj)
                0x000000000000a3c2                boot_read_image_header
 .text.boot_slots_compatible
                0x000000000000a3fa       0x88 app/libapp.a(swap_scratch.c.obj)
                0x000000000000a3fa                boot_slots_compatible
 .text.crc16_itu_t
                0x000000000000a482       0x28 zephyr/libzephyr.a(crc16_sw.c.obj)
                0x000000000000a482                crc16_itu_t
 .text.z_thread_entry
                0x000000000000a4aa       0x14 zephyr/libzephyr.a(thread_entry.c.obj)
                0x000000000000a4aa                z_thread_entry
 .text.chunk_field
                0x000000000000a4be       0x16 zephyr/libzephyr.a(heap.c.obj)
 .text.chunk_set
                0x000000000000a4d4       0x16 zephyr/libzephyr.a(heap.c.obj)
 .text.chunk_size
                0x000000000000a4ea        0xc zephyr/libzephyr.a(heap.c.obj)
 .text.set_chunk_used
                0x000000000000a4f6       0x30 zephyr/libzephyr.a(heap.c.obj)
 .text.set_chunk_size
                0x000000000000a526        0x8 zephyr/libzephyr.a(heap.c.obj)
 .text.mem_to_chunkid
                0x000000000000a52e       0x14 zephyr/libzephyr.a(heap.c.obj)
 .text.bucket_idx.isra.0
                0x000000000000a542       0x1c zephyr/libzephyr.a(heap.c.obj)
 .text.free_list_remove_bidx
                0x000000000000a55e       0x5c zephyr/libzephyr.a(heap.c.obj)
 .text.free_list_remove
                0x000000000000a5ba       0x2e zephyr/libzephyr.a(heap.c.obj)
 .text.alloc_chunk
                0x000000000000a5e8       0x74 zephyr/libzephyr.a(heap.c.obj)
 .text.split_chunks
                0x000000000000a65c       0x4e zephyr/libzephyr.a(heap.c.obj)
 .text.merge_chunks
                0x000000000000a6aa       0x3c zephyr/libzephyr.a(heap.c.obj)
 .text.free_list_add
                0x000000000000a6e6       0x84 zephyr/libzephyr.a(heap.c.obj)
 .text.free_chunk
                0x000000000000a76a       0x84 zephyr/libzephyr.a(heap.c.obj)
 .text.sys_heap_free
                0x000000000000a7ee       0x24 zephyr/libzephyr.a(heap.c.obj)
                0x000000000000a7ee                sys_heap_free
 .text.sys_heap_alloc
                0x000000000000a812       0x6e zephyr/libzephyr.a(heap.c.obj)
                0x000000000000a812                sys_heap_alloc
 .text.sys_heap_aligned_alloc
                0x000000000000a880       0xe8 zephyr/libzephyr.a(heap.c.obj)
                0x000000000000a880                sys_heap_aligned_alloc
 .text.sys_heap_init
                0x000000000000a968       0xa4 zephyr/libzephyr.a(heap.c.obj)
                0x000000000000a968                sys_heap_init
 .text.sys_slist_find_and_remove
                0x000000000000aa0c       0x36 zephyr/libzephyr.a(onoff.c.obj)
 .text.process_recheck
                0x000000000000aa42       0x38 zephyr/libzephyr.a(onoff.c.obj)
 .text.validate_args
                0x000000000000aa7a       0x20 zephyr/libzephyr.a(onoff.c.obj)
 .text.notify_one
                0x000000000000aa9a       0x2c zephyr/libzephyr.a(onoff.c.obj)
 .text.transition_complete
                0x000000000000aac6       0x1c zephyr/libzephyr.a(onoff.c.obj)
 .text.onoff_manager_init
                0x000000000000aae2       0x26 zephyr/libzephyr.a(onoff.c.obj)
                0x000000000000aae2                onoff_manager_init
 .text.onoff_request
                0x000000000000ab08       0xb0 zephyr/libzephyr.a(onoff.c.obj)
                0x000000000000ab08                onoff_request
 .text.onoff_release
                0x000000000000abb8       0x4a zephyr/libzephyr.a(onoff.c.obj)
                0x000000000000abb8                onoff_release
 .text.onoff_cancel
                0x000000000000ac02       0x38 zephyr/libzephyr.a(onoff.c.obj)
                0x000000000000ac02                onoff_cancel
 .text.sys_notify_validate
                0x000000000000ac3a       0x22 zephyr/libzephyr.a(notify.c.obj)
                0x000000000000ac3a                sys_notify_validate
 .text.sys_notify_finalize
                0x000000000000ac5c       0x1a zephyr/libzephyr.a(notify.c.obj)
                0x000000000000ac5c                sys_notify_finalize
 .text.ring_buf_put_claim
                0x000000000000ac76       0x3a zephyr/libzephyr.a(ring_buffer.c.obj)
                0x000000000000ac76                ring_buf_put_claim
 .text.ring_buf_put_finish
                0x000000000000acb0       0x2a zephyr/libzephyr.a(ring_buffer.c.obj)
                0x000000000000acb0                ring_buf_put_finish
 .text.ring_buf_put
                0x000000000000acda       0x3e zephyr/libzephyr.a(ring_buffer.c.obj)
                0x000000000000acda                ring_buf_put
 .text.ring_buf_get_claim
                0x000000000000ad18       0x38 zephyr/libzephyr.a(ring_buffer.c.obj)
                0x000000000000ad18                ring_buf_get_claim
 .text.ring_buf_get_finish
                0x000000000000ad50       0x2a zephyr/libzephyr.a(ring_buffer.c.obj)
                0x000000000000ad50                ring_buf_get_finish
 .text.ring_buf_get
                0x000000000000ad7a       0x40 zephyr/libzephyr.a(ring_buffer.c.obj)
                0x000000000000ad7a                ring_buf_get
 .text.sys_reboot
                0x000000000000adba       0x24 zephyr/libzephyr.a(reboot.c.obj)
                0x000000000000adba                sys_reboot
 .text._ConfigAbsSyms
                0x000000000000adde        0x2 zephyr/libzephyr.a(configs.c.obj)
                0x000000000000adde                _ConfigAbsSyms
 .text.flash_area_close
                0x000000000000ade0        0x2 zephyr/libzephyr.a(flash_map.c.obj)
                0x000000000000ade0                flash_area_close
 .text.flash_area_read
                0x000000000000ade2       0x2a zephyr/libzephyr.a(flash_map.c.obj)
                0x000000000000ade2                flash_area_read
 .text.flash_area_write
                0x000000000000ae0c       0x2a zephyr/libzephyr.a(flash_map.c.obj)
                0x000000000000ae0c                flash_area_write
 .text.flash_area_erase
                0x000000000000ae36       0x28 zephyr/libzephyr.a(flash_map.c.obj)
                0x000000000000ae36                flash_area_erase
 .text.flash_area_align
                0x000000000000ae5e        0xe zephyr/libzephyr.a(flash_map.c.obj)
                0x000000000000ae5e                flash_area_align
 .text.flash_area_erased_val
                0x000000000000ae6c        0xe zephyr/libzephyr.a(flash_map.c.obj)
                0x000000000000ae6c                flash_area_erased_val
 .text.get_sectors_cb
                0x000000000000ae7a       0x44 zephyr/libzephyr.a(flash_map_layout.c.obj)
 .text.get_ep_bm_from_addr
                0x000000000000aebe       0x1e zephyr/libzephyr.a(usb_device.c.obj)
 .text.usb_write
                0x000000000000aedc       0x30 zephyr/libzephyr.a(usb_device.c.obj)
                0x000000000000aedc                usb_write
 .text.usb_get_dev_data_by_cfg
                0x000000000000af0c       0x16 zephyr/libzephyr.a(usb_descriptor.c.obj)
                0x000000000000af0c                usb_get_dev_data_by_cfg
 .text.usb_get_dev_data_by_iface
                0x000000000000af22       0x1a zephyr/libzephyr.a(usb_descriptor.c.obj)
                0x000000000000af22                usb_get_dev_data_by_iface
 .text.usb_get_dev_data_by_ep
                0x000000000000af3c       0x2c zephyr/libzephyr.a(usb_descriptor.c.obj)
                0x000000000000af3c                usb_get_dev_data_by_ep
 .text.usb_transfer_is_busy
                0x000000000000af68       0x16 zephyr/libzephyr.a(usb_transfer.c.obj)
                0x000000000000af68                usb_transfer_is_busy
 .text.cdc_interface_config
                0x000000000000af7e       0x14 zephyr/libzephyr.a(cdc_acm.c.obj)
 .text.cdc_acm_irq_callback_work_handler
                0x000000000000af92        0xa zephyr/libzephyr.a(cdc_acm.c.obj)
 .text.cdc_acm_irq_tx_disable
                0x000000000000af9c        0xa zephyr/libzephyr.a(cdc_acm.c.obj)
 .text.cdc_acm_irq_tx_ready
                0x000000000000afa6        0xe zephyr/libzephyr.a(cdc_acm.c.obj)
 .text.cdc_acm_irq_rx_disable
                0x000000000000afb4        0xa zephyr/libzephyr.a(cdc_acm.c.obj)
 .text.cdc_acm_irq_rx_ready
                0x000000000000afbe        0x8 zephyr/libzephyr.a(cdc_acm.c.obj)
 .text.cdc_acm_irq_is_pending
                0x000000000000afc6       0x1e zephyr/libzephyr.a(cdc_acm.c.obj)
 .text.cdc_acm_irq_update
                0x000000000000afe4        0x4 zephyr/libzephyr.a(cdc_acm.c.obj)
 .text.cdc_acm_irq_callback_set
                0x000000000000afe8        0x8 zephyr/libzephyr.a(cdc_acm.c.obj)
 .text.cdc_acm_line_ctrl_get
                0x000000000000aff0       0x32 zephyr/libzephyr.a(cdc_acm.c.obj)
 .text.cdc_acm_configure
                0x000000000000b022       0x18 zephyr/libzephyr.a(cdc_acm.c.obj)
 .text.cdc_acm_config_get
                0x000000000000b03a       0x5c zephyr/libzephyr.a(cdc_acm.c.obj)
 .text.cdc_acm_line_ctrl_set
                0x000000000000b096       0xbe zephyr/libzephyr.a(cdc_acm.c.obj)
 .text.cdc_acm_fifo_read
                0x000000000000b154       0x54 zephyr/libzephyr.a(cdc_acm.c.obj)
 .text.cdc_acm_poll_in
                0x000000000000b1a8       0x12 zephyr/libzephyr.a(cdc_acm.c.obj)
 .text.abort_function
                0x000000000000b1ba        0x8 zephyr/libzephyr.a(nrf_cc3xx_platform_abort_zephyr.c.obj)
 .text.console_write
                0x000000000000b1c2       0x1c zephyr/libzephyr.a(serial_adapter.c.obj)
                0x000000000000b1c2                console_write
 .text.erase_range
                0x000000000000b1de       0x3e zephyr/libzephyr.a(boot_serial.c.obj)
 .text.zcbor_map_decode_bulk
                0x000000000000b21c       0xa4 zephyr/libzephyr.a(zcbor_bulk.c.obj)
                0x000000000000b21c                zcbor_map_decode_bulk
 .text.z_arm_fatal_error
                0x000000000000b2c0        0x4 zephyr/arch/arch/arm/core/libarch__arm__core.a(fatal.c.obj)
                0x000000000000b2c0                z_arm_fatal_error
 .text.z_do_kernel_oops
                0x000000000000b2c4        0x8 zephyr/arch/arch/arm/core/libarch__arm__core.a(fatal.c.obj)
                0x000000000000b2c4                z_do_kernel_oops
 .text.z_arm_nmi
                0x000000000000b2cc        0xe zephyr/arch/arch/arm/core/libarch__arm__core.a(nmi.c.obj)
                0x000000000000b2cc                z_arm_nmi
 .text.z_irq_spurious
                0x000000000000b2da        0x8 zephyr/arch/arch/arm/core/cortex_m/libarch__arm__core__cortex_m.a(irq_manage.c.obj)
                0x000000000000b2da                z_irq_spurious
 .text.configure_builtin_stack_guard
                0x000000000000b2e2        0x8 zephyr/arch/arch/arm/core/cortex_m/libarch__arm__core__cortex_m.a(thread.c.obj)
                0x000000000000b2e2                configure_builtin_stack_guard
 .text.strlen   0x000000000000b2ea        0xe zephyr/lib/libc/minimal/liblib__libc__minimal.a(string.c.obj)
                0x000000000000b2ea                strlen
 .text.memcmp   0x000000000000b2f8       0x20 zephyr/lib/libc/minimal/liblib__libc__minimal.a(string.c.obj)
                0x000000000000b2f8                memcmp
 .text.memmove  0x000000000000b318       0x2e zephyr/lib/libc/minimal/liblib__libc__minimal.a(string.c.obj)
                0x000000000000b318                memmove
 .text.memcpy   0x000000000000b346       0x16 zephyr/lib/libc/minimal/liblib__libc__minimal.a(string.c.obj)
                0x000000000000b346                memcpy
 .text.memset   0x000000000000b35c       0x12 zephyr/lib/libc/minimal/liblib__libc__minimal.a(string.c.obj)
                0x000000000000b35c                memset
 .text.sprintf_out
                0x000000000000b36e       0x1a zephyr/lib/libc/minimal/liblib__libc__minimal.a(sprintf.c.obj)
 .text.setup    0x000000000000b388        0x4 zephyr/boards/boards/arm/thingy53_nrf5340_cpuapp/libboards__arm__thingy53_nrf5340.a(board.c.obj)
 .text.ep_ctx_reset
                0x000000000000b38c       0x26 zephyr/drivers/usb/device/libdrivers__usb__device.a(usb_dc_nrfx.c.obj)
 .text.k_mutex_lock.constprop.0.isra.0
                0x000000000000b3b2        0x4 zephyr/drivers/usb/device/libdrivers__usb__device.a(usb_dc_nrfx.c.obj)
 .text.k_mutex_unlock.isra.0
                0x000000000000b3b6        0x4 zephyr/drivers/usb/device/libdrivers__usb__device.a(usb_dc_nrfx.c.obj)
 .text.attached_evt_delay_handler
                0x000000000000b3ba        0x6 zephyr/drivers/usb/device/libdrivers__usb__device.a(usb_dc_nrfx.c.obj)
 .text.usb_dc_ep_check_cap
                0x000000000000b3c0       0x2a zephyr/drivers/usb/device/libdrivers__usb__device.a(usb_dc_nrfx.c.obj)
                0x000000000000b3c0                usb_dc_ep_check_cap
 .text.usb_dc_ep_disable
                0x000000000000b3ea       0x32 zephyr/drivers/usb/device/libdrivers__usb__device.a(usb_dc_nrfx.c.obj)
                0x000000000000b3ea                usb_dc_ep_disable
 .text.usb_dc_ep_read
                0x000000000000b41c       0x1e zephyr/drivers/usb/device/libdrivers__usb__device.a(usb_dc_nrfx.c.obj)
                0x000000000000b41c                usb_dc_ep_read
 .text.ep2bit   0x000000000000b43a       0x10 zephyr/drivers/usb/common/nrf_usbd_common/libdrivers__usb__common__nrf_usbd_common.a(nrf_usbd_common.c.obj)
 .text.nrf_usbd_common_ep_max_packet_size_set
                0x000000000000b44a        0xa zephyr/drivers/usb/common/nrf_usbd_common/libdrivers__usb__common__nrf_usbd_common.a(nrf_usbd_common.c.obj)
                0x000000000000b44a                nrf_usbd_common_ep_max_packet_size_set
 .text.nrf_usbd_common_ep_status_get
                0x000000000000b454       0x2e zephyr/drivers/usb/common/nrf_usbd_common/libdrivers__usb__common__nrf_usbd_common.a(nrf_usbd_common.c.obj)
                0x000000000000b454                nrf_usbd_common_ep_status_get
 .text.get_status
                0x000000000000b482       0x12 zephyr/drivers/clock_control/libdrivers__clock_control.a(clock_control_nrf.c.obj)
 .text.set_on_state
                0x000000000000b494       0x26 zephyr/drivers/clock_control/libdrivers__clock_control.a(clock_control_nrf.c.obj)
 .text.stop     0x000000000000b4ba       0x54 zephyr/drivers/clock_control/libdrivers__clock_control.a(clock_control_nrf.c.obj)
 .text.api_stop
                0x000000000000b50e        0x6 zephyr/drivers/clock_control/libdrivers__clock_control.a(clock_control_nrf.c.obj)
 .text.async_start
                0x000000000000b514       0x5e zephyr/drivers/clock_control/libdrivers__clock_control.a(clock_control_nrf.c.obj)
 .text.api_start
                0x000000000000b572        0xe zephyr/drivers/clock_control/libdrivers__clock_control.a(clock_control_nrf.c.obj)
 .text.onoff_started_callback
                0x000000000000b580       0x12 zephyr/drivers/clock_control/libdrivers__clock_control.a(clock_control_nrf.c.obj)
 .text.hfclkaudio_start
                0x000000000000b592        0x6 zephyr/drivers/clock_control/libdrivers__clock_control.a(clock_control_nrf.c.obj)
 .text.hfclk192m_start
                0x000000000000b598        0x6 zephyr/drivers/clock_control/libdrivers__clock_control.a(clock_control_nrf.c.obj)
 .text.lfclk_start
                0x000000000000b59e        0x6 zephyr/drivers/clock_control/libdrivers__clock_control.a(clock_control_nrf.c.obj)
 .text.hfclkaudio_stop
                0x000000000000b5a4        0x6 zephyr/drivers/clock_control/libdrivers__clock_control.a(clock_control_nrf.c.obj)
 .text.hfclk192m_stop
                0x000000000000b5aa        0x6 zephyr/drivers/clock_control/libdrivers__clock_control.a(clock_control_nrf.c.obj)
 .text.lfclk_stop
                0x000000000000b5b0        0x6 zephyr/drivers/clock_control/libdrivers__clock_control.a(clock_control_nrf.c.obj)
 .text.blocking_start_callback
                0x000000000000b5b6        0x6 zephyr/drivers/clock_control/libdrivers__clock_control.a(clock_control_nrf.c.obj)
 .text.qspi_handler
                0x000000000000b5bc        0xc zephyr/drivers/flash/libdrivers__flash.a(nrf_qspi_nor.c.obj)
 .text.qspi_send_cmd.constprop.0
                0x000000000000b5c8       0x62 zephyr/drivers/flash/libdrivers__flash.a(nrf_qspi_nor.c.obj)
 .text.qspi_rdsr.constprop.0.isra.0
                0x000000000000b62a       0x36 zephyr/drivers/flash/libdrivers__flash.a(nrf_qspi_nor.c.obj)
 .text.qspi_nor_write_protection_set.isra.0
                0x000000000000b660       0x2a zephyr/drivers/flash/libdrivers__flash.a(nrf_qspi_nor.c.obj)
 .text.qspi_release
                0x000000000000b68a       0x34 zephyr/drivers/flash/libdrivers__flash.a(nrf_qspi_nor.c.obj)
 .text.qspi_acquire
                0x000000000000b6be       0x2e zephyr/drivers/flash/libdrivers__flash.a(nrf_qspi_nor.c.obj)
 .text.is_regular_addr_valid
                0x000000000000b6ec       0x22 zephyr/drivers/flash/libdrivers__flash.a(soc_flash_nrf.c.obj)
 .text.flash_nrf_read
                0x000000000000b70e       0x28 zephyr/drivers/flash/libdrivers__flash.a(soc_flash_nrf.c.obj)
 .text.flash_get_page_info
                0x000000000000b736       0x62 zephyr/drivers/flash/libdrivers__flash.a(flash_page_layout.c.obj)
 .text.z_impl_flash_get_page_info_by_offs
                0x000000000000b798        0x8 zephyr/drivers/flash/libdrivers__flash.a(flash_page_layout.c.obj)
                0x000000000000b798                z_impl_flash_get_page_info_by_offs
 .text.flash_page_foreach
                0x000000000000b7a0       0x58 zephyr/drivers/flash/libdrivers__flash.a(flash_page_layout.c.obj)
                0x000000000000b7a0                flash_page_foreach
 .text.gpio_nrfx_port_get_raw
                0x000000000000b7f8        0xc zephyr/drivers/gpio/libdrivers__gpio.a(gpio_nrfx.c.obj)
 .text.gpio_nrfx_port_set_masked_raw
                0x000000000000b804       0x14 zephyr/drivers/gpio/libdrivers__gpio.a(gpio_nrfx.c.obj)
 .text.gpio_nrfx_port_set_bits_raw
                0x000000000000b818        0xa zephyr/drivers/gpio/libdrivers__gpio.a(gpio_nrfx.c.obj)
 .text.gpio_nrfx_port_clear_bits_raw
                0x000000000000b822        0xa zephyr/drivers/gpio/libdrivers__gpio.a(gpio_nrfx.c.obj)
 .text.gpio_nrfx_port_toggle_bits
                0x000000000000b82c       0x14 zephyr/drivers/gpio/libdrivers__gpio.a(gpio_nrfx.c.obj)
 .text.z_impl_hwinfo_get_device_id
                0x000000000000b840       0x2c zephyr/drivers/hwinfo/libdrivers__hwinfo.a(hwinfo_nrf.c.obj)
                0x000000000000b840                z_impl_hwinfo_get_device_id
 .text.pinctrl_lookup_state
                0x000000000000b86c       0x26 zephyr/drivers/pinctrl/libdrivers__pinctrl.a(common.c.obj)
                0x000000000000b86c                pinctrl_lookup_state
 .text.regulator_common_data_init
                0x000000000000b892       0x10 zephyr/drivers/regulator/libdrivers__regulator.a(regulator_common.c.obj)
                0x000000000000b892                regulator_common_data_init
 .text.regulator_set_voltage
                0x000000000000b8a2       0x28 zephyr/drivers/regulator/libdrivers__regulator.a(regulator_common.c.obj)
                0x000000000000b8a2                regulator_set_voltage
 .text.regulator_set_mode
                0x000000000000b8ca       0x3e zephyr/drivers/regulator/libdrivers__regulator.a(regulator_common.c.obj)
                0x000000000000b8ca                regulator_set_mode
 .text.regulator_common_init
                0x000000000000b908       0xa4 zephyr/drivers/regulator/libdrivers__regulator.a(regulator_common.c.obj)
                0x000000000000b908                regulator_common_init
 .text.gpio_pin_configure_dt
                0x000000000000b9ac       0x34 zephyr/drivers/regulator/libdrivers__regulator.a(regulator_fixed.c.obj)
 .text.gpio_pin_set
                0x000000000000b9e0       0x20 zephyr/drivers/regulator/libdrivers__regulator.a(regulator_fixed.c.obj)
 .text.regulator_fixed_enable
                0x000000000000ba00       0x1e zephyr/drivers/regulator/libdrivers__regulator.a(regulator_fixed.c.obj)
 .text.regulator_fixed_count_voltages
                0x000000000000ba1e        0xe zephyr/drivers/regulator/libdrivers__regulator.a(regulator_fixed.c.obj)
 .text.regulator_fixed_list_voltage
                0x000000000000ba2c       0x1a zephyr/drivers/regulator/libdrivers__regulator.a(regulator_fixed.c.obj)
 .text.regulator_fixed_init
                0x000000000000ba46       0x52 zephyr/drivers/regulator/libdrivers__regulator.a(regulator_fixed.c.obj)
 .text.regulator_fixed_disable