Archive member included to satisfy reference by file (symbol)

platform/libplatform_s.a(hw_init.o)
                              secure_fw/CMakeFiles/tfm_s.dir/__/platform/ext/target/nordic_nrf/common/core/startup.o (hw_init_reset_on_boot)
platform/libplatform_s.a(system_nrf5340_application.o)
                              secure_fw/CMakeFiles/tfm_s.dir/__/platform/ext/target/nordic_nrf/common/core/startup.o (SystemInit)
platform/libplatform_s.a(exception_info.o)
                              secure_fw/CMakeFiles/tfm_s.dir/__/platform/ext/target/nordic_nrf/common/core/startup_nrf5340.o (store_and_dump_context)
platform/libplatform_s.a(tfm_hal_spm_logdev_peripheral.o)
                              platform/libplatform_s.a(exception_info.o) (tfm_hal_output_spm_log)
platform/libplatform_s.a(uart_stdout.o)
                              platform/libplatform_s.a(tfm_hal_spm_logdev_peripheral.o) (stdio_output_string)
platform/libplatform_s.a(Driver_USART.o)
                              platform/libplatform_s.a(uart_stdout.o) (Driver_USART0)
platform/libplatform_s.a(nrfx_uarte.o)
                              platform/libplatform_s.a(Driver_USART.o) (nrfx_uarte_init)
platform/libplatform_s.a(nrfx_glue.o)
                              platform/libplatform_s.a(nrfx_uarte.o) (nrfx_critical_section_enter)
secure_fw/partitions/lib/runtime/libtfm_sprt.a(crt_memmove.o)
                              platform/libplatform_s.a(nrfx_uarte.o) (memmove)
secure_fw/partitions/lib/runtime/libtfm_sprt.a(crt_memcpy.o)
                              platform/libplatform_s.a(exception_info.o) (memcpy)
secure_fw/partitions/lib/runtime/libtfm_sprt.a(crt_memset.o)
                              c:/ncs/toolchains/c57af46cb7/opt/zephyr-sdk/arm-zephyr-eabi/bin/../lib/gcc/arm-zephyr-eabi/12.2.0/../../../../arm-zephyr-eabi/lib/thumb/v8-m.main+fp/hard/crt0.o (memset)
secure_fw/partitions/lib/runtime/libtfm_sprt.a(psa_api_ipc.o)
                              secure_fw/CMakeFiles/tfm_s.dir/partitions/ns_agent_tz/psa_api_veneers_v80m.o (psa_framework_version)
secure_fw/partitions/lib/runtime/libtfm_sprt.a(sprt_partition_metadata_indicator.o)
                              secure_fw/partitions/lib/runtime/libtfm_sprt.a(psa_api_ipc.o) (p_partition_metadata)
secure_fw/spm/libtfm_spm.a(utilities.o)
                              secure_fw/CMakeFiles/tfm_s.dir/__/platform/ext/target/nordic_nrf/common/core/startup.o (tfm_core_panic)
secure_fw/spm/libtfm_spm.a(spm_log.o)
                              platform/libplatform_s.a(exception_info.o) (spm_log_msgval)
secure_fw/spm/libtfm_spm.a(main.o)
                              c:/ncs/toolchains/c57af46cb7/opt/zephyr-sdk/arm-zephyr-eabi/bin/../lib/gcc/arm-zephyr-eabi/12.2.0/../../../../arm-zephyr-eabi/lib/thumb/v8-m.main+fp/hard/crt0.o (main)
secure_fw/spm/libtfm_spm.a(tfm_core_svcalls_ipc.o)
                              secure_fw/spm/libtfm_spm.a(main.o) (tfm_core_handler_mode)
secure_fw/spm/libtfm_spm.a(tfm_arch_v8m_main.o)
                              secure_fw/spm/libtfm_spm.a(main.o) (tfm_arch_set_secure_exception_priorities)
secure_fw/spm/libtfm_spm.a(ns_agent_tz_v80m.o)
                              secure_fw/CMakeFiles/tfm_s.dir/partitions/ns_agent_tz/load_info_ns_agent_tz.o (ns_agent_tz_main)
secure_fw/spm/libtfm_spm.a(tfm_hal_isolation.o)
                              secure_fw/spm/libtfm_spm.a(main.o) (tfm_hal_set_up_static_boundaries)
secure_fw/spm/libtfm_spm.a(faults.o)
                              secure_fw/CMakeFiles/tfm_s.dir/__/platform/ext/target/nordic_nrf/common/core/startup_nrf5340.o (SPU_IRQHandler)
secure_fw/spm/libtfm_spm.a(target_cfg.o)
                              secure_fw/spm/libtfm_spm.a(tfm_hal_isolation.o) (sau_and_idau_cfg)
secure_fw/spm/libtfm_spm.a(tfm_boot_data.o)
                              secure_fw/spm/libtfm_spm.a(main.o) (tfm_core_validate_boot_data)
secure_fw/spm/libtfm_spm.a(tfm_arch.o)
                              secure_fw/spm/libtfm_spm.a(tfm_core_svcalls_ipc.o) (tfm_arch_free_msp_and_exc_ret)
secure_fw/spm/libtfm_spm.a(spm_ipc.o)
                              secure_fw/spm/libtfm_spm.a(tfm_boot_data.o) (tfm_spm_partition_get_running_partition_id)
secure_fw/spm/libtfm_spm.a(spm_cross_call.o)
                              secure_fw/spm/libtfm_spm.a(tfm_arch_v8m_main.o) (cross_call_entering_c)
secure_fw/spm/libtfm_spm.a(rom_loader.o)
                              secure_fw/spm/libtfm_spm.a(spm_ipc.o) (load_a_partition_assuredly)
secure_fw/spm/libtfm_spm.a(psa_api.o)
                              secure_fw/spm/libtfm_spm.a(tfm_core_svcalls_ipc.o) (spm_handle_programmer_errors)
secure_fw/spm/libtfm_spm.a(backend_ipc.o)
                              secure_fw/spm/libtfm_spm.a(psa_api.o) (backend_replying)
secure_fw/spm/libtfm_spm.a(tfm_pools.o)
                              secure_fw/spm/libtfm_spm.a(spm_ipc.o) (tfm_pool_init)
secure_fw/spm/libtfm_spm.a(thread.o)
                              secure_fw/spm/libtfm_spm.a(backend_ipc.o) (thrd_set_query_callback)
[...]
Memory Configuration

Name             Origin             Length             Attributes
FLASH            0x0000000000010200 0x000000000000be00 xr
RAM              0x0000000020002000 0x0000000000008000 xrw
*default*        0x0000000000000000 0xffffffffffffffff

Linker script and memory map

LOAD c:/ncs/toolchains/c57af46cb7/opt/zephyr-sdk/arm-zephyr-eabi/bin/../lib/gcc/arm-zephyr-eabi/12.2.0/thumb/v8-m.main+fp/hard/crti.o
LOAD c:/ncs/toolchains/c57af46cb7/opt/zephyr-sdk/arm-zephyr-eabi/bin/../lib/gcc/arm-zephyr-eabi/12.2.0/thumb/v8-m.main+fp/hard/crtbegin.o
LOAD c:/ncs/toolchains/c57af46cb7/opt/zephyr-sdk/arm-zephyr-eabi/bin/../lib/gcc/arm-zephyr-eabi/12.2.0/../../../../arm-zephyr-eabi/lib/thumb/v8-m.main+fp/hard/crt0.o
LOAD secure_fw/CMakeFiles/tfm_s.dir/partitions/ns_agent_tz/psa_api_veneers_v80m.o
LOAD secure_fw/CMakeFiles/tfm_s.dir/__/platform/ext/target/nordic_nrf/common/core/startup.o
LOAD secure_fw/CMakeFiles/tfm_s.dir/__/platform/ext/target/nordic_nrf/common/core/startup_nrf5340.o
LOAD secure_fw/CMakeFiles/tfm_s.dir/__/platform/ext/common/faults.o
LOAD secure_fw/CMakeFiles/tfm_s.dir/__/generated/secure_fw/partitions/crypto/auto_generated/load_info_tfm_crypto.o
LOAD secure_fw/CMakeFiles/tfm_s.dir/__/generated/secure_fw/partitions/platform/auto_generated/load_info_tfm_platform.o
LOAD secure_fw/CMakeFiles/tfm_s.dir/partitions/ns_agent_tz/load_info_ns_agent_tz.o
LOAD secure_fw/CMakeFiles/tfm_s.dir/__/platform/ext/common/syscalls_stub.o
LOAD platform/libplatform_s.a
LOAD secure_fw/partitions/lib/runtime/libtfm_sprt.a
LOAD secure_fw/spm/libtfm_spm.a
LOAD secure_fw/partitions/crypto/libtfm_psa_rot_partition_crypto.a
LOAD platform/libplatform_crypto_keys.a
LOAD secure_fw/partitions/crypto/mbedcrypto/nrf_security_src/libcrypto_service_mbedcrypto.a
LOAD secure_fw/partitions/platform/libtfm_psa_rot_partition_platform.a
LOAD platform/libplatform_s.a
LOAD secure_fw/partitions/lib/runtime/libtfm_sprt.a
LOAD secure_fw/spm/libtfm_spm.a
LOAD secure_fw/partitions/crypto/libtfm_psa_rot_partition_crypto.a
LOAD platform/libplatform_crypto_keys.a
LOAD secure_fw/partitions/crypto/mbedcrypto/nrf_security_src/libcrypto_service_mbedcrypto.a
LOAD secure_fw/partitions/platform/libtfm_psa_rot_partition_platform.a
LOAD platform/libplatform_s.a
LOAD secure_fw/partitions/lib/runtime/libtfm_sprt.a
LOAD secure_fw/spm/libtfm_spm.a
LOAD secure_fw/partitions/crypto/libtfm_psa_rot_partition_crypto.a
LOAD platform/libplatform_crypto_keys.a
LOAD secure_fw/partitions/crypto/mbedcrypto/nrf_security_src/libcrypto_service_mbedcrypto.a
LOAD secure_fw/partitions/platform/libtfm_psa_rot_partition_platform.a
LOAD C:/ncs/main/nrfxlib/crypto/nrf_cc312_platform/lib/cortex-m33/hard-float/no-interrupts/libnrf_cc312_platform_0.9.18.a
LOAD C:/ncs/main/nrfxlib/crypto/nrf_oberon/lib/cortex-m33/hard-float/liboberon_mbedtls_3.0.13.a
LOAD secure_fw/partitions/crypto/mbedcrypto/nrf_security_src/libmbedcrypto_base.a
LOAD C:/ncs/main/nrfxlib/crypto/nrf_oberon/lib/cortex-m33/hard-float/liboberon_3.0.13.a
LOAD c:/ncs/toolchains/c57af46cb7/opt/zephyr-sdk/arm-zephyr-eabi/bin/../lib/gcc/arm-zephyr-eabi/12.2.0/../../../../arm-zephyr-eabi/lib/thumb/v8-m.main+fp/hard\libc_nano.a
START GROUP
LOAD c:/ncs/toolchains/c57af46cb7/opt/zephyr-sdk/arm-zephyr-eabi/bin/../lib/gcc/arm-zephyr-eabi/12.2.0/thumb/v8-m.main+fp/hard\libgcc.a
LOAD c:/ncs/toolchains/c57af46cb7/opt/zephyr-sdk/arm-zephyr-eabi/bin/../lib/gcc/arm-zephyr-eabi/12.2.0/../../../../arm-zephyr-eabi/lib/thumb/v8-m.main+fp/hard\libg_nano.a
LOAD c:/ncs/toolchains/c57af46cb7/opt/zephyr-sdk/arm-zephyr-eabi/bin/../lib/gcc/arm-zephyr-eabi/12.2.0/../../../../arm-zephyr-eabi/lib/thumb/v8-m.main+fp/hard\libc_nano.a
END GROUP
START GROUP
LOAD c:/ncs/toolchains/c57af46cb7/opt/zephyr-sdk/arm-zephyr-eabi/bin/../lib/gcc/arm-zephyr-eabi/12.2.0/thumb/v8-m.main+fp/hard\libgcc.a
LOAD c:/ncs/toolchains/c57af46cb7/opt/zephyr-sdk/arm-zephyr-eabi/bin/../lib/gcc/arm-zephyr-eabi/12.2.0/../../../../arm-zephyr-eabi/lib/thumb/v8-m.main+fp/hard\libc_nano.a
END GROUP
LOAD c:/ncs/toolchains/c57af46cb7/opt/zephyr-sdk/arm-zephyr-eabi/bin/../lib/gcc/arm-zephyr-eabi/12.2.0/thumb/v8-m.main+fp/hard/crtend.o
LOAD c:/ncs/toolchains/c57af46cb7/opt/zephyr-sdk/arm-zephyr-eabi/bin/../lib/gcc/arm-zephyr-eabi/12.2.0/thumb/v8-m.main+fp/hard/crtn.o
                0x0000000000000800                __msp_stack_size__ = 0x800
START GROUP
LOAD c:/ncs/toolchains/c57af46cb7/opt/zephyr-sdk/arm-zephyr-eabi/bin/../lib/gcc/arm-zephyr-eabi/12.2.0/thumb/v8-m.main+fp/hard\libgcc.a
LOAD c:/ncs/toolchains/c57af46cb7/opt/zephyr-sdk/arm-zephyr-eabi/bin/../lib/gcc/arm-zephyr-eabi/12.2.0/../../../../arm-zephyr-eabi/lib/thumb/v8-m.main+fp/hard\libc.a
LOAD c:/ncs/toolchains/c57af46cb7/opt/zephyr-sdk/arm-zephyr-eabi/bin/../lib/gcc/arm-zephyr-eabi/12.2.0/../../../../arm-zephyr-eabi/lib/thumb/v8-m.main+fp/hard\libm.a
LOAD c:/ncs/toolchains/c57af46cb7/opt/zephyr-sdk/arm-zephyr-eabi/bin/../lib/gcc/arm-zephyr-eabi/12.2.0/../../../../arm-zephyr-eabi/lib/thumb/v8-m.main+fp/hard\libnosys.a
LOAD c:/ncs/toolchains/c57af46cb7/opt/zephyr-sdk/arm-zephyr-eabi/bin/../lib/gcc/arm-zephyr-eabi/12.2.0/../../../../arm-zephyr-eabi/lib/thumb/v8-m.main+fp/hard\libc_nano.a
END GROUP

.TFM_VECTORS    0x0000000000010200      0x154
                0x0000000000010200                __vectors_start__ = .
 *(.vectors)
 .vectors       0x0000000000010200      0x154 secure_fw/CMakeFiles/tfm_s.dir/__/platform/ext/target/nordic_nrf/common/core/startup_nrf5340.o
                0x0000000000010200                __Vectors
                0x0000000000010354                . = ALIGN (0x4)
                0x0000000000010354                __vectors_end__ = .
                0x0000000000000001                ASSERT ((. <= (ADDR (.TFM_VECTORS) + 0x154)), .TFM_VECTORS section size overflow.)
                0x0000000000010354                . = (ADDR (.TFM_VECTORS) + 0x154)

.copy.table     0x0000000000010354       0x24
                0x0000000000010354                __copy_table_start__ = .
                0x0000000000010354        0x4 LONG 0x17c40 LOADADDR (.TFM_DATA)
                0x0000000000010358        0x4 LONG 0x20004da0 ADDR (.TFM_DATA)
                0x000000000001035c        0x4 LONG 0x4a (SIZEOF (.TFM_DATA) / 0x4)
                0x0000000000010360        0x4 LONG 0x14400 LOADADDR (.TFM_PSA_ROT_LINKER_DATA)
                0x0000000000010364        0x4 LONG 0x20003c40 ADDR (.TFM_PSA_ROT_LINKER_DATA)
                0x0000000000010368        0x4 LONG 0x0 (SIZEOF (.TFM_PSA_ROT_LINKER_DATA) / 0x4)
                0x000000000001036c        0x4 LONG 0x14400 LOADADDR (.TFM_APP_ROT_LINKER_DATA)
                0x0000000000010370        0x4 LONG 0x20003c20 ADDR (.TFM_APP_ROT_LINKER_DATA)
                0x0000000000010374        0x4 LONG 0x0 (SIZEOF (.TFM_APP_ROT_LINKER_DATA) / 0x4)
                0x0000000000010378                __copy_table_end__ = .

.zero.table     0x0000000000010378       0x20
                0x0000000000010378                __zero_table_start__ = .
                0x0000000000010378        0x4 LONG 0x20004ee0 ADDR (.TFM_BSS)
                0x000000000001037c        0x4 LONG 0x6d3 (SIZEOF (.TFM_BSS) / 0x4)
                0x0000000000010380        0x4 LONG 0x20003c40 ADDR (.TFM_PSA_ROT_LINKER_BSS)
                0x0000000000010384        0x4 LONG 0x458 (SIZEOF (.TFM_PSA_ROT_LINKER_BSS) / 0x4)
                0x0000000000010388        0x4 LONG 0x20003c20 ADDR (.TFM_APP_ROT_LINKER_BSS)
                0x000000000001038c        0x4 LONG 0x8 (SIZEOF (.TFM_APP_ROT_LINKER_BSS) / 0x4)
                0x0000000000010390        0x4 LONG 0x20003c00 ADDR (.TFM_SP_META_PTR)
                0x0000000000010394        0x4 LONG 0x8 (SIZEOF (.TFM_SP_META_PTR) / 0x4)
                0x0000000000010398                __zero_table_end__ = .

.TFM_SP_LOAD_LIST
                0x0000000000010398       0xc4
 *(.part_load_priority_lowest)
 .part_load_priority_lowest
                0x0000000000010398       0x30 secure_fw/CMakeFiles/tfm_s.dir/partitions/ns_agent_tz/load_info_ns_agent_tz.o
                0x0000000000010398                tfm_sp_ns_agent_tz_load
 *(.part_load_priority_low)
 *(.part_load_priority_normal)
 .part_load_priority_normal
                0x00000000000103c8       0x4c secure_fw/CMakeFiles/tfm_s.dir/__/generated/secure_fw/partitions/crypto/auto_generated/load_info_tfm_crypto.o
                0x00000000000103c8                tfm_sp_crypto_load
 .part_load_priority_normal
                0x0000000000010414       0x48 secure_fw/CMakeFiles/tfm_s.dir/__/generated/secure_fw/partitions/platform/auto_generated/load_info_tfm_platform.o
                0x0000000000010414                tfm_sp_platform_load
 *(.part_load_priority_high)
                0x0000000000010398                Image$$TFM_SP_LOAD_LIST$$RO$$Base = ADDR (.TFM_SP_LOAD_LIST)
                0x000000000001045c                Image$$TFM_SP_LOAD_LIST$$RO$$Limit = (ADDR (.TFM_SP_LOAD_LIST) + SIZEOF (.TFM_SP_LOAD_LIST))
                0x0000000000010460                . = ALIGN (0x20)
                0x0000000000010460                Image$$TFM_PSA_CODE_START$$Base = .

.TFM_PSA_ROT_LINKER
                0x0000000000010460      0x480
 *tfm_psa_rot_partition*:*(.text*)
 .text.tfm_crypto_init
                0x0000000000010460       0x20 secure_fw/partitions/crypto/libtfm_psa_rot_partition_crypto.a(crypto_init.o)
                0x0000000000010460                tfm_crypto_init
 .text.tfm_crypto_api_dispatcher
                0x0000000000010480       0xa4 secure_fw/partitions/crypto/libtfm_psa_rot_partition_crypto.a(crypto_init.o)
                0x0000000000010480                tfm_crypto_api_dispatcher
 .text.tfm_crypto_sfn
                0x0000000000010524      0x1f4 secure_fw/partitions/crypto/libtfm_psa_rot_partition_crypto.a(crypto_init.o)
                0x0000000000010524                tfm_crypto_sfn
 .text.tfm_crypto_init_alloc
                0x0000000000010718       0x14 secure_fw/partitions/crypto/libtfm_psa_rot_partition_crypto.a(crypto_alloc.o)
                0x0000000000010718                tfm_crypto_init_alloc
 .text.tfm_crypto_cipher_interface
                0x000000000001072c        0x8 secure_fw/partitions/crypto/libtfm_psa_rot_partition_crypto.a(crypto_cipher.o)
                0x000000000001072c                tfm_crypto_cipher_interface
 .text.tfm_crypto_hash_interface
                0x0000000000010734        0x8 secure_fw/partitions/crypto/libtfm_psa_rot_partition_crypto.a(crypto_hash.o)
                0x0000000000010734                tfm_crypto_hash_interface
 .text.tfm_crypto_mac_interface
                0x000000000001073c        0x8 secure_fw/partitions/crypto/libtfm_psa_rot_partition_crypto.a(crypto_mac.o)
                0x000000000001073c                tfm_crypto_mac_interface
 .text.tfm_crypto_aead_interface
                0x0000000000010744        0x8 secure_fw/partitions/crypto/libtfm_psa_rot_partition_crypto.a(crypto_aead.o)
                0x0000000000010744                tfm_crypto_aead_interface
 .text.tfm_crypto_asymmetric_sign_interface
                0x000000000001074c        0x8 secure_fw/partitions/crypto/libtfm_psa_rot_partition_crypto.a(crypto_asymmetric.o)
                0x000000000001074c                tfm_crypto_asymmetric_sign_interface
 .text.tfm_crypto_asymmetric_encrypt_interface
                0x0000000000010754        0x8 secure_fw/partitions/crypto/libtfm_psa_rot_partition_crypto.a(crypto_asymmetric.o)
                0x0000000000010754                tfm_crypto_asymmetric_encrypt_interface
 .text.tfm_crypto_key_derivation_interface
                0x000000000001075c        0x8 secure_fw/partitions/crypto/libtfm_psa_rot_partition_crypto.a(crypto_key_derivation.o)
                0x000000000001075c                tfm_crypto_key_derivation_interface
 .text.tfm_crypto_key_management_interface
                0x0000000000010764        0x8 secure_fw/partitions/crypto/libtfm_psa_rot_partition_crypto.a(crypto_key_management.o)
                0x0000000000010764                tfm_crypto_key_management_interface
 .text.tfm_crypto_random_interface
                0x000000000001076c        0x8 secure_fw/partitions/crypto/libtfm_psa_rot_partition_crypto.a(crypto_rng.o)
                0x000000000001076c                tfm_crypto_random_interface
 .text.tfm_crypto_library_get_info
                0x0000000000010774       0x1c secure_fw/partitions/crypto/libtfm_psa_rot_partition_crypto.a(crypto_library.o)
                0x0000000000010774                tfm_crypto_library_get_info
 .text.tfm_crypto_core_library_init
                0x0000000000010790       0x14 secure_fw/partitions/crypto/libtfm_psa_rot_partition_crypto.a(crypto_library.o)
                0x0000000000010790                tfm_crypto_core_library_init
 .text.tfm_platform_service_sfn
                0x00000000000107a4      0x124 secure_fw/partitions/platform/libtfm_psa_rot_partition_platform.a(platform_sp.o)
                0x00000000000107a4                tfm_platform_service_sfn
 .text.platform_sp_init
                0x00000000000108c8        0x4 secure_fw/partitions/platform/libtfm_psa_rot_partition_platform.a(platform_sp.o)
                0x00000000000108c8                platform_sp_init
 *tfm_psa_rot_partition*:*(.rodata*)
 .rodata.tfm_crypto_library_get_info.str1.4
                0x00000000000108cc        0xf secure_fw/partitions/crypto/libtfm_psa_rot_partition_crypto.a(crypto_library.o)
 *(TFM_*_PSA-ROT_ATTR_FN)
                0x00000000000108e0                . = ALIGN (0x20)
 *fill*         0x00000000000108db        0x5 
                0x0000000000010460                Image$$TFM_PSA_ROT_LINKER$$RO$$Base = ADDR (.TFM_PSA_ROT_LINKER)
                0x00000000000108e0                Image$$TFM_PSA_ROT_LINKER$$RO$$Limit = (ADDR (.TFM_PSA_ROT_LINKER) + SIZEOF (.TFM_PSA_ROT_LINKER))
                0x0000000000010460                Image$$TFM_PSA_ROT_LINKER$$Base = ADDR (.TFM_PSA_ROT_LINKER)
                0x00000000000108e0                Image$$TFM_PSA_ROT_LINKER$$Limit = (ADDR (.TFM_PSA_ROT_LINKER) + SIZEOF (.TFM_PSA_ROT_LINKER))
                0x00000000000108e0                Image$$TFM_PSA_CODE_END$$Base = .
                0x00000000000108e0                Image$$TFM_APP_CODE_START$$Base = .

.TFM_APP_ROT_LINKER
                0x00000000000108e0        0x0
 *tfm_app_rot_partition*:*(.text*)
 *tfm_app_rot_partition*:*(.rodata*)
 *(TFM_*_APP-ROT_ATTR_FN)
                0x00000000000108e0                . = ALIGN (0x20)
                0x00000000000108e0                Image$$TFM_APP_ROT_LINKER$$RO$$Base = ADDR (.TFM_APP_ROT_LINKER)
                0x00000000000108e0                Image$$TFM_APP_ROT_LINKER$$RO$$Limit = (ADDR (.TFM_APP_ROT_LINKER) + SIZEOF (.TFM_APP_ROT_LINKER))
                0x00000000000108e0                Image$$TFM_APP_ROT_LINKER$$Base = ADDR (.TFM_APP_ROT_LINKER)
                0x00000000000108e0                Image$$TFM_APP_ROT_LINKER$$Limit = (ADDR (.TFM_APP_ROT_LINKER) + SIZEOF (.TFM_APP_ROT_LINKER))
                0x00000000000108e0                Image$$TFM_APP_CODE_END$$Base = .

.ARM.extab
 *(.ARM.extab* .gnu.linkonce.armextab.*)
                0x00000000000108e0                __exidx_start = .

.ARM.exidx      0x00000000000108e0        0x8
 *(.ARM.exidx* .gnu.linkonce.armexidx.*)
 .ARM.exidx     0x00000000000108e0        0x8 c:/ncs/toolchains/c57af46cb7/opt/zephyr-sdk/arm-zephyr-eabi/bin/../lib/gcc/arm-zephyr-eabi/12.2.0/../../../../arm-zephyr-eabi/lib/thumb/v8-m.main+fp/hard/crt0.o
                                         0x10 (size before relaxing)
                0x00000000000108e8                __exidx_end = .

.ER_TFM_CODE    0x00000000000108f0     0x3b00
 *startup*(.text*)
 .text.default_irq_handler
                0x00000000000108f0        0x4 secure_fw/CMakeFiles/tfm_s.dir/__/platform/ext/target/nordic_nrf/common/core/startup.o
                0x00000000000108f0                default_irq_handler
 *fill*         0x00000000000108f4        0x4 
 .text.Reset_Handler
                0x00000000000108f8      0x10c secure_fw/CMakeFiles/tfm_s.dir/__/platform/ext/target/nordic_nrf/common/core/startup.o
                0x00000000000108f8                Reset_Handler
 .text.default_tfm_IRQHandler
                0x0000000000010a04       0x1c secure_fw/CMakeFiles/tfm_s.dir/__/platform/ext/target/nordic_nrf/common/core/startup_nrf5340.o
                0x0000000000010a04                TIMER2_IRQHandler
                0x0000000000010a04                DebugMon_Handler
                0x0000000000010a04                SPIM4_IRQHandler
                0x0000000000010a04                RTC0_IRQHandler
                0x0000000000010a04                SERIAL1_IRQHandler
                0x0000000000010a04                SysTick_Handler
                0x0000000000010a04                PWM1_IRQHandler
                0x0000000000010a04                SERIAL3_IRQHandler
                0x0000000000010a04                NMI_Handler
                0x0000000000010a04                WDT0_IRQHandler
                0x0000000000010a04                I2S0_IRQHandler
                0x0000000000010a04                default_tfm_IRQHandler
                0x0000000000010a04                IPC_IRQHandler
                0x0000000000010a04                SERIAL2_IRQHandler
                0x0000000000010a04                PWM3_IRQHandler
                0x0000000000010a04                QDEC1_IRQHandler
                0x0000000000010a04                FPU_IRQHandler
                0x0000000000010a04                USBD_IRQHandler
                0x0000000000010a04                EGU3_IRQHandler
                0x0000000000010a04                KMU_IRQHandler
                0x0000000000010a04                CRYPTOCELL_IRQHandler
                0x0000000000010a04                EGU2_IRQHandler
                0x0000000000010a04                TIMER0_IRQHandler
                0x0000000000010a04                CACHE_IRQHandler
                0x0000000000010a04                EGU4_IRQHandler
                0x0000000000010a04                EGU0_IRQHandler
                0x0000000000010a04                GPIOTE1_IRQHandler
                0x0000000000010a04                TIMER1_IRQHandler
                0x0000000000010a04                PWM2_IRQHandler
                0x0000000000010a04                EGU1_IRQHandler
                0x0000000000010a04                EGU5_IRQHandler
                0x0000000000010a04                SAADC_IRQHandler
                0x0000000000010a04                GPIOTE0_IRQHandler
                0x0000000000010a04                QDEC0_IRQHandler
                0x0000000000010a04                PWM0_IRQHandler
                0x0000000000010a04                RTC1_IRQHandler
                0x0000000000010a04                SERIAL0_IRQHandler
                0x0000000000010a04                USBREGULATOR_IRQHandler
                0x0000000000010a04                NFCT_IRQHandler
                0x0000000000010a04                WDT1_IRQHandler
                0x0000000000010a04                QSPI_IRQHandler
                0x0000000000010a04                COMP_LPCOMP_IRQHandler
                0x0000000000010a04                CLOCK_POWER_IRQHandler
                0x0000000000010a04                PDM0_IRQHandler
 *libplatform_s*:*(.text*)
 .text.hw_init_reset_on_boot
                0x0000000000010a20       0xd4 platform/libplatform_s.a(hw_init.o)
                0x0000000000010a20                hw_init_reset_on_boot
 .text.SystemInit
                0x0000000000010af4      0x2b8 platform/libplatform_s.a(system_nrf5340_application.o)
                0x0000000000010af4                SystemInit
 .text.tfm_exception_info_get_context
                0x0000000000010dac        0xc platform/libplatform_s.a(exception_info.o)
                0x0000000000010dac                tfm_exception_info_get_context
 .text.store_and_dump_context
                0x0000000000010db8      0x134 platform/libplatform_s.a(exception_info.o)
                0x0000000000010db8                store_and_dump_context
 .text.tfm_hal_output_spm_log
                0x0000000000010eec        0x4 platform/libplatform_s.a(tfm_hal_spm_logdev_peripheral.o)
                0x0000000000010eec                tfm_hal_output_spm_log
 .text.stdio_output_string
                0x0000000000010ef0       0x2c platform/libplatform_s.a(uart_stdout.o)
                0x0000000000010ef0                stdio_output_string
 .text.stdio_init
                0x0000000000010f1c       0x2c platform/libplatform_s.a(uart_stdout.o)
                0x0000000000010f1c                stdio_init
 .text.ARM_USART_GetVersion
                0x0000000000010f48       0x1c platform/libplatform_s.a(Driver_USART.o)
 .text.ARM_USART_GetCapabilities
                0x0000000000010f64        0x4 platform/libplatform_s.a(Driver_USART.o)
 .text.ARM_USART_Transfer
                0x0000000000010f68        0x8 platform/libplatform_s.a(Driver_USART.o)
 .text.ARM_USART_GetStatus
                0x0000000000010f70        0xc platform/libplatform_s.a(Driver_USART.o)
 .text.ARM_USART_SetModemControl
                0x0000000000010f7c        0x8 platform/libplatform_s.a(Driver_USART.o)
 .text.ARM_USART_GetModemStatus
                0x0000000000010f84        0xc platform/libplatform_s.a(Driver_USART.o)
 .text.ARM_USART0_PowerControl
                0x0000000000010f90        0xc platform/libplatform_s.a(Driver_USART.o)
 .text.ARM_USART0_GetTxCount
                0x0000000000010f9c        0xc platform/libplatform_s.a(Driver_USART.o)
 .text.ARM_USART0_GetRxCount
                0x0000000000010fa8        0xc platform/libplatform_s.a(Driver_USART.o)
 .text.ARM_USART0_Uninitialize
                0x0000000000010fb4       0x18 platform/libplatform_s.a(Driver_USART.o)
 .text.ARM_USART0_Control
                0x0000000000010fcc      0x1bc platform/libplatform_s.a(Driver_USART.o)
 .text.ARM_USART0_Receive
                0x0000000000011188       0x3c platform/libplatform_s.a(Driver_USART.o)
 .text.ARM_USARTx_Send.constprop.0
                0x00000000000111c4       0x78 platform/libplatform_s.a(Driver_USART.o)
 .text.ARM_USART0_Send
                0x000000000001123c        0x4 platform/libplatform_s.a(Driver_USART.o)
 .text.uart_config_set_uart_pins
                0x0000000000011240       0x44 platform/libplatform_s.a(Driver_USART.o)
                0x0000000000011240                uart_config_set_uart_pins
 *fill*         0x0000000000011284        0x4 
 .text.ARM_USART0_Initialize
                0x0000000000011288       0x80 platform/libplatform_s.a(Driver_USART.o)
 .text.rx_flush.part.0
                0x0000000000011308       0x6c platform/libplatform_s.a(nrfx_uarte.o)
 .text.tx_prepare_start.isra.0
                0x0000000000011374       0x90 platform/libplatform_s.a(nrfx_uarte.o)
 .text.rx_abort
                0x0000000000011404       0xbc platform/libplatform_s.a(nrfx_uarte.o)
 .text.on_rx_disabled
                0x00000000000114c0       0x74 platform/libplatform_s.a(nrfx_uarte.o)
 .text.uarte_configure
                0x0000000000011534      0x2a4 platform/libplatform_s.a(nrfx_uarte.o)
 .text.nrfx_uarte_init
                0x00000000000117d8      0x1b0 platform/libplatform_s.a(nrfx_uarte.o)
                0x00000000000117d8                nrfx_uarte_init
 .text.nrfx_uarte_tx
                0x0000000000011988      0x2c8 platform/libplatform_s.a(nrfx_uarte.o)
                0x0000000000011988                nrfx_uarte_tx
 .text.nrfx_uarte_tx_abort
                0x0000000000011c50       0xcc platform/libplatform_s.a(nrfx_uarte.o)
                0x0000000000011c50                nrfx_uarte_tx_abort
 .text.nrfx_uarte_uninit
                0x0000000000011d1c      0x19c platform/libplatform_s.a(nrfx_uarte.o)
                0x0000000000011d1c                nrfx_uarte_uninit
 .text.nrfx_uarte_rx_enable
                0x0000000000011eb8      0x134 platform/libplatform_s.a(nrfx_uarte.o)
                0x0000000000011eb8                nrfx_uarte_rx_enable
 .text.nrfx_uarte_rx_buffer_set
                0x0000000000011fec      0x180 platform/libplatform_s.a(nrfx_uarte.o)
                0x0000000000011fec                nrfx_uarte_rx_buffer_set
 .text.nrfx_uarte_rx
                0x000000000001216c       0x94 platform/libplatform_s.a(nrfx_uarte.o)
                0x000000000001216c                nrfx_uarte_rx
 .text.nrfx_critical_section_enter
                0x0000000000012200       0x10 platform/libplatform_s.a(nrfx_glue.o)
                0x0000000000012200                nrfx_critical_section_enter
 .text.nrfx_critical_section_exit
                0x0000000000012210       0x14 platform/libplatform_s.a(nrfx_glue.o)
                0x0000000000012210                nrfx_critical_section_exit
 .text.mpu_armv8m_enable
                0x0000000000012224       0x38 platform/libplatform_s.a(mpu_armv8m_drv.o)
                0x0000000000012224                mpu_armv8m_enable
 .text.mpu_armv8m_region_enable
                0x000000000001225c       0x78 platform/libplatform_s.a(mpu_armv8m_drv.o)
                0x000000000001225c                mpu_armv8m_region_enable
 .text.mpu_armv8m_clean
                0x00000000000122d4       0x28 platform/libplatform_s.a(mpu_armv8m_drv.o)
                0x00000000000122d4                mpu_armv8m_clean
 .text.spu_enable_interrupts
                0x00000000000122fc       0x10 platform/libplatform_s.a(spu.o)
                0x00000000000122fc                spu_enable_interrupts
 .text.spu_events_get
                0x000000000001230c       0x28 platform/libplatform_s.a(spu.o)
                0x000000000001230c                spu_events_get
 .text.spu_clear_events
                0x0000000000012334       0x24 platform/libplatform_s.a(spu.o)
                0x0000000000012334                spu_clear_events
 .text.spu_regions_reset_unlocked_secure
                0x0000000000012358       0x3c platform/libplatform_s.a(spu.o)
                0x0000000000012358                spu_regions_reset_unlocked_secure
 .text.spu_regions_flash_config
                0x0000000000012394       0x3c platform/libplatform_s.a(spu.o)
                0x0000000000012394                spu_regions_flash_config
 .text.spu_regions_sram_config
                0x00000000000123d0       0x40 platform/libplatform_s.a(spu.o)
                0x00000000000123d0                spu_regions_sram_config
 .text.spu_regions_flash_config_non_secure_callable
                0x0000000000012410       0x30 platform/libplatform_s.a(spu.o)
                0x0000000000012410                spu_regions_flash_config_non_secure_callable
 .text.spu_regions_flash_get_base_address_in_region
                0x0000000000012440        0x4 platform/libplatform_s.a(spu.o)
                0x0000000000012440                spu_regions_flash_get_base_address_in_region
 .text.spu_regions_flash_get_last_address_in_region
                0x0000000000012444        0xc platform/libplatform_s.a(spu.o)
                0x0000000000012444                spu_regions_flash_get_last_address_in_region
 .text.spu_regions_flash_get_start_id
                0x0000000000012450        0x4 platform/libplatform_s.a(spu.o)
                0x0000000000012450                spu_regions_flash_get_start_id
 .text.spu_regions_flash_get_last_id
                0x0000000000012454        0x4 platform/libplatform_s.a(spu.o)
                0x0000000000012454                spu_regions_flash_get_last_id
 .text.spu_regions_flash_get_region_size
                0x0000000000012458        0x8 platform/libplatform_s.a(spu.o)
                0x0000000000012458                spu_regions_flash_get_region_size
 .text.spu_regions_sram_get_base_address_in_region
                0x0000000000012460        0xc platform/libplatform_s.a(spu.o)
                0x0000000000012460                spu_regions_sram_get_base_address_in_region
 .text.spu_regions_sram_get_last_address_in_region
                0x000000000001246c       0x10 platform/libplatform_s.a(spu.o)
                0x000000000001246c                spu_regions_sram_get_last_address_in_region
 .text.spu_regions_sram_get_start_id
                0x000000000001247c        0x4 platform/libplatform_s.a(spu.o)
                0x000000000001247c                spu_regions_sram_get_start_id
 .text.spu_regions_sram_get_last_id
                0x0000000000012480        0x4 platform/libplatform_s.a(spu.o)
                0x0000000000012480                spu_regions_sram_get_last_id
 .text.spu_regions_sram_get_region_size
                0x0000000000012484        0x8 platform/libplatform_s.a(spu.o)
                0x0000000000012484                spu_regions_sram_get_region_size
 .text.spu_peripheral_config_secure
                0x000000000001248c       0x18 platform/libplatform_s.a(spu.o)
                0x000000000001248c                spu_peripheral_config_secure
 .text.spu_peripheral_config_non_secure
                0x00000000000124a4       0x14 platform/libplatform_s.a(spu.o)
                0x00000000000124a4                spu_peripheral_config_non_secure
 .text.nrf_exception_info_store_context
                0x00000000000124b8       0x20 platform/libplatform_s.a(nrf_exception_info.o)
                0x00000000000124b8                nrf_exception_info_store_context
 .text.nrf_exception_info_get_context
                0x00000000000124d8        0xc platform/libplatform_s.a(nrf_exception_info.o)
                0x00000000000124d8                nrf_exception_info_get_context
 .text.tfm_hal_platform_init
                0x00000000000124e4       0x30 platform/libplatform_s.a(tfm_hal_platform.o)
                0x00000000000124e4                tfm_hal_platform_init
 .text.tfm_plat_otp_init
                0x0000000000012514        0x4 platform/libplatform_s.a(dummy_otp.o)
                0x0000000000012514                tfm_plat_otp_init
 .text.tfm_hal_system_halt
                0x0000000000012518        0xc platform/libplatform_s.a(tfm_hal_reset_halt.o)
                0x0000000000012518                tfm_hal_system_halt
 .text.tfm_plat_provisioning_is_required
                0x0000000000012524        0x4 platform/libplatform_s.a(dummy_provisioning.o)
                0x0000000000012524                tfm_plat_provisioning_is_required
 .text.tfm_plat_provisioning_perform
                0x0000000000012528        0x4 platform/libplatform_s.a(dummy_provisioning.o)
                0x0000000000012528                tfm_plat_provisioning_perform
 .text.tfm_plat_provisioning_check_for_dummy_keys
                0x000000000001252c        0x4 platform/libplatform_s.a(dummy_provisioning.o)
                0x000000000001252c                tfm_plat_provisioning_check_for_dummy_keys
 .text.ns_fault_service_set_handler
                0x0000000000012530       0x1c platform/libplatform_s.a(ns_fault_service.o)
                0x0000000000012530                ns_fault_service_set_handler
 .text.call_ns_callback
                0x000000000001254c      0x100 platform/libplatform_s.a(ns_fault_service.o)
                0x000000000001254c                call_ns_callback
 .text.ns_fault_service_call_handler
                0x000000000001264c       0x44 platform/libplatform_s.a(ns_fault_service.o)
                0x000000000001264c                ns_fault_service_call_handler
 .text.tfm_platform_hal_system_reset
                0x0000000000012690       0x24 platform/libplatform_s.a(tfm_platform_system.o)
                0x0000000000012690                tfm_platform_hal_system_reset
 .text.tfm_platform_hal_ioctl
                0x00000000000126b4       0x70 platform/libplatform_s.a(tfm_platform_system.o)
                0x00000000000126b4                tfm_platform_hal_ioctl
 .text.tfm_platform_hal_read_service
                0x0000000000012724       0x68 platform/libplatform_s.a(tfm_platform_hal_ioctl.o)
                0x0000000000012724                tfm_platform_hal_read_service
 .text.tfm_platform_hal_gpio_service
                0x000000000001278c       0x8c platform/libplatform_s.a(tfm_platform_hal_ioctl.o)
                0x000000000001278c                tfm_platform_hal_gpio_service
 *libtfm_spm*:*(.text*)
 .text.tfm_core_panic
                0x0000000000012818        0x4 secure_fw/spm/libtfm_spm.a(utilities.o)
                0x0000000000012818                tfm_core_panic
 .text.spm_log_msgval
                0x000000000001281c       0x5c secure_fw/spm/libtfm_spm.a(spm_log.o)
                0x000000000001281c                spm_log_msgval
 .text.startup.main
                0x0000000000012878       0x80 secure_fw/spm/libtfm_spm.a(main.o)
                0x0000000000012878                main
 .text.tfm_core_svc_handler
                0x00000000000128f8       0x88 secure_fw/spm/libtfm_spm.a(tfm_core_svcalls_ipc.o)
                0x00000000000128f8                tfm_core_svc_handler
 .text.tfm_core_handler_mode
                0x0000000000012980        0x4 secure_fw/spm/libtfm_spm.a(tfm_core_svcalls_ipc.o)
                0x0000000000012980                tfm_core_handler_mode
 .text.arch_non_preempt_call
                0x0000000000012984       0x64 secure_fw/spm/libtfm_spm.a(tfm_arch_v8m_main.o)
                0x0000000000012984                arch_non_preempt_call
 .text.PendSV_Handler
                0x00000000000129e8       0x54 secure_fw/spm/libtfm_spm.a(tfm_arch_v8m_main.o)
                0x00000000000129e8                PendSV_Handler
 .text.SVC_Handler
                0x0000000000012a3c       0x68 secure_fw/spm/libtfm_spm.a(tfm_arch_v8m_main.o)
                0x0000000000012a3c                SVC_Handler
 .text.tfm_arch_set_secure_exception_priorities
                0x0000000000012aa4       0x28 secure_fw/spm/libtfm_spm.a(tfm_arch_v8m_main.o)
                0x0000000000012aa4                tfm_arch_set_secure_exception_priorities
 .text.tfm_arch_config_extensions
                0x0000000000012acc       0x44 secure_fw/spm/libtfm_spm.a(tfm_arch_v8m_main.o)
                0x0000000000012acc                tfm_arch_config_extensions
 .text.tfm_arch_clear_fp_data
                0x0000000000012b10       0x8c secure_fw/spm/libtfm_spm.a(tfm_arch_v8m_main.o)
                0x0000000000012b10                tfm_arch_clear_fp_data
 .text.ns_agent_tz_main
                0x0000000000012b9c       0x60 secure_fw/spm/libtfm_spm.a(ns_agent_tz_v80m.o)
                0x0000000000012b9c                ns_agent_tz_main
 .text.tfm_hal_bind_boundary
                0x0000000000012bfc       0x88 secure_fw/spm/libtfm_spm.a(tfm_hal_isolation.o)
                0x0000000000012bfc                tfm_hal_bind_boundary
 .text.tfm_hal_activate_boundary
                0x0000000000012c84       0x1c secure_fw/spm/libtfm_spm.a(tfm_hal_isolation.o)
                0x0000000000012c84                tfm_hal_activate_boundary
 .text.tfm_hal_memory_check
                0x0000000000012ca0      0x164 secure_fw/spm/libtfm_spm.a(tfm_hal_isolation.o)
                0x0000000000012ca0                tfm_hal_memory_check
 .text.mpu_init_cfg
                0x0000000000012e04      0x11c secure_fw/spm/libtfm_spm.a(tfm_hal_isolation.o)
                0x0000000000012e04                mpu_init_cfg
 .text.tfm_hal_set_up_static_boundaries
                0x0000000000012f20       0x28 secure_fw/spm/libtfm_spm.a(tfm_hal_isolation.o)
                0x0000000000012f20                tfm_hal_set_up_static_boundaries
 .text.tfm_hal_boundary_need_switch
                0x0000000000012f48       0x1c secure_fw/spm/libtfm_spm.a(tfm_hal_isolation.o)
                0x0000000000012f48                tfm_hal_boundary_need_switch
 .text.SPU_Handler
                0x0000000000012f64       0x20 secure_fw/spm/libtfm_spm.a(faults.o)
                0x0000000000012f64                SPU_Handler
 .text.SPU_IRQHandler
                0x0000000000012f84       0x1c secure_fw/spm/libtfm_spm.a(faults.o)
                0x0000000000012f84                SPU_IRQHandler
 .text.enable_fault_handlers
                0x0000000000012fa0       0x14 secure_fw/spm/libtfm_spm.a(target_cfg.o)
                0x0000000000012fa0                enable_fault_handlers
 .text.system_reset_cfg
                0x0000000000012fb4       0x18 secure_fw/spm/libtfm_spm.a(target_cfg.o)
                0x0000000000012fb4                system_reset_cfg
 .text.init_debug
                0x0000000000012fcc       0x2c secure_fw/spm/libtfm_spm.a(target_cfg.o)
                0x0000000000012fcc                init_debug
 .text.nvic_interrupt_target_state_cfg
                0x0000000000012ff8       0x40 secure_fw/spm/libtfm_spm.a(target_cfg.o)
                0x0000000000012ff8                nvic_interrupt_target_state_cfg
 .text.nvic_interrupt_enable
                0x0000000000013038       0x18 secure_fw/spm/libtfm_spm.a(target_cfg.o)
                0x0000000000013038                nvic_interrupt_enable
 .text.sau_and_idau_cfg
                0x0000000000013050       0x20 secure_fw/spm/libtfm_spm.a(target_cfg.o)
                0x0000000000013050                sau_and_idau_cfg
 .text.spu_init_cfg
                0x0000000000013070       0x58 secure_fw/spm/libtfm_spm.a(target_cfg.o)
                0x0000000000013070                spu_init_cfg
 .text.spu_periph_init_cfg
                0x00000000000130c8       0x78 secure_fw/spm/libtfm_spm.a(target_cfg.o)
                0x00000000000130c8                spu_periph_init_cfg
 .text.tfm_core_validate_boot_data
                0x0000000000013140        0xc secure_fw/spm/libtfm_spm.a(tfm_boot_data.o)
                0x0000000000013140                tfm_core_validate_boot_data
 .text.tfm_core_get_boot_data_handler
                0x000000000001314c       0x3c secure_fw/spm/libtfm_spm.a(tfm_boot_data.o)
                0x000000000001314c                tfm_core_get_boot_data_handler
 .text.tfm_arch_free_msp_and_exc_ret
                0x0000000000013188        0xc secure_fw/spm/libtfm_spm.a(tfm_arch.o)
                0x0000000000013188                tfm_arch_free_msp_and_exc_ret
 .text.tfm_arch_set_context_ret_code
                0x0000000000013194       0x14 secure_fw/spm/libtfm_spm.a(tfm_arch.o)
                0x0000000000013194                tfm_arch_set_context_ret_code
 .text.tfm_arch_trigger_pendsv
                0x00000000000131a8       0x18 secure_fw/spm/libtfm_spm.a(tfm_arch.o)
                0x00000000000131a8                tfm_arch_trigger_pendsv
 .text.tfm_arch_init_context
                0x00000000000131c0       0x60 secure_fw/spm/libtfm_spm.a(tfm_arch.o)
                0x00000000000131c0                tfm_arch_init_context
 .text.tfm_arch_refresh_hardware_context
                0x0000000000013220       0x14 secure_fw/spm/libtfm_spm.a(tfm_arch.o)
                0x0000000000013220                tfm_arch_refresh_hardware_context
 .text.connection_to_handle
                0x0000000000013234       0x28 secure_fw/spm/libtfm_spm.a(spm_ipc.o)
                0x0000000000013234                connection_to_handle
 .text.spm_allocate_connection
                0x000000000001325c       0x20 secure_fw/spm/libtfm_spm.a(spm_ipc.o)
                0x000000000001325c                spm_allocate_connection
 .text.spm_free_connection
                0x000000000001327c       0x1c secure_fw/spm/libtfm_spm.a(spm_ipc.o)
                0x000000000001327c                spm_free_connection
 .text.spm_get_handle_by_signal
                0x0000000000013298       0x54 secure_fw/spm/libtfm_spm.a(spm_ipc.o)
                0x0000000000013298                spm_get_handle_by_signal
 .text.tfm_spm_get_service_by_sid
                0x00000000000132ec       0x38 secure_fw/spm/libtfm_spm.a(spm_ipc.o)
                0x00000000000132ec                tfm_spm_get_service_by_sid
 .text.tfm_spm_check_client_version
                0x0000000000013324       0x24 secure_fw/spm/libtfm_spm.a(spm_ipc.o)
                0x0000000000013324                tfm_spm_check_client_version
 .text.tfm_spm_check_authorization
                0x0000000000013348       0x4c secure_fw/spm/libtfm_spm.a(spm_ipc.o)
                0x0000000000013348                tfm_spm_check_authorization
 .text.spm_msg_handle_to_connection
                0x0000000000013394       0x50 secure_fw/spm/libtfm_spm.a(spm_ipc.o)
                0x0000000000013394                spm_msg_handle_to_connection
 .text.spm_fill_message
                0x00000000000133e4       0x30 secure_fw/spm/libtfm_spm.a(spm_ipc.o)
                0x00000000000133e4                spm_fill_message
 .text.tfm_spm_partition_get_running_partition_id
                0x0000000000013414       0x20 secure_fw/spm/libtfm_spm.a(spm_ipc.o)
                0x0000000000013414                tfm_spm_partition_get_running_partition_id
 .text.tfm_spm_is_ns_caller
                0x0000000000013434       0x2c secure_fw/spm/libtfm_spm.a(spm_ipc.o)
                0x0000000000013434                tfm_spm_is_ns_caller
 .text.tfm_spm_get_client_id
                0x0000000000013460       0x3c secure_fw/spm/libtfm_spm.a(spm_ipc.o)
                0x0000000000013460                tfm_spm_get_client_id
 .text.tfm_spm_init
                0x000000000001349c       0x78 secure_fw/spm/libtfm_spm.a(spm_ipc.o)
                0x000000000001349c                tfm_spm_init
 .text.update_caller_outvec_len
                0x0000000000013514       0x40 secure_fw/spm/libtfm_spm.a(spm_ipc.o)
                0x0000000000013514                update_caller_outvec_len
 .text.cross_call_entering_c
                0x0000000000013554       0x34 secure_fw/spm/libtfm_spm.a(spm_cross_call.o)
                0x0000000000013554                cross_call_entering_c
 .text.cross_call_exiting_c
                0x0000000000013588       0x30 secure_fw/spm/libtfm_spm.a(spm_cross_call.o)
                0x0000000000013588                cross_call_exiting_c
 .text.spm_interface_cross_dispatcher
                0x00000000000135b8       0x48 secure_fw/spm/libtfm_spm.a(spm_cross_call.o)
                0x00000000000135b8                spm_interface_cross_dispatcher
 .text.load_a_partition_assuredly
                0x0000000000013600       0xec secure_fw/spm/libtfm_spm.a(rom_loader.o)
                0x0000000000013600                load_a_partition_assuredly
 .text.load_services_assuredly
                0x00000000000136ec       0xd8 secure_fw/spm/libtfm_spm.a(rom_loader.o)
                0x00000000000136ec                load_services_assuredly
 .text.load_irqs_assuredly
                0x00000000000137c4        0x4 secure_fw/spm/libtfm_spm.a(rom_loader.o)
                0x00000000000137c4                load_irqs_assuredly
 .text.spm_handle_programmer_errors
                0x00000000000137c8       0x1c secure_fw/spm/libtfm_spm.a(psa_api.o)
                0x00000000000137c8                spm_handle_programmer_errors
 .text.tfm_spm_get_lifecycle_state
                0x00000000000137e4        0x4 secure_fw/spm/libtfm_spm.a(psa_api.o)
                0x00000000000137e4                tfm_spm_get_lifecycle_state
 .text.tfm_spm_partition_psa_wait
                0x00000000000137e8       0x38 secure_fw/spm/libtfm_spm.a(psa_api.o)
                0x00000000000137e8                tfm_spm_partition_psa_wait
 .text.tfm_spm_partition_psa_get
                0x0000000000013820       0x74 secure_fw/spm/libtfm_spm.a(psa_api.o)
                0x0000000000013820                tfm_spm_partition_psa_get
 .text.tfm_spm_partition_psa_reply
                0x0000000000013894       0xb4 secure_fw/spm/libtfm_spm.a(psa_api.o)
                0x0000000000013894                tfm_spm_partition_psa_reply
 .text.tfm_spm_partition_psa_panic
                0x0000000000013948        0x4 secure_fw/spm/libtfm_spm.a(psa_api.o)
                0x0000000000013948                tfm_spm_partition_psa_panic
 .text.query_state
                0x000000000001394c       0x48 secure_fw/spm/libtfm_spm.a(backend_ipc.o)
 .text.backend_messaging
                0x0000000000013994       0x5c secure_fw/spm/libtfm_spm.a(backend_ipc.o)
                0x0000000000013994                backend_messaging
 .text.backend_replying
                0x00000000000139f0       0x1c secure_fw/spm/libtfm_spm.a(backend_ipc.o)
                0x00000000000139f0                backend_replying
 .text.backend_init_comp_assuredly
                0x0000000000013a0c       0xf8 secure_fw/spm/libtfm_spm.a(backend_ipc.o)
                0x0000000000013a0c                backend_init_comp_assuredly
 .text.backend_system_run
                0x0000000000013b04       0x48 secure_fw/spm/libtfm_spm.a(backend_ipc.o)
                0x0000000000013b04                backend_system_run
 .text.backend_wait_signals
                0x0000000000013b4c       0x24 secure_fw/spm/libtfm_spm.a(backend_ipc.o)
                0x0000000000013b4c                backend_wait_signals
 .text.ipc_schedule
                0x0000000000013b70       0x8c secure_fw/spm/libtfm_spm.a(backend_ipc.o)
                0x0000000000013b70                ipc_schedule
 .text.tfm_pool_init
                0x0000000000013bfc       0x68 secure_fw/spm/libtfm_spm.a(tfm_pools.o)
                0x0000000000013bfc                tfm_pool_init
 .text.tfm_pool_alloc
                0x0000000000013c64       0x18 secure_fw/spm/libtfm_spm.a(tfm_pools.o)
                0x0000000000013c64                tfm_pool_alloc
 .text.tfm_pool_free
                0x0000000000013c7c        0xc secure_fw/spm/libtfm_spm.a(tfm_pools.o)
                0x0000000000013c7c                tfm_pool_free
 .text.is_valid_chunk_data_in_pool
                0x0000000000013c88       0x2c secure_fw/spm/libtfm_spm.a(tfm_pools.o)
                0x0000000000013c88                is_valid_chunk_data_in_pool
 .text.thrd_set_query_callback
                0x0000000000013cb4        0xc secure_fw/spm/libtfm_spm.a(thread.o)
                0x0000000000013cb4                thrd_set_query_callback
 .text.thrd_next
                0x0000000000013cc0       0x4c secure_fw/spm/libtfm_spm.a(thread.o)
                0x0000000000013cc0                thrd_next
 .text.thrd_start
                0x0000000000013d0c       0x5c secure_fw/spm/libtfm_spm.a(thread.o)
                0x0000000000013d0c                thrd_start
 .text.thrd_start_scheduler
                0x0000000000013d68       0x1c secure_fw/spm/libtfm_spm.a(thread.o)
                0x0000000000013d68                thrd_start_scheduler
 .text.tfm_nspm_get_current_client_id
                0x0000000000013d84        0x8 secure_fw/spm/libtfm_spm.a(tfm_spm_ns_ctx.o)
                0x0000000000013d84                tfm_nspm_get_current_client_id
 .text.tfm_nspm_ctx_init
                0x0000000000013d8c       0x18 secure_fw/spm/libtfm_spm.a(tfm_spm_ns_ctx.o)
                0x0000000000013d8c                tfm_nspm_ctx_init
 .text.tfm_hal_platform_common_init
                0x0000000000013da4       0x30 secure_fw/spm/libtfm_spm.a(tfm_hal_platform_common.o)
                0x0000000000013da4                tfm_hal_platform_common_init
 .text.tfm_hal_get_ns_VTOR
                0x0000000000013dd4        0xc secure_fw/spm/libtfm_spm.a(tfm_hal_platform_common.o)
                0x0000000000013dd4                tfm_hal_get_ns_VTOR
 .text.tfm_hal_get_ns_MSP
                0x0000000000013de0        0xc secure_fw/spm/libtfm_spm.a(tfm_hal_platform_common.o)
                0x0000000000013de0                tfm_hal_get_ns_MSP
 .text.tfm_hal_get_ns_entry_point
                0x0000000000013dec        0xc secure_fw/spm/libtfm_spm.a(tfm_hal_platform_common.o)
                0x0000000000013dec                tfm_hal_get_ns_entry_point
 .text.tfm_spm_client_psa_call
                0x0000000000013df8      0x218 secure_fw/spm/libtfm_spm.a(psa_call_api.o)
                0x0000000000013df8                tfm_spm_client_psa_call
 .text.tfm_spm_client_psa_framework_version
                0x0000000000014010        0x8 secure_fw/spm/libtfm_spm.a(psa_version_api.o)
                0x0000000000014010                tfm_spm_client_psa_framework_version
 .text.tfm_spm_client_psa_version
                0x0000000000014018       0x2c secure_fw/spm/libtfm_spm.a(psa_version_api.o)
                0x0000000000014018                tfm_spm_client_psa_version
 .text.tfm_spm_partition_psa_read
                0x0000000000014044       0x90 secure_fw/spm/libtfm_spm.a(psa_read_write_skip_api.o)
                0x0000000000014044                tfm_spm_partition_psa_read
 .text.tfm_spm_partition_psa_skip
                0x00000000000140d4       0x4c secure_fw/spm/libtfm_spm.a(psa_read_write_skip_api.o)
                0x00000000000140d4                tfm_spm_partition_psa_skip
 .text.tfm_spm_partition_psa_write
                0x0000000000014120       0x84 secure_fw/spm/libtfm_spm.a(psa_read_write_skip_api.o)
                0x0000000000014120                tfm_spm_partition_psa_write
 *libplatform_s*:*(.rodata*)
 .rodata.CSWTCH.19
                0x00000000000141a4        0x4 platform/libplatform_s.a(system_nrf5340_application.o)
 .rodata.CSWTCH.7
                0x00000000000141a8        0x4 platform/libplatform_s.a(system_nrf5340_application.o)
 .rodata.CSWTCH.5
                0x00000000000141ac        0x4 platform/libplatform_s.a(system_nrf5340_application.o)
 .rodata.store_and_dump_context.str1.4
                0x00000000000141b0       0x8e platform/libplatform_s.a(exception_info.o)
 *fill*         0x000000000001423e        0x2 
 .rodata.Driver_USART0
                0x0000000000014240       0x38 platform/libplatform_s.a(Driver_USART.o)
                0x0000000000014240                Driver_USART0
 .rodata.UART0_pins
                0x0000000000014278       0x10 platform/libplatform_s.a(Driver_USART.o)
 .rodata.DriverVersion
                0x0000000000014288        0x4 platform/libplatform_s.a(Driver_USART.o)
 *fill*         0x000000000001428c        0x4 
 .rodata.delay_machine_code.0
                0x0000000000014290        0x6 platform/libplatform_s.a(nrfx_uarte.o)
 *fill*         0x0000000000014296        0x2 
 .rodata.nrf_exception_info_store_context.str1.4
                0x0000000000014298       0x20 platform/libplatform_s.a(nrf_exception_info.o)
 .rodata.ranges
                0x00000000000142b8       0x28 platform/libplatform_s.a(tfm_platform_hal_ioctl.o)
 *libtfm_spm*:*(.rodata*)
 .rodata.HEX_TABLE
                0x00000000000142e0       0x10 secure_fw/spm/libtfm_spm.a(spm_log.o)
 .rodata.main.str1.4
                0x00000000000142f0       0x89 secure_fw/spm/libtfm_spm.a(main.o)
 *fill*         0x0000000000014379        0x3 
 .rodata.tfm_core_svc_handler.str1.4
                0x000000000001437c       0x20 secure_fw/spm/libtfm_spm.a(tfm_core_svcalls_ipc.o)
 .rodata.target_peripherals.0
                0x000000000001439c       0x29 secure_fw/spm/libtfm_spm.a(target_cfg.o)
 *fill*         0x00000000000143c5        0x3 
 .rodata.memory_regions
                0x00000000000143c8       0x1c secure_fw/spm/libtfm_spm.a(target_cfg.o)
                0x00000000000143c8                memory_regions
 .rodata.serv_pool_ea
                0x00000000000143e4        0x4 secure_fw/spm/libtfm_spm.a(rom_loader.o)
 .rodata.part_pool_ea
                0x00000000000143e8        0x4 secure_fw/spm/libtfm_spm.a(rom_loader.o)
 .rodata.ldinf_ea
                0x00000000000143ec        0x4 secure_fw/spm/libtfm_spm.a(rom_loader.o)

.tfm_secure_data_start
                0x0000000020002000        0x0
                0x0000000020002000                . = ABSOLUTE (0x20002000)

.tfm_bl2_shared_data
                0x0000000020002000      0x400
                0x0000000020002400                . = (. + 0x400)
 *fill*         0x0000000020002000      0x400 

.msp_stack      0x0000000020002400      0x7f8
                0x0000000020002bf8                . = (. + (__msp_stack_size__ - 0x8))
 *fill*         0x0000000020002400      0x7f8 
                0x0000000020002400                Image$$ARM_LIB_STACK$$ZI$$Base = ADDR (.msp_stack)
                0x0000000020002bf8                Image$$ARM_LIB_STACK$$ZI$$Limit = (ADDR (.msp_stack) + SIZEOF (.msp_stack))

.msp_stack_seal_res
                0x0000000020002bf8        0x8
                0x0000000020002c00                . = (. + 0x8)
 *fill*         0x0000000020002bf8        0x8 
                0x0000000020002bf8                __StackSeal = ADDR (.msp_stack_seal_res)
                0x0000000000001000                __heap_size__ = 0x1000

.heap           0x0000000020002c00     0x1000
                0x0000000020002c00                __end__ = .
                [!provide]                        PROVIDE (end = .)
                0x0000000020002c00                __HeapBase = .
                0x0000000020003c00                . = (. + __heap_size__)
 *fill*         0x0000000020002c00     0x1000 
                0x0000000020003c00                __HeapLimit = .
                0x0000000020003c00                __heap_limit = .

.TFM_SP_META_PTR
                0x0000000020003c00       0x20
 *(.bss.SP_META_PTR_SPRTL_INST)
 .bss.SP_META_PTR_SPRTL_INST
                0x0000000020003c00        0x4 secure_fw/partitions/lib/runtime/libtfm_sprt.a(sprt_partition_metadata_indicator.o)
                0x0000000020003c00                p_partition_metadata
                0x0000000020003c20                . = ALIGN (0x20)
 *fill*         0x0000000020003c04       0x1c 
                0x0000000020003c00                Image$$TFM_SP_META_PTR$$ZI$$Base = ADDR (.TFM_SP_META_PTR)
                0x0000000020003c20                Image$$TFM_SP_META_PTR$$ZI$$Limit = (ADDR (.TFM_SP_META_PTR) + SIZEOF (.TFM_SP_META_PTR))
                0x0000000020003c20                . = ALIGN (0x20)
                0x0000000020003c20                Image$$TFM_APP_RW_STACK_START$$Base = .

.TFM_APP_ROT_LINKER_DATA
                0x0000000020003c20        0x0 load address 0x0000000000014400
 *tfm_app_rot_partition*:*(.data*)
 *(TFM_*_APP-ROT_ATTR_RW)
                0x0000000020003c20                . = ALIGN (0x4)
                0x0000000020003c20                Image$$TFM_APP_ROT_LINKER_DATA$$RW$$Base = ADDR (.TFM_APP_ROT_LINKER_DATA)
                0x0000000020003c20                Image$$TFM_APP_ROT_LINKER_DATA$$RW$$Limit = (ADDR (.TFM_APP_ROT_LINKER_DATA) + SIZEOF (.TFM_APP_ROT_LINKER_DATA))

.TFM_APP_ROT_LINKER_BSS
                0x0000000020003c20       0x20
                0x0000000020003c20                start_of_TFM_APP_ROT_LINKER = .
 *tfm_app_rot_partition*:*(.bss*)
 *tfm_app_rot_partition*:*(COMMON)
 *(TFM_*_APP-ROT_ATTR_ZI)
                0x0000000020003c24                . = (. + (. - start_of_TFM_APP_ROT_LINKER)?0x0:0x4)
 *fill*         0x0000000020003c20        0x4 
                0x0000000020003c40                . = ALIGN (0x20)
 *fill*         0x0000000020003c24       0x1c 
                0x0000000020003c20                Image$$TFM_APP_ROT_LINKER_DATA$$ZI$$Base = ADDR (.TFM_APP_ROT_LINKER_BSS)
                0x0000000020003c40                Image$$TFM_APP_ROT_LINKER_DATA$$ZI$$Limit = (ADDR (.TFM_APP_ROT_LINKER_BSS) + SIZEOF (.TFM_APP_ROT_LINKER_BSS))
                0x0000000020003c40                Image$$TFM_APP_RW_STACK_END$$Base = .
                0x0000000020003c40                Image$$TFM_PSA_RW_STACK_START$$Base = .

.TFM_PSA_ROT_LINKER_DATA
                0x0000000020003c40        0x0 load address 0x0000000000014400
 *tfm_psa_rot_partition*:*(.data*)
 *(TFM_*_PSA-ROT_ATTR_RW)
                0x0000000020003c40                . = ALIGN (0x4)
                0x0000000020003c40                Image$$TFM_PSA_ROT_LINKER_DATA$$RW$$Base = ADDR (.TFM_PSA_ROT_LINKER_DATA)
                0x0000000020003c40                Image$$TFM_PSA_ROT_LINKER_DATA$$RW$$Limit = (ADDR (.TFM_PSA_ROT_LINKER_DATA) + SIZEOF (.TFM_PSA_ROT_LINKER_DATA))

.TFM_PSA_ROT_LINKER_BSS
                0x0000000020003c40     0x1160
                0x0000000020003c40                start_of_TFM_PSA_ROT_LINKER = .
 *tfm_psa_rot_partition*:*(.bss*)
 .bss.scratch   0x0000000020003c40      0x408 secure_fw/partitions/crypto/libtfm_psa_rot_partition_crypto.a(crypto_init.o)
 .bss.operations
                0x0000000020004048       0x28 secure_fw/partitions/crypto/libtfm_psa_rot_partition_crypto.a(crypto_alloc.o)
 .bss.mbedtls_mem_buf
                0x0000000020004070        0x1 secure_fw/partitions/crypto/libtfm_psa_rot_partition_crypto.a(crypto_library.o)
 *fill*         0x0000000020004071        0x3 
 .bss.mbedtls_version_full
                0x0000000020004074       0x12 secure_fw/partitions/crypto/libtfm_psa_rot_partition_crypto.a(crypto_library.o)
 *fill*         0x0000000020004086        0x2 
 .bss.tfm_sp_crypto_stack
                0x0000000020004088      0x800 secure_fw/partitions/crypto/libtfm_psa_rot_partition_crypto.a(intermedia_tfm_crypto.o)
                0x0000000020004088                tfm_sp_crypto_stack
 .bss.tfm_sp_platform_stack
                0x0000000020004888      0x500 secure_fw/partitions/platform/libtfm_psa_rot_partition_platform.a(intermedia_tfm_platform.o)
                0x0000000020004888                tfm_sp_platform_stack
 *tfm_psa_rot_partition*:*(COMMON)
 *(TFM_*_PSA-ROT_ATTR_ZI)
                0x0000000020004d88                . = (. + (. - start_of_TFM_PSA_ROT_LINKER)?0x0:0x4)
                0x0000000020004da0                . = ALIGN (0x20)
 *fill*         0x0000000020004d88       0x18 
                0x0000000020003c40                Image$$TFM_PSA_ROT_LINKER_DATA$$ZI$$Base = ADDR (.TFM_PSA_ROT_LINKER_BSS)
                0x0000000020004da0                Image$$TFM_PSA_ROT_LINKER_DATA$$ZI$$Limit = (ADDR (.TFM_PSA_ROT_LINKER_BSS) + SIZEOF (.TFM_PSA_ROT_LINKER_BSS))
                0x0000000020004da0                Image$$TFM_PSA_RW_STACK_END$$Base = .

.TFM_UNPRIV_CODE
                0x0000000000014400     0x3740
 *(SFN)
 SFN            0x0000000000014400       0x90 secure_fw/CMakeFiles/tfm_s.dir/partitions/ns_agent_tz/psa_api_veneers_v80m.o
                0x0000000000014400                __acle_se_tfm_psa_framework_version_veneer
                0x0000000000014420                __acle_se_tfm_psa_version_veneer
                0x0000000000014440                __acle_se_tfm_psa_call_veneer
                0x0000000000014464                __acle_se_tfm_psa_connect_veneer
                0x0000000000014478                __acle_se_tfm_psa_close_veneer
 *(.text*)
 .text          0x0000000000014490       0x88 c:/ncs/toolchains/c57af46cb7/opt/zephyr-sdk/arm-zephyr-eabi/bin/../lib/gcc/arm-zephyr-eabi/12.2.0/thumb/v8-m.main+fp/hard/crtbegin.o
 .text          0x0000000000014518       0x7c c:/ncs/toolchains/c57af46cb7/opt/zephyr-sdk/arm-zephyr-eabi/bin/../lib/gcc/arm-zephyr-eabi/12.2.0/../../../../arm-zephyr-eabi/lib/thumb/v8-m.main+fp/hard/crt0.o
                0x0000000000014518                _stack_init
                0x0000000000014520                _start
                0x0000000000014520                _mainCRTStartup
 .text.clear_caller_context
                0x0000000000014594        0x8 secure_fw/CMakeFiles/tfm_s.dir/partitions/ns_agent_tz/psa_api_veneers_v80m.o
 .text.C_HardFault_Handler
                0x000000000001459c        0x4 secure_fw/CMakeFiles/tfm_s.dir/__/platform/ext/common/faults.o
                0x000000000001459c                C_HardFault_Handler
 .text.HardFault_Handler
                0x00000000000145a0       0x1c secure_fw/CMakeFiles/tfm_s.dir/__/platform/ext/common/faults.o
                0x00000000000145a0                HardFault_Handler
 .text.C_MemManage_Handler
                0x00000000000145bc        0x4 secure_fw/CMakeFiles/tfm_s.dir/__/platform/ext/common/faults.o
                0x00000000000145bc                C_MemManage_Handler
 .text.MemManage_Handler
                0x00000000000145c0       0x1c secure_fw/CMakeFiles/tfm_s.dir/__/platform/ext/common/faults.o
                0x00000000000145c0                MemManage_Handler
 .text.C_BusFault_Handler
                0x00000000000145dc        0x4 secure_fw/CMakeFiles/tfm_s.dir/__/platform/ext/common/faults.o
                0x00000000000145dc                C_BusFault_Handler
 .text.BusFault_Handler
                0x00000000000145e0       0x1c secure_fw/CMakeFiles/tfm_s.dir/__/platform/ext/common/faults.o
                0x00000000000145e0                BusFault_Handler
 .text.C_SecureFault_Handler
                0x00000000000145fc        0x4 secure_fw/CMakeFiles/tfm_s.dir/__/platform/ext/common/faults.o
                0x00000000000145fc                C_SecureFault_Handler
 .text.SecureFault_Handler
                0x0000000000014600       0x1c secure_fw/CMakeFiles/tfm_s.dir/__/platform/ext/common/faults.o
                0x0000000000014600                SecureFault_Handler
 .text.C_UsageFault_Handler
                0x000000000001461c        0x4 secure_fw/CMakeFiles/tfm_s.dir/__/platform/ext/common/faults.o
                0x000000000001461c                C_UsageFault_Handler
 .text.UsageFault_Handler
                0x0000000000014620       0x1c secure_fw/CMakeFiles/tfm_s.dir/__/platform/ext/common/faults.o
                0x0000000000014620                UsageFault_Handler
 .text.memmove  0x000000000001463c       0x9c secure_fw/partitions/lib/runtime/libtfm_sprt.a(crt_memmove.o)
                0x000000000001463c                memmove
 .text.memcpy   0x00000000000146d8       0x78 secure_fw/partitions/lib/runtime/libtfm_sprt.a(crt_memcpy.o)
                0x00000000000146d8                memcpy
 .text.memset   0x0000000000014750       0x60 secure_fw/partitions/lib/runtime/libtfm_sprt.a(crt_memset.o)
                0x0000000000014750                memset
 .text.psa_framework_version
                0x00000000000147b0       0x10 secure_fw/partitions/lib/runtime/libtfm_sprt.a(psa_api_ipc.o)
                0x00000000000147b0                psa_framework_version
 .text.psa_version
                0x00000000000147c0       0x10 secure_fw/partitions/lib/runtime/libtfm_sprt.a(psa_api_ipc.o)
                0x00000000000147c0                psa_version
 .text.tfm_psa_call_pack
                0x00000000000147d0       0x18 secure_fw/partitions/lib/runtime/libtfm_sprt.a(psa_api_ipc.o)
                0x00000000000147d0                tfm_psa_call_pack
 .text.psa_wait
                0x00000000000147e8       0x10 secure_fw/partitions/lib/runtime/libtfm_sprt.a(psa_api_ipc.o)
                0x00000000000147e8                psa_wait
 .text.psa_get  0x00000000000147f8       0x10 secure_fw/partitions/lib/runtime/libtfm_sprt.a(psa_api_ipc.o)
                0x00000000000147f8                psa_get
 .text.psa_read
                0x0000000000014808       0x18 secure_fw/partitions/lib/runtime/libtfm_sprt.a(psa_api_ipc.o)
                0x0000000000014808                psa_read
 .text.psa_write
                0x0000000000014820       0x18 secure_fw/partitions/lib/runtime/libtfm_sprt.a(psa_api_ipc.o)
                0x0000000000014820                psa_write
 .text.psa_reply
                0x0000000000014838       0x10 secure_fw/partitions/lib/runtime/libtfm_sprt.a(psa_api_ipc.o)
                0x0000000000014838                psa_reply
 .text.psa_panic
                0x0000000000014848       0x10 secure_fw/partitions/lib/runtime/libtfm_sprt.a(psa_api_ipc.o)
                0x0000000000014848                psa_panic
 .text.verify_header
                0x0000000000014858       0x44 secure_fw/partitions/crypto/mbedcrypto/nrf_security_src/libcrypto_service_mbedcrypto.a(memory_buffer_alloc.o)
 .text.verify_chain
                0x000000000001489c       0x68 secure_fw/partitions/crypto/mbedcrypto/nrf_security_src/libcrypto_service_mbedcrypto.a(memory_buffer_alloc.o)
 .text.buffer_alloc_free
                0x0000000000014904       0xe8 secure_fw/partitions/crypto/mbedcrypto/nrf_security_src/libcrypto_service_mbedcrypto.a(memory_buffer_alloc.o)
 .text.buffer_alloc_calloc
                0x00000000000149ec      0x10c secure_fw/partitions/crypto/mbedcrypto/nrf_security_src/libcrypto_service_mbedcrypto.a(memory_buffer_alloc.o)
 .text.mbedtls_memory_buffer_alloc_init
                0x0000000000014af8       0x64 secure_fw/partitions/crypto/mbedcrypto/nrf_security_src/libcrypto_service_mbedcrypto.a(memory_buffer_alloc.o)
                0x0000000000014af8                mbedtls_memory_buffer_alloc_init
 .text.platform_calloc_uninit
                0x0000000000014b5c        0x4 secure_fw/partitions/crypto/mbedcrypto/nrf_security_src/libcrypto_service_mbedcrypto.a(platform.o)
 .text.platform_free_uninit
                0x0000000000014b60        0x4 secure_fw/partitions/crypto/mbedcrypto/nrf_security_src/libcrypto_service_mbedcrypto.a(platform.o)
 .text.mbedtls_free
                0x0000000000014b64        0xc secure_fw/partitions/crypto/mbedcrypto/nrf_security_src/libcrypto_service_mbedcrypto.a(platform.o)
                0x0000000000014b64                mbedtls_free
 .text.mbedtls_platform_set_calloc_free
                0x0000000000014b70       0x1c secure_fw/partitions/crypto/mbedcrypto/nrf_security_src/libcrypto_service_mbedcrypto.a(platform.o)
                0x0000000000014b70                mbedtls_platform_set_calloc_free
 .text.psa_wipe_key_slot
                0x0000000000014b8c       0x34 secure_fw/partitions/crypto/mbedcrypto/nrf_security_src/libcrypto_service_mbedcrypto.a(psa_crypto.o)
                0x0000000000014b8c                psa_wipe_key_slot
 .text.mbedcrypto__psa_generate_random
                0x0000000000014bc0       0x20 secure_fw/partitions/crypto/mbedcrypto/nrf_security_src/libcrypto_service_mbedcrypto.a(psa_crypto.o)
                0x0000000000014bc0                mbedcrypto__psa_generate_random
 .text.mbedcrypto__psa_crypto_init
                0x0000000000014be0       0x58 secure_fw/partitions/crypto/mbedcrypto/nrf_security_src/libcrypto_service_mbedcrypto.a(psa_crypto.o)
                0x0000000000014be0                mbedcrypto__psa_crypto_init
 .text.psa_initialize_key_slots
                0x0000000000014c38       0x18 secure_fw/partitions/crypto/mbedcrypto/nrf_security_src/libcrypto_service_mbedcrypto.a(psa_crypto_slot_management.o)
                0x0000000000014c38                psa_initialize_key_slots
 .text.psa_wipe_all_key_slots
                0x0000000000014c50       0x2c secure_fw/partitions/crypto/mbedcrypto/nrf_security_src/libcrypto_service_mbedcrypto.a(psa_crypto_slot_management.o)
                0x0000000000014c50                psa_wipe_all_key_slots
 .text.psa_driver_wrapper_init
                0x0000000000014c7c        0x4 secure_fw/partitions/crypto/mbedcrypto/nrf_security_src/libcrypto_service_mbedcrypto.a(psa_crypto_driver_wrappers.o)
                0x0000000000014c7c                psa_driver_wrapper_init
 .text.psa_driver_wrapper_free
                0x0000000000014c80        0x4 secure_fw/partitions/crypto/mbedcrypto/nrf_security_src/libcrypto_service_mbedcrypto.a(psa_crypto_driver_wrappers.o)
                0x0000000000014c80                psa_driver_wrapper_free
 .text.psa_driver_wrapper_init_random
                0x0000000000014c84        0x4 secure_fw/partitions/crypto/mbedcrypto/nrf_security_src/libcrypto_service_mbedcrypto.a(psa_crypto_driver_wrappers.o)
                0x0000000000014c84                psa_driver_wrapper_init_random
 .text.psa_driver_wrapper_get_random
                0x0000000000014c88       0x24 secure_fw/partitions/crypto/mbedcrypto/nrf_security_src/libcrypto_service_mbedcrypto.a(psa_crypto_driver_wrappers.o)
                0x0000000000014c88                psa_driver_wrapper_get_random
 .text.psa_driver_wrapper_free_random
                0x0000000000014cac        0x4 secure_fw/partitions/crypto/mbedcrypto/nrf_security_src/libcrypto_service_mbedcrypto.a(psa_crypto_driver_wrappers.o)
                0x0000000000014cac                psa_driver_wrapper_free_random
 .text.common_sfn_thread
                0x0000000000014cb0       0xa8 secure_fw/partitions/lib/runtime/libtfm_sprt.a(sfn_common_thread.o)
                0x0000000000014cb0                common_sfn_thread
 .text.nrf_cc3xx_platform_init
                0x0000000000014d58       0x44 C:/ncs/main/nrfxlib/crypto/nrf_cc312_platform/lib/cortex-m33/hard-float/no-interrupts/libnrf_cc312_platform_0.9.18.a(nrf_cc3xx_platform.c.obj)
                0x0000000000014d58                nrf_cc3xx_platform_init
 .text.nrf_cc3xx_platform_ctr_drbg_init
                0x0000000000014d9c       0x60 C:/ncs/main/nrfxlib/crypto/nrf_cc312_platform/lib/cortex-m33/hard-float/no-interrupts/libnrf_cc312_platform_0.9.18.a(nrf_cc3xx_platform_ctr_drbg.c.obj)
                0x0000000000014d9c                nrf_cc3xx_platform_ctr_drbg_init
 .text.nrf_cc3xx_platform_ctr_drbg_get
                0x0000000000014dfc       0x44 C:/ncs/main/nrfxlib/crypto/nrf_cc312_platform/lib/cortex-m33/hard-float/no-interrupts/libnrf_cc312_platform_0.9.18.a(nrf_cc3xx_platform_ctr_drbg.c.obj)
                0x0000000000014dfc                nrf_cc3xx_platform_ctr_drbg_get
 .text.mbedtls_zeroize_internal
                0x0000000000014e40       0x14 C:/ncs/main/nrfxlib/crypto/nrf_cc312_platform/lib/cortex-m33/hard-float/no-interrupts/libnrf_cc312_platform_0.9.18.a(mbedtls_common.c.obj)
                0x0000000000014e40                mbedtls_zeroize_internal
 .text.mbedtls_platform_zeroize
                0x0000000000014e54       0x14 C:/ncs/main/nrfxlib/crypto/nrf_cc312_platform/lib/cortex-m33/hard-float/no-interrupts/libnrf_cc312_platform_0.9.18.a(mbedtls_common.c.obj)
                0x0000000000014e54                mbedtls_platform_zeroize
 .text.block_cipher_df
                0x0000000000014e68      0x1d0 C:/ncs/main/nrfxlib/crypto/nrf_cc312_platform/lib/cortex-m33/hard-float/no-interrupts/libnrf_cc312_platform_0.9.18.a(ctr_drbg.c.obj)
 .text.ctr_drbg_update_internal
                0x0000000000015038      0x174 C:/ncs/main/nrfxlib/crypto/nrf_cc312_platform/lib/cortex-m33/hard-float/no-interrupts/libnrf_cc312_platform_0.9.18.a(ctr_drbg.c.obj)
 .text.mbedtls_ctr_drbg_reseed_internal
                0x00000000000151ac       0xc4 C:/ncs/main/nrfxlib/crypto/nrf_cc312_platform/lib/cortex-m33/hard-float/no-interrupts/libnrf_cc312_platform_0.9.18.a(ctr_drbg.c.obj)
 .text.cc_mbedtls_ctr_drbg_init
                0x0000000000015270       0x2c C:/ncs/main/nrfxlib/crypto/nrf_cc312_platform/lib/cortex-m33/hard-float/no-interrupts/libnrf_cc312_platform_0.9.18.a(ctr_drbg.c.obj)
                0x0000000000015270                cc_mbedtls_ctr_drbg_init
 .text.cc_mbedtls_ctr_drbg_seed
                0x000000000001529c       0xa0 C:/ncs/main/nrfxlib/crypto/nrf_cc312_platform/lib/cortex-m33/hard-float/no-interrupts/libnrf_cc312_platform_0.9.18.a(ctr_drbg.c.obj)
                0x000000000001529c                cc_mbedtls_ctr_drbg_seed
 .text.cc_mbedtls_ctr_drbg_random_with_add
                0x000000000001533c      0x1e4 C:/ncs/main/nrfxlib/crypto/nrf_cc312_platform/lib/cortex-m33/hard-float/no-interrupts/libnrf_cc312_platform_0.9.18.a(ctr_drbg.c.obj)
                0x000000000001533c                cc_mbedtls_ctr_drbg_random_with_add
 .text.entropy_update
                0x0000000000015520       0x7c C:/ncs/main/nrfxlib/crypto/nrf_cc312_platform/lib/cortex-m33/hard-float/no-interrupts/libnrf_cc312_platform_0.9.18.a(entropy.c.obj)
 .text.entropy_gather_internal.part.0
                0x000000000001559c       0x88 C:/ncs/main/nrfxlib/crypto/nrf_cc312_platform/lib/cortex-m33/hard-float/no-interrupts/libnrf_cc312_platform_0.9.18.a(entropy.c.obj)
 .text.cc_mbedtls_entropy_init
                0x0000000000015624       0x84 C:/ncs/main/nrfxlib/crypto/nrf_cc312_platform/lib/cortex-m33/hard-float/no-interrupts/libnrf_cc312_platform_0.9.18.a(entropy.c.obj)
                0x0000000000015624                cc_mbedtls_entropy_init
 .text.cc_mbedtls_entropy_func
                0x00000000000156a8      0x110 C:/ncs/main/nrfxlib/crypto/nrf_cc312_platform/lib/cortex-m33/hard-float/no-interrupts/libnrf_cc312_platform_0.9.18.a(entropy.c.obj)
                0x00000000000156a8                cc_mbedtls_entropy_func
 .text.RndStartupTest.constprop.0
                0x00000000000157b8       0xac C:/ncs/main/nrfxlib/crypto/nrf_cc312_platform/lib/cortex-m33/hard-float/no-interrupts/libnrf_cc312_platform_0.9.18.a(cc_lib.c.obj)
 .text.CC_LibInit
                0x0000000000015864       0x74 C:/ncs/main/nrfxlib/crypto/nrf_cc312_platform/lib/cortex-m33/hard-float/no-interrupts/libnrf_cc312_platform_0.9.18.a(cc_lib.c.obj)
                0x0000000000015864                CC_LibInit
 .text.CC_HalInit
                0x00000000000158d8        0x4 C:/ncs/main/nrfxlib/crypto/nrf_cc312_platform/lib/cortex-m33/hard-float/no-interrupts/libnrf_cc312_platform_0.9.18.a(cc_hal.c.obj)
                0x00000000000158d8                CC_HalInit
 .text.CC_HalClearInterruptBit
                0x00000000000158dc       0x1c C:/ncs/main/nrfxlib/crypto/nrf_cc312_platform/lib/cortex-m33/hard-float/no-interrupts/libnrf_cc312_platform_0.9.18.a(cc_hal.c.obj)
                0x00000000000158dc                CC_HalClearInterruptBit
 .text.CC_HalMaskInterrupt
                0x00000000000158f8        0xc C:/ncs/main/nrfxlib/crypto/nrf_cc312_platform/lib/cortex-m33/hard-float/no-interrupts/libnrf_cc312_platform_0.9.18.a(cc_hal.c.obj)
                0x00000000000158f8                CC_HalMaskInterrupt
 .text.CC_HalWaitInterrupt
                0x0000000000015904        0xc C:/ncs/main/nrfxlib/crypto/nrf_cc312_platform/lib/cortex-m33/hard-float/no-interrupts/libnrf_cc312_platform_0.9.18.a(cc_hal.c.obj)
                0x0000000000015904                CC_HalWaitInterrupt
 .text.CC_HalWaitInterruptRND
                0x0000000000015910        0xc C:/ncs/main/nrfxlib/crypto/nrf_cc312_platform/lib/cortex-m33/hard-float/no-interrupts/libnrf_cc312_platform_0.9.18.a(cc_hal.c.obj)
                0x0000000000015910                CC_HalWaitInterruptRND
 .text.CC_PalInit
                0x000000000001591c       0x5c C:/ncs/main/nrfxlib/crypto/nrf_cc312_platform/lib/cortex-m33/hard-float/no-interrupts/libnrf_cc312_platform_0.9.18.a(cc_pal.c.obj)
                0x000000000001591c                CC_PalInit
 .text.CC_PalTerminate
                0x0000000000015978       0x34 C:/ncs/main/nrfxlib/crypto/nrf_cc312_platform/lib/cortex-m33/hard-float/no-interrupts/libnrf_cc312_platform_0.9.18.a(cc_pal.c.obj)
                0x0000000000015978                CC_PalTerminate
 .text.CC_PalDmaInit
                0x00000000000159ac        0x4 C:/ncs/main/nrfxlib/crypto/nrf_cc312_platform/lib/cortex-m33/hard-float/no-interrupts/libnrf_cc312_platform_0.9.18.a(cc_pal_dma.c.obj)
                0x00000000000159ac                CC_PalDmaInit
 .text.CC_PalDmaTerminate
                0x00000000000159b0        0x4 C:/ncs/main/nrfxlib/crypto/nrf_cc312_platform/lib/cortex-m33/hard-float/no-interrupts/libnrf_cc312_platform_0.9.18.a(cc_pal_dma.c.obj)
                0x00000000000159b0                CC_PalDmaTerminate
 .text.CC_PalWaitInterruptRND
                0x00000000000159b4       0x3c C:/ncs/main/nrfxlib/crypto/nrf_cc312_platform/lib/cortex-m33/hard-float/no-interrupts/libnrf_cc312_platform_0.9.18.a(cc_pal_interrupt_ctrl.c.obj)
                0x00000000000159b4                CC_PalWaitInterruptRND
 .text.CC_PalWaitInterrupt
                0x00000000000159f0       0x28 C:/ncs/main/nrfxlib/crypto/nrf_cc312_platform/lib/cortex-m33/hard-float/no-interrupts/libnrf_cc312_platform_0.9.18.a(cc_pal_interrupt_ctrl.c.obj)
                0x00000000000159f0                CC_PalWaitInterrupt
 .text.CC_PalMemCopyPlat
                0x0000000000015a18        0x4 C:/ncs/main/nrfxlib/crypto/nrf_cc312_platform/lib/cortex-m33/hard-float/no-interrupts/libnrf_cc312_platform_0.9.18.a(cc_pal_mem.c.obj)
                0x0000000000015a18                CC_PalMemCopyPlat
 .text.CC_PalMemSetPlat
                0x0000000000015a1c        0x4 C:/ncs/main/nrfxlib/crypto/nrf_cc312_platform/lib/cortex-m33/hard-float/no-interrupts/libnrf_cc312_platform_0.9.18.a(cc_pal_mem.c.obj)
                0x0000000000015a1c                CC_PalMemSetPlat
 .text.CC_PalMemSetZeroPlat
                0x0000000000015a20        0x8 C:/ncs/main/nrfxlib/crypto/nrf_cc312_platform/lib/cortex-m33/hard-float/no-interrupts/libnrf_cc312_platform_0.9.18.a(cc_pal_mem.c.obj)
                0x0000000000015a20                CC_PalMemSetZeroPlat
 .text.CC_PalMutexCreate
                0x0000000000015a28       0x14 C:/ncs/main/nrfxlib/crypto/nrf_cc312_platform/lib/cortex-m33/hard-float/no-interrupts/libnrf_cc312_platform_0.9.18.a(cc_pal_mutex.c.obj)
                0x0000000000015a28                CC_PalMutexCreate
 .text.CC_PalMutexDestroy
                0x0000000000015a3c       0x14 C:/ncs/main/nrfxlib/crypto/nrf_cc312_platform/lib/cortex-m33/hard-float/no-interrupts/libnrf_cc312_platform_0.9.18.a(cc_pal_mutex.c.obj)
                0x0000000000015a3c                CC_PalMutexDestroy
 .text.CC_PalMutexLock
                0x0000000000015a50       0x10 C:/ncs/main/nrfxlib/crypto/nrf_cc312_platform/lib/cortex-m33/hard-float/no-interrupts/libnrf_cc312_platform_0.9.18.a(cc_pal_mutex.c.obj)
                0x0000000000015a50                CC_PalMutexLock
 .text.CC_PalMutexUnlock
                0x0000000000015a60       0x14 C:/ncs/main/nrfxlib/crypto/nrf_cc312_platform/lib/cortex-m33/hard-float/no-interrupts/libnrf_cc312_platform_0.9.18.a(cc_pal_mutex.c.obj)
                0x0000000000015a60                CC_PalMutexUnlock
 .text.CC_PalPowerSaveModeInit
                0x0000000000015a74       0x3c C:/ncs/main/nrfxlib/crypto/nrf_cc312_platform/lib/cortex-m33/hard-float/no-interrupts/libnrf_cc312_platform_0.9.18.a(cc_pal_pm.c.obj)
                0x0000000000015a74                CC_PalPowerSaveModeInit
 .text.CC_PalPowerSaveModeSelect
                0x0000000000015ab0       0x84 C:/ncs/main/nrfxlib/crypto/nrf_cc312_platform/lib/cortex-m33/hard-float/no-interrupts/libnrf_cc312_platform_0.9.18.a(cc_pal_pm.c.obj)
                0x0000000000015ab0                CC_PalPowerSaveModeSelect
 .text.mutex_init
                0x0000000000015b34        0xc C:/ncs/main/nrfxlib/crypto/nrf_cc312_platform/lib/cortex-m33/hard-float/no-interrupts/libnrf_cc312_platform_0.9.18.a(threading_alt.c.obj)
                0x0000000000015b34                mutex_init
 .text.mutex_lock
                0x0000000000015b40        0xc C:/ncs/main/nrfxlib/crypto/nrf_cc312_platform/lib/cortex-m33/hard-float/no-interrupts/libnrf_cc312_platform_0.9.18.a(threading_alt.c.obj)
                0x0000000000015b40                mutex_lock
 .text.mutex_unlock
                0x0000000000015b4c        0xc C:/ncs/main/nrfxlib/crypto/nrf_cc312_platform/lib/cortex-m33/hard-float/no-interrupts/libnrf_cc312_platform_0.9.18.a(threading_alt.c.obj)
                0x0000000000015b4c                mutex_unlock
 .text.nrf_cc3xx_platform_abort
                0x0000000000015b58       0x24 C:/ncs/main/nrfxlib/crypto/nrf_cc312_platform/lib/cortex-m33/hard-float/no-interrupts/libnrf_cc312_platform_0.9.18.a(nrf_cc3xx_platform_abort.c.obj)
 .text.CC_PalAbort
                0x0000000000015b7c       0x44 C:/ncs/main/nrfxlib/crypto/nrf_cc312_platform/lib/cortex-m33/hard-float/no-interrupts/libnrf_cc312_platform_0.9.18.a(nrf_cc3xx_platform_abort.c.obj)
                0x0000000000015b7c                CC_PalAbort
 .text.mutex_free
                0x0000000000015bc0       0x34 C:/ncs/main/nrfxlib/crypto/nrf_cc312_platform/lib/cortex-m33/hard-float/no-interrupts/libnrf_cc312_platform_0.9.18.a(nrf_cc3xx_platform_mutex.c.obj)
 .text.mutex_lock
                0x0000000000015bf4       0x48 C:/ncs/main/nrfxlib/crypto/nrf_cc312_platform/lib/cortex-m33/hard-float/no-interrupts/libnrf_cc312_platform_0.9.18.a(nrf_cc3xx_platform_mutex.c.obj)
 .text.mutex_unlock
                0x0000000000015c3c       0x38 C:/ncs/main/nrfxlib/crypto/nrf_cc312_platform/lib/cortex-m33/hard-float/no-interrupts/libnrf_cc312_platform_0.9.18.a(nrf_cc3xx_platform_mutex.c.obj)
 .text.mutex_init
                0x0000000000015c74       0x20 C:/ncs/main/nrfxlib/crypto/nrf_cc312_platform/lib/cortex-m33/hard-float/no-interrupts/libnrf_cc312_platform_0.9.18.a(nrf_cc3xx_platform_mutex.c.obj)
 .text.startTrngHW
                0x0000000000015c94      0x130 C:/ncs/main/nrfxlib/crypto/nrf_cc312_platform/lib/cortex-m33/hard-float/no-interrupts/libnrf_cc312_platform_0.9.18.a(llf_rnd_trng90b.c.obj)
 .text.LLF_RND_RepetitionCounterTest
                0x0000000000015dc4       0x64 C:/ncs/main/nrfxlib/crypto/nrf_cc312_platform/lib/cortex-m33/hard-float/no-interrupts/libnrf_cc312_platform_0.9.18.a(llf_rnd_trng90b.c.obj)
                0x0000000000015dc4                LLF_RND_RepetitionCounterTest
 .text.LLF_RND_AdaptiveProportionTest
                0x0000000000015e28       0x80 C:/ncs/main/nrfxlib/crypto/nrf_cc312_platform/lib/cortex-m33/hard-float/no-interrupts/libnrf_cc312_platform_0.9.18.a(llf_rnd_trng90b.c.obj)
                0x0000000000015e28                LLF_RND_AdaptiveProportionTest
 .text.getTrngSource
                0x0000000000015ea8      0x2a8 C:/ncs/main/nrfxlib/crypto/nrf_cc312_platform/lib/cortex-m33/hard-float/no-interrupts/libnrf_cc312_platform_0.9.18.a(llf_rnd_trng90b.c.obj)
 .text.LLF_RND_GetTrngSource
                0x0000000000016150       0x18 C:/ncs/main/nrfxlib/crypto/nrf_cc312_platform/lib/cortex-m33/hard-float/no-interrupts/libnrf_cc312_platform_0.9.18.a(llf_rnd_trng90b.c.obj)
                0x0000000000016150                LLF_RND_GetTrngSource
 .text.LLF_RND_RunTrngStartupTest
                0x0000000000016168       0x1c C:/ncs/main/nrfxlib/crypto/nrf_cc312_platform/lib/cortex-m33/hard-float/no-interrupts/libnrf_cc312_platform_0.9.18.a(llf_rnd_trng90b.c.obj)
                0x0000000000016168                LLF_RND_RunTrngStartupTest
 .text.mbedtls_hardware_poll
                0x0000000000016184      0x104 C:/ncs/main/nrfxlib/crypto/nrf_cc312_platform/lib/cortex-m33/hard-float/no-interrupts/libnrf_cc312_platform_0.9.18.a(trng_api.c.obj)
                0x0000000000016184                mbedtls_hardware_poll
 .text.cc_mbedtls_aes_init
                0x0000000000016288       0x20 C:/ncs/main/nrfxlib/crypto/nrf_cc312_platform/lib/cortex-m33/hard-float/no-interrupts/libnrf_cc312_platform_0.9.18.a(aes_alt.c.obj)
                0x0000000000016288                cc_mbedtls_aes_init
 .text.cc_mbedtls_aes_free
                0x00000000000162a8        0xc C:/ncs/main/nrfxlib/crypto/nrf_cc312_platform/lib/cortex-m33/hard-float/no-interrupts/libnrf_cc312_platform_0.9.18.a(aes_alt.c.obj)
                0x00000000000162a8                cc_mbedtls_aes_free
 .text.cc_mbedtls_aes_setkey_enc
                0x00000000000162b4       0x44 C:/ncs/main/nrfxlib/crypto/nrf_cc312_platform/lib/cortex-m33/hard-float/no-interrupts/libnrf_cc312_platform_0.9.18.a(aes_alt.c.obj)
                0x00000000000162b4                cc_mbedtls_aes_setkey_enc
 .text.cc_mbedtls_aes_crypt_ecb
                0x00000000000162f8       0x50 C:/ncs/main/nrfxlib/crypto/nrf_cc312_platform/lib/cortex-m33/hard-float/no-interrupts/libnrf_cc312_platform_0.9.18.a(aes_alt.c.obj)
                0x00000000000162f8                cc_mbedtls_aes_crypt_ecb
 .text.cc_mbedtls_sha256_init
                0x0000000000016348       0x28 C:/ncs/main/nrfxlib/crypto/nrf_cc312_platform/lib/cortex-m33/hard-float/no-interrupts/libnrf_cc312_platform_0.9.18.a(sha256_alt.c.obj)
                0x0000000000016348                cc_mbedtls_sha256_init
 .text.cc_mbedtls_sha256_free
                0x0000000000016370        0xc C:/ncs/main/nrfxlib/crypto/nrf_cc312_platform/lib/cortex-m33/hard-float/no-interrupts/libnrf_cc312_platform_0.9.18.a(sha256_alt.c.obj)
                0x0000000000016370                cc_mbedtls_sha256_free
 .text.cc_mbedtls_sha256_starts
                0x000000000001637c       0x28 C:/ncs/main/nrfxlib/crypto/nrf_cc312_platform/lib/cortex-m33/hard-float/no-interrupts/libnrf_cc312_platform_0.9.18.a(sha256_alt.c.obj)
                0x000000000001637c                cc_mbedtls_sha256_starts
 .text.cc_mbedtls_sha256_update
                0x00000000000163a4       0x54 C:/ncs/main/nrfxlib/crypto/nrf_cc312_platform/lib/cortex-m33/hard-float/no-interrupts/libnrf_cc312_platform_0.9.18.a(sha256_alt.c.obj)
                0x00000000000163a4                cc_mbedtls_sha256_update
 .text.cc_mbedtls_sha256_finish
                0x00000000000163f8       0x48 C:/ncs/main/nrfxlib/crypto/nrf_cc312_platform/lib/cortex-m33/hard-float/no-interrupts/libnrf_cc312_platform_0.9.18.a(sha256_alt.c.obj)
                0x00000000000163f8                cc_mbedtls_sha256_finish
 .text.mbedtls_sha_starts_internal
                0x0000000000016440       0x28 C:/ncs/main/nrfxlib/crypto/nrf_cc312_platform/lib/cortex-m33/hard-float/no-interrupts/libnrf_cc312_platform_0.9.18.a(mbedtls_hash_common.c.obj)
                0x0000000000016440                mbedtls_sha_starts_internal
 .text.mbedtls_sha_finish_internal
                0x0000000000016468       0x5c C:/ncs/main/nrfxlib/crypto/nrf_cc312_platform/lib/cortex-m33/hard-float/no-interrupts/libnrf_cc312_platform_0.9.18.a(mbedtls_hash_common.c.obj)
                0x0000000000016468                mbedtls_sha_finish_internal
 .text.mbedtls_sha_update_internal
                0x00000000000164c4      0x1ec C:/ncs/main/nrfxlib/crypto/nrf_cc312_platform/lib/cortex-m33/hard-float/no-interrupts/libnrf_cc312_platform_0.9.18.a(mbedtls_hash_common.c.obj)
                0x00000000000164c4                mbedtls_sha_update_internal
 .text.cc_mbedtls_sha256
                0x00000000000166b0       0x50 C:/ncs/main/nrfxlib/crypto/nrf_cc312_platform/lib/cortex-m33/hard-float/no-interrupts/libnrf_cc312_platform_0.9.18.a(sha256.c.obj)
                0x00000000000166b0                cc_mbedtls_sha256
 .text.RNG_PLAT_SetUserRngParameters
                0x0000000000016700       0x74 C:/ncs/main/nrfxlib/crypto/nrf_cc312_platform/lib/cortex-m33/hard-float/no-interrupts/libnrf_cc312_platform_0.9.18.a(cc_rng_plat.c.obj)
                0x0000000000016700                RNG_PLAT_SetUserRngParameters
 .text.CC_PalTrngParamGet
                0x0000000000016774       0xac C:/ncs/main/nrfxlib/crypto/nrf_cc312_platform/lib/cortex-m33/hard-float/no-interrupts/libnrf_cc312_platform_0.9.18.a(cc_pal_trng.c.obj)
                0x0000000000016774                CC_PalTrngParamGet
 .text.LLF_RND_WaitRngInterrupt
                0x0000000000016820       0x20 C:/ncs/main/nrfxlib/crypto/nrf_cc312_platform/lib/cortex-m33/hard-float/no-interrupts/libnrf_cc312_platform_0.9.18.a(llf_rnd.c.obj)
                0x0000000000016820                LLF_RND_WaitRngInterrupt
 .text.LLF_RND_GetRoscSampleCnt
                0x0000000000016840       0x34 C:/ncs/main/nrfxlib/crypto/nrf_cc312_platform/lib/cortex-m33/hard-float/no-interrupts/libnrf_cc312_platform_0.9.18.a(llf_rnd.c.obj)
                0x0000000000016840                LLF_RND_GetRoscSampleCnt
 .text.LLF_RND_GetFastestRosc
                0x0000000000016874       0x20 C:/ncs/main/nrfxlib/crypto/nrf_cc312_platform/lib/cortex-m33/hard-float/no-interrupts/libnrf_cc312_platform_0.9.18.a(llf_rnd.c.obj)
                0x0000000000016874                LLF_RND_GetFastestRosc
 .text.LLF_RND_TurnOffTrng
                0x0000000000016894       0x24 C:/ncs/main/nrfxlib/crypto/nrf_cc312_platform/lib/cortex-m33/hard-float/no-interrupts/libnrf_cc312_platform_0.9.18.a(llf_rnd.c.obj)
                0x0000000000016894                LLF_RND_TurnOffTrng
 .text.SetDataBuffersInfo
                0x00000000000168b8       0x64 C:/ncs/main/nrfxlib/crypto/nrf_cc312_platform/lib/cortex-m33/hard-float/no-interrupts/libnrf_cc312_platform_0.9.18.a(driver_common.c.obj)
                0x00000000000168b8                SetDataBuffersInfo
 .text.InitHashDrv
                0x000000000001691c       0x50 C:/ncs/main/nrfxlib/crypto/nrf_cc312_platform/lib/cortex-m33/hard-float/no-interrupts/libnrf_cc312_platform_0.9.18.a(hash_driver.c.obj)
                0x000000000001691c                InitHashDrv
 .text.ProcessHashDrv
                0x000000000001696c      0x210 C:/ncs/main/nrfxlib/crypto/nrf_cc312_platform/lib/cortex-m33/hard-float/no-interrupts/libnrf_cc312_platform_0.9.18.a(hash_driver.c.obj)
                0x000000000001696c                ProcessHashDrv
 .text.FinishHashDrv
                0x0000000000016b7c       0x74 C:/ncs/main/nrfxlib/crypto/nrf_cc312_platform/lib/cortex-m33/hard-float/no-interrupts/libnrf_cc312_platform_0.9.18.a(hash_driver.c.obj)
                0x0000000000016b7c                FinishHashDrv
 .text.InitAes  0x0000000000016bf0       0xc8 C:/ncs/main/nrfxlib/crypto/nrf_cc312_platform/lib/cortex-m33/hard-float/no-interrupts/libnrf_cc312_platform_0.9.18.a(aes_driver.c.obj)
 .text.LoadAesKey
                0x0000000000016cb8      0x114 C:/ncs/main/nrfxlib/crypto/nrf_cc312_platform/lib/cortex-m33/hard-float/no-interrupts/libnrf_cc312_platform_0.9.18.a(aes_driver.c.obj)
 .text.write_invalid_key
                0x0000000000016dcc       0x50 C:/ncs/main/nrfxlib/crypto/nrf_cc312_platform/lib/cortex-m33/hard-float/no-interrupts/libnrf_cc312_platform_0.9.18.a(aes_driver.c.obj)
                0x0000000000016dcc                write_invalid_key
 .text.ProcessAesDrv
                0x0000000000016e1c      0x338 C:/ncs/main/nrfxlib/crypto/nrf_cc312_platform/lib/cortex-m33/hard-float/no-interrupts/libnrf_cc312_platform_0.9.18.a(aes_driver.c.obj)
                0x0000000000016e1c                ProcessAesDrv
 .text.FinishAesDrv
                0x0000000000017154      0x200 C:/ncs/main/nrfxlib/crypto/nrf_cc312_platform/lib/cortex-m33/hard-float/no-interrupts/libnrf_cc312_platform_0.9.18.a(aes_driver.c.obj)
                0x0000000000017154                FinishAesDrv
 .text.kmu_validate_slot_and_size
                0x0000000000017354       0x2c C:/ncs/main/nrfxlib/crypto/nrf_cc312_platform/lib/cortex-m33/hard-float/no-interrupts/libnrf_cc312_platform_0.9.18.a(kmu_shared.c.obj)
                0x0000000000017354                kmu_validate_slot_and_size
 .text.kmu_validate_slot_and_size_no_kdr
                0x0000000000017380       0x2c C:/ncs/main/nrfxlib/crypto/nrf_cc312_platform/lib/cortex-m33/hard-float/no-interrupts/libnrf_cc312_platform_0.9.18.a(kmu_shared.c.obj)
                0x0000000000017380                kmu_validate_slot_and_size_no_kdr
 .text.kmu_load_key_aes
                0x00000000000173ac      0x200 C:/ncs/main/nrfxlib/crypto/nrf_cc312_platform/lib/cortex-m33/hard-float/no-interrupts/libnrf_cc312_platform_0.9.18.a(kmu_shared.c.obj)
                0x00000000000173ac                kmu_load_key_aes
 .text.kmu_derive_cmac
                0x00000000000175ac      0x120 C:/ncs/main/nrfxlib/crypto/nrf_cc312_platform/lib/cortex-m33/hard-float/no-interrupts/libnrf_cc312_platform_0.9.18.a(kmu_shared.c.obj)
                0x00000000000175ac                kmu_derive_cmac
 .text.UtilCmacBuildDataForDerivation
                0x00000000000176cc       0xc0 C:/ncs/main/nrfxlib/crypto/nrf_cc312_platform/lib/cortex-m33/hard-float/no-interrupts/libnrf_cc312_platform_0.9.18.a(cc_util_cmac.c.obj)
                0x00000000000176cc                UtilCmacBuildDataForDerivation
 .text.CC_PalDataBufferAttrGet
                0x000000000001778c        0x8 C:/ncs/main/nrfxlib/crypto/nrf_cc312_platform/lib/cortex-m33/hard-float/no-interrupts/libnrf_cc312_platform_0.9.18.a(cc_pal_buff_attr.c.obj)
                0x000000000001778c                CC_PalDataBufferAttrGet
 .text.exit     0x0000000000017794       0x28 c:/ncs/toolchains/c57af46cb7/opt/zephyr-sdk/arm-zephyr-eabi/bin/../lib/gcc/arm-zephyr-eabi/12.2.0/../../../../arm-zephyr-eabi/lib/thumb/v8-m.main+fp/hard\libc_nano.a(lib_a-exit.o)
                0x0000000000017794                exit
 .text.__libc_init_array
                0x00000000000177bc       0x48 c:/ncs/toolchains/c57af46cb7/opt/zephyr-sdk/arm-zephyr-eabi/bin/../lib/gcc/arm-zephyr-eabi/12.2.0/../../../../arm-zephyr-eabi/lib/thumb/v8-m.main+fp/hard\libc_nano.a(lib_a-init.o)
                0x00000000000177bc                __libc_init_array
 .text          0x0000000000017804       0xc8 c:/ncs/toolchains/c57af46cb7/opt/zephyr-sdk/arm-zephyr-eabi/bin/../lib/gcc/arm-zephyr-eabi/12.2.0/thumb/v8-m.main+fp/hard\libgcc.a(cmse.o)
                0x0000000000017804                cmse_check_address_range
 .text          0x00000000000178cc       0x5c c:/ncs/toolchains/c57af46cb7/opt/zephyr-sdk/arm-zephyr-eabi/bin/../lib/gcc/arm-zephyr-eabi/12.2.0/thumb/v8-m.main+fp/hard\libgcc.a(cmse_nonsecure_call.o)
                0x00000000000178cc                __gnu_cmse_nonsecure_call
 .text._exit    0x0000000000017928        0x4 c:/ncs/toolchains/c57af46cb7/opt/zephyr-sdk/arm-zephyr-eabi/bin/../lib/gcc/arm-zephyr-eabi/12.2.0/../../../../arm-zephyr-eabi/lib/thumb/v8-m.main+fp/hard\libnosys.a(_exit.o)
                0x0000000000017928                _exit
 *(.init)
 .init          0x000000000001792c        0x4 c:/ncs/toolchains/c57af46cb7/opt/zephyr-sdk/arm-zephyr-eabi/bin/../lib/gcc/arm-zephyr-eabi/12.2.0/thumb/v8-m.main+fp/hard/crti.o
                0x000000000001792c                _init
 .init          0x0000000000017930        0x8 c:/ncs/toolchains/c57af46cb7/opt/zephyr-sdk/arm-zephyr-eabi/bin/../lib/gcc/arm-zephyr-eabi/12.2.0/thumb/v8-m.main+fp/hard/crtn.o
 *(.fini)
 .fini          0x0000000000017938        0x4 c:/ncs/toolchains/c57af46cb7/opt/zephyr-sdk/arm-zephyr-eabi/bin/../lib/gcc/arm-zephyr-eabi/12.2.0/thumb/v8-m.main+fp/hard/crti.o
                0x0000000000017938                _fini
 .fini          0x000000000001793c        0x8 c:/ncs/toolchains/c57af46cb7/opt/zephyr-sdk/arm-zephyr-eabi/bin/../lib/gcc/arm-zephyr-eabi/12.2.0/thumb/v8-m.main+fp/hard/crtn.o
 *crtbegin.o(.ctors)
 *crtbegin?.o(.ctors)
 *(EXCLUDE_FILE(*crtend.o *crtend?.o) .ctors)
 *(SORT_BY_NAME(.ctors.*))
 *(.ctors)
 *crtbegin.o(.dtors)
 *crtbegin?.o(.dtors)
 *(EXCLUDE_FILE(*crtend.o *crtend?.o) .dtors)
 *(SORT_BY_NAME(.dtors.*))
 *(.dtors)
 *(.rodata*)
 .rodata.str1.4
                0x0000000000017944        0xb secure_fw/CMakeFiles/tfm_s.dir/__/generated/secure_fw/partitions/crypto/auto_generated/load_info_tfm_crypto.o
 *fill*         0x000000000001794f        0x1 
 .rodata.str1.4
                0x0000000000017950       0x15 secure_fw/CMakeFiles/tfm_s.dir/__/generated/secure_fw/partitions/platform/auto_generated/load_info_tfm_platform.o
 *fill*         0x0000000000017965        0x3 
 .rodata.psa_api_cross
                0x0000000000017968       0x2c secure_fw/partitions/lib/runtime/libtfm_sprt.a(psa_interface_cross.o)
                0x0000000000017968                psa_api_cross
 .rodata.CSWTCH.10