Archive member included to satisfy reference by file (symbol)

app/libapp.a(main.c.obj)      (--whole-archive)
zephyr/libzephyr.a(cbprintf_packaged.c.obj)
                              (--whole-archive)
zephyr/libzephyr.a(dec.c.obj)
                              (--whole-archive)
zephyr/libzephyr.a(hex.c.obj)
                              (--whole-archive)
zephyr/libzephyr.a(printk.c.obj)
                              (--whole-archive)
zephyr/libzephyr.a(rb.c.obj)  (--whole-archive)
zephyr/libzephyr.a(sem.c.obj)
                              (--whole-archive)
zephyr/libzephyr.a(thread_entry.c.obj)
                              (--whole-archive)
zephyr/libzephyr.a(timeutil.c.obj)
                              (--whole-archive)
zephyr/libzephyr.a(heap.c.obj)
                              (--whole-archive)
zephyr/libzephyr.a(heap-validate.c.obj)
                              (--whole-archive)
zephyr/libzephyr.a(bitarray.c.obj)
                              (--whole-archive)
zephyr/libzephyr.a(multi_heap.c.obj)
                              (--whole-archive)
zephyr/libzephyr.a(onoff.c.obj)
                              (--whole-archive)
zephyr/libzephyr.a(notify.c.obj)
                              (--whole-archive)
zephyr/libzephyr.a(cbprintf_complete.c.obj)
                              (--whole-archive)
zephyr/libzephyr.a(assert.c.obj)
                              (--whole-archive)
zephyr/libzephyr.a(reboot.c.obj)
                              (--whole-archive)
zephyr/libzephyr.a(configs.c.obj)
                              (--whole-archive)
zephyr/libzephyr.a(soc.c.obj)
                              (--whole-archive)
zephyr/libzephyr.a(soc_nrf_common.S.obj)
                              (--whole-archive)
zephyr/libzephyr.a(validate_base_addresses.c.obj)
                              (--whole-archive)
zephyr/libzephyr.a(validate_enabled_instances.c.obj)
                              (--whole-archive)
zephyr/libzephyr.a(log_minimal.c.obj)
                              (--whole-archive)
zephyr/libzephyr.a(stream_flash.c.obj)
                              (--whole-archive)
zephyr/libzephyr.a(tracing_none.c.obj)
                              (--whole-archive)
zephyr/libzephyr.a(flash_map_partition_manager.c.obj)
                              (--whole-archive)
zephyr/arch/common/libarch__common.a(sw_isr_common.c.obj)
                              (--whole-archive)
zephyr/arch/arch/arm/core/libarch__arm__core.a(fatal.c.obj)
                              (--whole-archive)
zephyr/arch/arch/arm/core/libarch__arm__core.a(nmi.c.obj)
                              (--whole-archive)
zephyr/arch/arch/arm/core/libarch__arm__core.a(nmi_on_reset.S.obj)
                              (--whole-archive)
zephyr/arch/arch/arm/core/libarch__arm__core.a(tls.c.obj)
                              (--whole-archive)
zephyr/arch/arch/arm/core/cortex_m/libarch__arm__core__cortex_m.a(exc_exit.S.obj)
                              (--whole-archive)
zephyr/arch/arch/arm/core/cortex_m/libarch__arm__core__cortex_m.a(fault.c.obj)
                              (--whole-archive)
zephyr/arch/arch/arm/core/cortex_m/libarch__arm__core__cortex_m.a(fault_s.S.obj)
                              (--whole-archive)
zephyr/arch/arch/arm/core/cortex_m/libarch__arm__core__cortex_m.a(fpu.c.obj)
                              (--whole-archive)
zephyr/arch/arch/arm/core/cortex_m/libarch__arm__core__cortex_m.a(reset.S.obj)
                              (--whole-archive)
zephyr/arch/arch/arm/core/cortex_m/libarch__arm__core__cortex_m.a(scb.c.obj)
                              (--whole-archive)
zephyr/arch/arch/arm/core/cortex_m/libarch__arm__core__cortex_m.a(thread_abort.c.obj)
                              (--whole-archive)
zephyr/arch/arch/arm/core/cortex_m/libarch__arm__core__cortex_m.a(vector_table.S.obj)
                              (--whole-archive)
zephyr/arch/arch/arm/core/cortex_m/libarch__arm__core__cortex_m.a(swap.c.obj)
                              (--whole-archive)
zephyr/arch/arch/arm/core/cortex_m/libarch__arm__core__cortex_m.a(swap_helper.S.obj)
                              (--whole-archive)
zephyr/arch/arch/arm/core/cortex_m/libarch__arm__core__cortex_m.a(irq_manage.c.obj)
                              (--whole-archive)
zephyr/arch/arch/arm/core/cortex_m/libarch__arm__core__cortex_m.a(prep_c.c.obj)
                              (--whole-archive)
zephyr/arch/arch/arm/core/cortex_m/libarch__arm__core__cortex_m.a(thread.c.obj)
                              (--whole-archive)
zephyr/arch/arch/arm/core/cortex_m/libarch__arm__core__cortex_m.a(cpu_idle.S.obj)
                              (--whole-archive)
zephyr/arch/arch/arm/core/cortex_m/libarch__arm__core__cortex_m.a(irq_init.c.obj)
                              (--whole-archive)
zephyr/arch/arch/arm/core/cortex_m/libarch__arm__core__cortex_m.a(isr_wrapper.S.obj)
                              (--whole-archive)
zephyr/arch/arch/arm/core/cortex_m/libarch__arm__core__cortex_m.a(__aeabi_read_tp.S.obj)
[...]
Memory Configuration

Name             Origin             Length             Attributes
FLASH            0x0000000001000000 0x0000000000008580 xr
RAM              0x0000000021000000 0x0000000000010000 xw
SRAM1            0x0000000021000000 0x0000000000010000
IDT_LIST         0x00000000fffff7ff 0x0000000000000800 xw
*default*        0x0000000000000000 0xffffffffffffffff

Linker script and memory map

LOAD zephyr/CMakeFiles/zephyr_final.dir/misc/empty_file.c.obj
LOAD zephyr/CMakeFiles/zephyr_final.dir/isr_tables.c.obj
LOAD app/libapp.a
LOAD zephyr/libzephyr.a
LOAD zephyr/arch/common/libarch__common.a
LOAD zephyr/arch/arch/arm/core/libarch__arm__core.a
LOAD zephyr/arch/arch/arm/core/cortex_m/libarch__arm__core__cortex_m.a
LOAD zephyr/arch/arch/arm/core/cortex_m/cmse/libarch__arm__core__cortex_m__cmse.a
LOAD zephyr/lib/libc/picolibc/liblib__libc__picolibc.a
LOAD zephyr/lib/libc/common/liblib__libc__common.a
LOAD zephyr/drivers/clock_control/libdrivers__clock_control.a
LOAD zephyr/drivers/flash/libdrivers__flash.a
LOAD zephyr/drivers/timer/libdrivers__timer.a
LOAD modules/nrf/lib/fprotect/lib..__nrf__lib__fprotect.a
LOAD modules/nrf/lib/fatal_error/lib..__nrf__lib__fatal_error.a
LOAD modules/nrf/subsys/bootloader/bl_boot/lib..__nrf__subsys__bootloader__bl_boot.a
LOAD modules/nrf/subsys/bootloader/bl_crypto/lib..__nrf__subsys__bootloader__bl_crypto.a
LOAD modules/nrf/subsys/bootloader/bl_validation/lib..__nrf__subsys__bootloader__bl_validation.a
LOAD modules/nrf/subsys/bootloader/bl_storage/lib..__nrf__subsys__bootloader__bl_storage.a
LOAD modules/nrf/subsys/pcd/lib..__nrf__subsys__pcd.a
LOAD modules/nrf/subsys/fw_info/lib..__nrf__subsys__fw_info.a
LOAD modules/hal_nordic/nrfx/libmodules__hal_nordic__nrfx.a
LOAD zephyr/kernel/libkernel.a
LOAD zephyr/CMakeFiles/offsets.dir/./arch/arm/core/offsets/offsets.c.obj
LOAD c:/ncs/toolchains/c57af46cb7/opt/zephyr-sdk/arm-zephyr-eabi/bin/../lib/gcc/arm-zephyr-eabi/12.2.0/thumb/v8-m.main/nofp\libgcc.a
LOAD zephyr/arch/common/libisr_tables.a
LOAD C:/ncs/main/nrfxlib/crypto/nrf_oberon/lib/cortex-m33+nodsp/soft-float/liboberon_3.0.13.a
LOAD c:\ncs\toolchains\c57af46cb7\opt\zephyr-sdk\arm-zephyr-eabi\bin\../lib/gcc/../../picolibc/arm-zephyr-eabi/lib/thumb/v8-m.main/nofp\libc.a
LOAD c:/ncs/toolchains/c57af46cb7/opt/zephyr-sdk/arm-zephyr-eabi/bin/../lib/gcc/arm-zephyr-eabi/12.2.0/thumb/v8-m.main/nofp\libgcc.a
                0x0000000000000004                _region_min_align = 0x4

.rel.plt        0x0000000001000000        0x0
 *(SORT_BY_ALIGNMENT(.rel.plt))
                [!provide]                        PROVIDE (__rel_iplt_start = .)
 *(SORT_BY_ALIGNMENT(.rel.iplt))
 .rel.iplt      0x0000000001000000        0x0 zephyr/CMakeFiles/zephyr_final.dir/isr_tables.c.obj
                [!provide]                        PROVIDE (__rel_iplt_end = .)

.rela.plt       0x0000000000000000        0x0
 *(SORT_BY_ALIGNMENT(.rela.plt))
                [!provide]                        PROVIDE (__rela_iplt_start = .)
 *(SORT_BY_ALIGNMENT(.rela.iplt))
                [!provide]                        PROVIDE (__rela_iplt_end = .)

.rel.dyn
 *(SORT_BY_ALIGNMENT(.rel.*))

.rela.dyn
 *(SORT_BY_ALIGNMENT(.rela.*))

/DISCARD/
 *(SORT_BY_ALIGNMENT(.plt))

/DISCARD/
 *(SORT_BY_ALIGNMENT(.iplt))
                0x0000000001000000                __rom_region_start = 0x1000000

rom_start       0x0000000001000000      0x23c
                0x0000000001000000                __rom_start_address = .
 FILL mask 0x00
                0x0000000001000000                . = (. + (0x0 - (. - __rom_start_address)))
                0x0000000001000000                . = ALIGN (0x4)
                0x0000000001000000                . = ALIGN (0x80)
                0x0000000001000000                . = ALIGN (0x100)
                0x0000000001000000                _vector_start = .
 *(SORT_BY_ALIGNMENT(.exc_vector_table))
 *(SORT_BY_ALIGNMENT(.exc_vector_table.*))
 .exc_vector_table._vector_table_section
                0x0000000001000000       0x40 zephyr/arch/arch/arm/core/cortex_m/libarch__arm__core__cortex_m.a(vector_table.S.obj)
                0x0000000001000000                _vector_table
 *(SORT_BY_ALIGNMENT(.vectors))
                0x00000000010000b8                _vector_end = .
                0x0000000001000040                . = ALIGN (0x4)
 *(SORT_BY_ALIGNMENT(.gnu.linkonce.irq_vector_table*))
 .gnu.linkonce.irq_vector_table
                0x0000000001000040       0x78 zephyr/CMakeFiles/zephyr_final.dir/isr_tables.c.obj
                0x0000000001000040                _irq_vector_table
                0x00000000010000b8                _vector_end = .
                0x0000000000000200                . = 0x200
 *fill*         0x00000000010000b8      0x148 00
                0x0000000001000200                _fw_info_start = .
 *(SORT_BY_NAME(SORT_BY_ALIGNMENT(.firmware_info*)))
 .firmware_info
                0x0000000001000200       0x3c modules/nrf/subsys/fw_info/lib..__nrf__subsys__fw_info.a(fw_info.c.obj)
                0x0000000001000200                m_firmware_info
                0x000000000000003c                _fw_info_size = ABSOLUTE ((. - _fw_info_start))

text            0x000000000100023c     0x536c
                0x000000000100023c                __text_region_start = .
 *(SORT_BY_ALIGNMENT(.text))
 .text          0x000000000100023c       0x30 c:/ncs/toolchains/c57af46cb7/opt/zephyr-sdk/arm-zephyr-eabi/bin/../lib/gcc/arm-zephyr-eabi/12.2.0/thumb/v8-m.main/nofp\libgcc.a(_aeabi_uldivmod.o)
                0x000000000100023c                __aeabi_uldivmod
 .text          0x000000000100026c        0x4 c:/ncs/toolchains/c57af46cb7/opt/zephyr-sdk/arm-zephyr-eabi/bin/../lib/gcc/arm-zephyr-eabi/12.2.0/thumb/v8-m.main/nofp\libgcc.a(_dvmd_tls.o)
                0x000000000100026c                __aeabi_idiv0
                0x000000000100026c                __aeabi_ldiv0
 .text          0x0000000001000270       0x5c C:/ncs/main/nrfxlib/crypto/nrf_oberon/lib/cortex-m33+nodsp/soft-float/liboberon_3.0.13.a(ocrypto_constant_time.s.obj)
                0x0000000001000270                ocrypto_constant_time_equal
                0x0000000001000298                ocrypto_constant_time_is_zero
                0x00000000010002b4                ocrypto_constant_time_xor
 .text          0x00000000010002cc      0x334 C:/ncs/main/nrfxlib/crypto/nrf_oberon/lib/cortex-m33+nodsp/soft-float/liboberon_3.0.13.a(ocrypto_sha256_loop.s.obj)
                0x00000000010002cc                ocrypto_sha256_loop
 .text          0x0000000001000600      0x29c c:/ncs/toolchains/c57af46cb7/opt/zephyr-sdk/arm-zephyr-eabi/bin/../lib/gcc/arm-zephyr-eabi/12.2.0/thumb/v8-m.main/nofp\libgcc.a(_udivmoddi4.o)
                0x0000000001000600                __udivmoddi4
 *(SORT_BY_ALIGNMENT(.text.*))
 .text.main     0x000000000100089c       0xec app/libapp.a(main.c.obj)
                0x000000000100089c                main
 .text.char_out
                0x0000000001000988        0xc zephyr/libzephyr.a(printk.c.obj)
 .text.vprintk  0x0000000001000994       0x30 zephyr/libzephyr.a(printk.c.obj)
                0x0000000001000994                vprintk
 .text.sys_heap_init
                0x00000000010009c4      0x10c zephyr/libzephyr.a(heap.c.obj)
                0x00000000010009c4                sys_heap_init
 .text.process_event
                0x0000000001000ad0      0x2fc zephyr/libzephyr.a(onoff.c.obj)
 .text.onoff_request
                0x0000000001000dcc       0xd0 zephyr/libzephyr.a(onoff.c.obj)
                0x0000000001000dcc                onoff_request
 .text.sys_notify_finalize
                0x0000000001000e9c       0x38 zephyr/libzephyr.a(notify.c.obj)
                0x0000000001000e9c                sys_notify_finalize
 .text.rtc_pretick_finish_previous
                0x0000000001000ed4       0x24 zephyr/libzephyr.a(soc.c.obj)
 .text.nordicsemi_nrf53_init
                0x0000000001000ef8       0x10 zephyr/libzephyr.a(soc.c.obj)
 .text.rtc_pretick_init
                0x0000000001000f08       0xa4 zephyr/libzephyr.a(soc.c.obj)
 .text.z_arm_on_enter_cpu_idle_prepare
                0x0000000001000fac       0xfc zephyr/libzephyr.a(soc.c.obj)
                0x0000000001000fac                z_arm_on_enter_cpu_idle_prepare
 .text.z_arm_on_enter_cpu_idle
                0x00000000010010a8       0x9c zephyr/libzephyr.a(soc.c.obj)
                0x00000000010010a8                z_arm_on_enter_cpu_idle
 .text.arch_busy_wait
                0x0000000001001144       0x14 zephyr/libzephyr.a(soc.c.obj)
                0x0000000001001144                arch_busy_wait
 .text.z_arm_platform_init
                0x0000000001001158        0x4 zephyr/libzephyr.a(soc_nrf_common.S.obj)
                0x0000000001001158                z_arm_platform_init
 .text.find_flash_total_size
                0x000000000100115c       0x28 zephyr/libzephyr.a(stream_flash.c.obj)
 .text.stream_flash_erase_page
                0x0000000001001184       0x54 zephyr/libzephyr.a(stream_flash.c.obj)
                0x0000000001001184                stream_flash_erase_page
 .text.flash_sync
                0x00000000010011d8       0xdc zephyr/libzephyr.a(stream_flash.c.obj)
 .text.stream_flash_init
                0x00000000010012b4       0xa0 zephyr/libzephyr.a(stream_flash.c.obj)
                0x00000000010012b4                stream_flash_init
 .text.z_arm_fatal_error
                0x0000000001001354       0x5c zephyr/arch/arch/arm/core/libarch__arm__core.a(fatal.c.obj)
                0x0000000001001354                z_arm_fatal_error
 .text.z_SysNmiOnReset
                0x00000000010013b0        0x8 zephyr/arch/arch/arm/core/libarch__arm__core.a(nmi_on_reset.S.obj)
                0x00000000010013b0                z_SysNmiOnReset
 .text._HandlerModeExit
                0x00000000010013b8        0x4 zephyr/arch/arch/arm/core/cortex_m/libarch__arm__core__cortex_m.a(exc_exit.S.obj)
                0x00000000010013b8                z_arm_int_exit
                0x00000000010013b8                z_arm_exc_exit
 .text.usage_fault.constprop.0
                0x00000000010013bc       0xb8 zephyr/arch/arch/arm/core/cortex_m/libarch__arm__core__cortex_m.a(fault.c.obj)
 .text.bus_fault.constprop.0
                0x0000000001001474       0xb4 zephyr/arch/arch/arm/core/cortex_m/libarch__arm__core__cortex_m.a(fault.c.obj)
 .text.mem_manage_fault.constprop.0
                0x0000000001001528       0xd0 zephyr/arch/arch/arm/core/cortex_m/libarch__arm__core__cortex_m.a(fault.c.obj)
 .text.z_arm_fault
                0x00000000010015f8      0x1e8 zephyr/arch/arch/arm/core/cortex_m/libarch__arm__core__cortex_m.a(fault.c.obj)
                0x00000000010015f8                z_arm_fault
 .text.z_arm_fault_init
                0x00000000010017e0       0x18 zephyr/arch/arch/arm/core/cortex_m/libarch__arm__core__cortex_m.a(fault.c.obj)
                0x00000000010017e0                z_arm_fault_init
 .text.__fault  0x00000000010017f8       0x14 zephyr/arch/arch/arm/core/cortex_m/libarch__arm__core__cortex_m.a(fault_s.S.obj)
                0x00000000010017f8                z_arm_usage_fault
                0x00000000010017f8                z_arm_mpu_fault
                0x00000000010017f8                z_arm_exc_spurious
                0x00000000010017f8                z_arm_debug_monitor
                0x00000000010017f8                z_arm_hard_fault
                0x00000000010017f8                z_arm_bus_fault
 .text._reset_section
                0x000000000100180c       0x60 zephyr/arch/arch/arm/core/cortex_m/libarch__arm__core__cortex_m.a(reset.S.obj)
                0x000000000100180c                __start
                0x000000000100180c                z_arm_reset
 .text.sys_arch_reboot
                0x000000000100186c       0x24 zephyr/arch/arch/arm/core/cortex_m/libarch__arm__core__cortex_m.a(scb.c.obj)
                0x000000000100186c                sys_arch_reboot
 .text.z_arm_init_arch_hw_at_boot
                0x0000000001001890       0x44 zephyr/arch/arch/arm/core/cortex_m/libarch__arm__core__cortex_m.a(scb.c.obj)
                0x0000000001001890                z_arm_init_arch_hw_at_boot
 .text.z_arm_svc
                0x00000000010018d4       0x20 zephyr/arch/arch/arm/core/cortex_m/libarch__arm__core__cortex_m.a(swap_helper.S.obj)
                0x00000000010018d4                z_arm_svc
 .text.arch_irq_enable
                0x00000000010018f4       0x1c zephyr/arch/arch/arm/core/cortex_m/libarch__arm__core__cortex_m.a(irq_manage.c.obj)
                0x00000000010018f4                arch_irq_enable
 .text.arch_irq_is_enabled
                0x0000000001001910       0x1c zephyr/arch/arch/arm/core/cortex_m/libarch__arm__core__cortex_m.a(irq_manage.c.obj)
                0x0000000001001910                arch_irq_is_enabled
 .text.z_arm_irq_priority_set
                0x000000000100192c       0x4c zephyr/arch/arch/arm/core/cortex_m/libarch__arm__core__cortex_m.a(irq_manage.c.obj)
                0x000000000100192c                z_arm_irq_priority_set
 .text.z_arm_prep_c
                0x0000000001001978       0x2c zephyr/arch/arch/arm/core/cortex_m/libarch__arm__core__cortex_m.a(prep_c.c.obj)
                0x0000000001001978                z_arm_prep_c
 .text.z_arm_switch_to_main_no_multithreading
                0x00000000010019a4       0x3c zephyr/arch/arch/arm/core/cortex_m/libarch__arm__core__cortex_m.a(thread.c.obj)
                0x00000000010019a4                z_arm_switch_to_main_no_multithreading
 .text.z_arm_cpu_idle_init
                0x00000000010019e0        0xc zephyr/arch/arch/arm/core/cortex_m/libarch__arm__core__cortex_m.a(cpu_idle.S.obj)
                0x00000000010019e0                z_arm_cpu_idle_init
 .text.arch_cpu_atomic_idle
                0x00000000010019ec       0x38 zephyr/arch/arch/arm/core/cortex_m/libarch__arm__core__cortex_m.a(cpu_idle.S.obj)
                0x00000000010019ec                arch_cpu_atomic_idle
 .text.z_arm_interrupt_init
                0x0000000001001a24       0x18 zephyr/arch/arch/arm/core/cortex_m/libarch__arm__core__cortex_m.a(irq_init.c.obj)
                0x0000000001001a24                z_arm_interrupt_init
 .text._isr_wrapper
                0x0000000001001a3c       0x28 zephyr/arch/arch/arm/core/cortex_m/libarch__arm__core__cortex_m.a(isr_wrapper.S.obj)
                0x0000000001001a3c                _isr_wrapper
 .text.malloc_prepare
                0x0000000001001a64       0x24 zephyr/lib/libc/common/liblib__libc__common.a(malloc.c.obj)
 .text.onoff_start
                0x0000000001001a88       0x44 zephyr/drivers/clock_control/libdrivers__clock_control.a(clock_control_nrf.c.obj)
 .text.get_status
                0x0000000001001acc       0x34 zephyr/drivers/clock_control/libdrivers__clock_control.a(clock_control_nrf.c.obj)
 .text.stop     0x0000000001001b00       0x74 zephyr/drivers/clock_control/libdrivers__clock_control.a(clock_control_nrf.c.obj)
 .text.onoff_stop
                0x0000000001001b74       0x30 zephyr/drivers/clock_control/libdrivers__clock_control.a(clock_control_nrf.c.obj)
 .text.clk_init
                0x0000000001001ba4       0x58 zephyr/drivers/clock_control/libdrivers__clock_control.a(clock_control_nrf.c.obj)
 .text.clkstarted_handle.constprop.0
                0x0000000001001bfc       0x34 zephyr/drivers/clock_control/libdrivers__clock_control.a(clock_control_nrf.c.obj)
 .text.clock_event_handler
                0x0000000001001c30       0x54 zephyr/drivers/clock_control/libdrivers__clock_control.a(clock_control_nrf.c.obj)
 .text.generic_hfclk_start
                0x0000000001001c84       0x64 zephyr/drivers/clock_control/libdrivers__clock_control.a(clock_control_nrf.c.obj)
 .text.generic_hfclk_stop
                0x0000000001001ce8       0x34 zephyr/drivers/clock_control/libdrivers__clock_control.a(clock_control_nrf.c.obj)
 .text.z_nrf_clock_control_lf_on
                0x0000000001001d1c      0x124 zephyr/drivers/clock_control/libdrivers__clock_control.a(clock_control_nrf.c.obj)
                0x0000000001001d1c                z_nrf_clock_control_lf_on
 .text.flash_nrf_pages_layout
                0x0000000001001e40       0x10 zephyr/drivers/flash/libdrivers__flash.a(soc_flash_nrf.c.obj)
 .text.flash_nrf_get_parameters
                0x0000000001001e50        0x8 zephyr/drivers/flash/libdrivers__flash.a(soc_flash_nrf.c.obj)
 .text.nrf_flash_init
                0x0000000001001e58       0x18 zephyr/drivers/flash/libdrivers__flash.a(soc_flash_nrf.c.obj)
 .text.flash_nrf_erase
                0x0000000001001e70       0x70 zephyr/drivers/flash/libdrivers__flash.a(soc_flash_nrf.c.obj)
 .text.flash_nrf_write
                0x0000000001001ee0       0x6c zephyr/drivers/flash/libdrivers__flash.a(soc_flash_nrf.c.obj)
 .text.flash_nrf_read
                0x0000000001001f4c       0x3c zephyr/drivers/flash/libdrivers__flash.a(soc_flash_nrf.c.obj)
 .text.z_nrf_rtc_timer_read
                0x0000000001001f88       0x44 zephyr/drivers/timer/libdrivers__timer.a(nrf_rtc_timer.c.obj)
                0x0000000001001f88                z_nrf_rtc_timer_read
 .text.rtc_nrf_isr
                0x0000000001001fcc       0xd4 zephyr/drivers/timer/libdrivers__timer.a(nrf_rtc_timer.c.obj)
                0x0000000001001fcc                rtc_nrf_isr
 .text.compare_set.constprop.0.isra.0
                0x00000000010020a0      0x168 zephyr/drivers/timer/libdrivers__timer.a(nrf_rtc_timer.c.obj)
 .text.sys_clock_driver_init
                0x0000000001002208       0x80 zephyr/drivers/timer/libdrivers__timer.a(nrf_rtc_timer.c.obj)
 .text.sys_clock_timeout_handler
                0x0000000001002288       0x60 zephyr/drivers/timer/libdrivers__timer.a(nrf_rtc_timer.c.obj)
 .text.find_free_region
                0x00000000010022e8       0x3c modules/nrf/lib/fprotect/lib..__nrf__lib__fprotect.a(fprotect_acl.c.obj)
 .text.fprotect_set_permission
                0x0000000001002324      0x120 modules/nrf/lib/fprotect/lib..__nrf__lib__fprotect.a(fprotect_acl.c.obj)
 .text.k_sys_fatal_error_handler
                0x0000000001002444       0x14 modules/nrf/lib/fatal_error/lib..__nrf__lib__fatal_error.a(fatal_error.c.obj)
                0x0000000001002444                k_sys_fatal_error_handler
 .text.bl_boot  0x0000000001002458       0xb8 modules/nrf/subsys/bootloader/bl_boot/lib..__nrf__subsys__bootloader__bl_boot.a(bl_boot.c.obj)
                0x0000000001002458                bl_boot
 .text.fw_info_check
                0x0000000001002510       0x28 modules/nrf/subsys/bootloader/bl_validation/lib..__nrf__subsys__bootloader__bl_validation.a(bl_validation.c.obj)
 .text.fw_info_find
                0x0000000001002538       0x20 modules/nrf/subsys/bootloader/bl_validation/lib..__nrf__subsys__bootloader__bl_validation.a(bl_validation.c.obj)
 .text.validate_firmware
                0x0000000001002558      0x220 modules/nrf/subsys/bootloader/bl_validation/lib..__nrf__subsys__bootloader__bl_validation.a(bl_validation.c.obj)
 .text.get_counter_struct
                0x0000000001002778       0x60 modules/nrf/subsys/bootloader/bl_storage/lib..__nrf__subsys__bootloader__bl_storage.a(bl_storage.c.obj)
 .text.s0_address_read
                0x00000000010027d8        0xc modules/nrf/subsys/bootloader/bl_storage/lib..__nrf__subsys__bootloader__bl_storage.a(bl_storage.c.obj)
                0x00000000010027d8                s0_address_read
 .text.pcd_fw_copy_invalidate
                0x00000000010027e4       0x10 modules/nrf/subsys/pcd/lib..__nrf__subsys__pcd.a(pcd.c.obj)
                0x00000000010027e4                pcd_fw_copy_invalidate
 .text.pcd_fw_copy_status_get
                0x00000000010027f4       0x38 modules/nrf/subsys/pcd/lib..__nrf__subsys__pcd.a(pcd.c.obj)
                0x00000000010027f4                pcd_fw_copy_status_get
 .text.pcd_fw_copy
                0x000000000100282c       0x78 modules/nrf/subsys/pcd/lib..__nrf__subsys__pcd.a(pcd.c.obj)
                0x000000000100282c                pcd_fw_copy
 .text.pcd_done
                0x00000000010028a4       0x10 modules/nrf/subsys/pcd/lib..__nrf__subsys__pcd.a(pcd.c.obj)
                0x00000000010028a4                pcd_done
 .text.check_ext_api_requests
                0x00000000010028b4       0x9c modules/nrf/subsys/fw_info/lib..__nrf__subsys__fw_info.a(fw_info.c.obj)
 .text.fw_info_ext_api_provide
                0x0000000001002950       0xe0 modules/nrf/subsys/fw_info/lib..__nrf__subsys__fw_info.a(fw_info.c.obj)
                0x0000000001002950                fw_info_ext_api_provide
 .text.SystemInit
                0x0000000001002a30       0xd0 modules/hal_nordic/nrfx/libmodules__hal_nordic__nrfx.a(system_nrf5340_network.c.obj)
                0x0000000001002a30                SystemInit
 .text.nrfx_flag32_alloc
                0x0000000001002b00       0x40 modules/hal_nordic/nrfx/libmodules__hal_nordic__nrfx.a(nrfx_flag32_allocator.c.obj)
                0x0000000001002b00                nrfx_flag32_alloc
 .text.nrfx_gppi_channels_enable
                0x0000000001002b40        0xc modules/hal_nordic/nrfx/libmodules__hal_nordic__nrfx.a(nrfx_gppi_dppi.c.obj)
                0x0000000001002b40                nrfx_gppi_channels_enable
 .text.nrfx_gppi_event_endpoint_setup
                0x0000000001002b4c       0x28 modules/hal_nordic/nrfx/libmodules__hal_nordic__nrfx.a(nrfx_gppi_dppi.c.obj)
                0x0000000001002b4c                nrfx_gppi_event_endpoint_setup
 .text.nrfx_gppi_task_endpoint_setup
                0x0000000001002b74       0x28 modules/hal_nordic/nrfx/libmodules__hal_nordic__nrfx.a(nrfx_gppi_dppi.c.obj)
                0x0000000001002b74                nrfx_gppi_task_endpoint_setup
 .text.clock_stop
                0x0000000001002b9c       0xdc modules/hal_nordic/nrfx/libmodules__hal_nordic__nrfx.a(nrfx_clock.c.obj)
 .text.nrfx_clock_init
                0x0000000001002c78       0x20 modules/hal_nordic/nrfx/libmodules__hal_nordic__nrfx.a(nrfx_clock.c.obj)
                0x0000000001002c78                nrfx_clock_init
 .text.nrfx_clock_enable
                0x0000000001002c98       0x50 modules/hal_nordic/nrfx/libmodules__hal_nordic__nrfx.a(nrfx_clock.c.obj)
                0x0000000001002c98                nrfx_clock_enable
 .text.nrfx_clock_start
                0x0000000001002ce8       0xe8 modules/hal_nordic/nrfx/libmodules__hal_nordic__nrfx.a(nrfx_clock.c.obj)
                0x0000000001002ce8                nrfx_clock_start
 .text.nrfx_clock_stop
                0x0000000001002dd0       0x34 modules/hal_nordic/nrfx/libmodules__hal_nordic__nrfx.a(nrfx_clock.c.obj)
                0x0000000001002dd0                nrfx_clock_stop
 .text.nrfx_power_clock_irq_handler
                0x0000000001002e04       0x64 modules/hal_nordic/nrfx/libmodules__hal_nordic__nrfx.a(nrfx_clock.c.obj)
                0x0000000001002e04                nrfx_power_clock_irq_handler
 .text.nrfx_dppi_channel_alloc
                0x0000000001002e68        0xc modules/hal_nordic/nrfx/libmodules__hal_nordic__nrfx.a(nrfx_dppi.c.obj)
                0x0000000001002e68                nrfx_dppi_channel_alloc
 .text.nvmc_word_write
                0x0000000001002e74       0x18 modules/hal_nordic/nrfx/libmodules__hal_nordic__nrfx.a(nrfx_nvmc.c.obj)
 .text.nrfx_nvmc_page_erase
                0x0000000001002e8c       0x60 modules/hal_nordic/nrfx/libmodules__hal_nordic__nrfx.a(nrfx_nvmc.c.obj)
                0x0000000001002e8c                nrfx_nvmc_page_erase
 .text.nrfx_nvmc_word_write
                0x0000000001002eec       0x5c modules/hal_nordic/nrfx/libmodules__hal_nordic__nrfx.a(nrfx_nvmc.c.obj)
                0x0000000001002eec                nrfx_nvmc_word_write
 .text.nrfx_nvmc_otp_halfword_read
                0x0000000001002f48       0x34 modules/hal_nordic/nrfx/libmodules__hal_nordic__nrfx.a(nrfx_nvmc.c.obj)
                0x0000000001002f48                nrfx_nvmc_otp_halfword_read
 .text.z_device_state_init
                0x0000000001002f7c       0x34 zephyr/kernel/libkernel.a(device.c.obj)
                0x0000000001002f7c                z_device_state_init
 .text.z_fatal_error
                0x0000000001002fb0       0xa0 zephyr/kernel/libkernel.a(fatal.c.obj)
                0x0000000001002fb0                z_fatal_error
 .text.z_sys_init_run_level
                0x0000000001003050       0x48 zephyr/kernel/libkernel.a(init.c.obj)
 .text.bg_thread_main
                0x0000000001003098       0x30 zephyr/kernel/libkernel.a(init.c.obj)
 .text.z_bss_zero
                0x00000000010030c8       0x18 zephyr/kernel/libkernel.a(init.c.obj)
                0x00000000010030c8                z_bss_zero
 .text.z_cstart
                0x00000000010030e0       0x70 zephyr/kernel/libkernel.a(init.c.obj)
                0x00000000010030e0                z_cstart
 .text.z_data_copy
                0x0000000001003150       0x34 zephyr/kernel/libkernel.a(xip.c.obj)
                0x0000000001003150                z_data_copy
 .text.elapsed  0x0000000001003184       0x14 zephyr/kernel/libkernel.a(timeout.c.obj)
 .text.next_timeout
                0x0000000001003198       0x40 zephyr/kernel/libkernel.a(timeout.c.obj)
 .text.remove_timeout
                0x00000000010031d8       0x38 zephyr/kernel/libkernel.a(timeout.c.obj)
 .text.sys_clock_announce
                0x0000000001003210       0xd0 zephyr/kernel/libkernel.a(timeout.c.obj)
                0x0000000001003210                sys_clock_announce
 .text.boot_banner
                0x00000000010032e0        0xc zephyr/kernel/libkernel.a(banner.c.obj)
                0x00000000010032e0                boot_banner
 .text.sha256_blocks
                0x00000000010032ec       0xbc C:/ncs/main/nrfxlib/crypto/nrf_oberon/lib/cortex-m33+nodsp/soft-float/liboberon_3.0.13.a(ocrypto_sha256.c.obj)
 .text.sha256_blocks.constprop.0
                0x00000000010033a8       0x74 C:/ncs/main/nrfxlib/crypto/nrf_oberon/lib/cortex-m33+nodsp/soft-float/liboberon_3.0.13.a(ocrypto_sha256.c.obj)
 .text.ocrypto_sha256
                0x000000000100341c      0x468 C:/ncs/main/nrfxlib/crypto/nrf_oberon/lib/cortex-m33+nodsp/soft-float/liboberon_3.0.13.a(ocrypto_sha256.c.obj)
                0x000000000100341c                ocrypto_sha256
 .text.skip_to_arg
                0x0000000001003884      0x134 c:\ncs\toolchains\c57af46cb7\opt\zephyr-sdk\arm-zephyr-eabi\bin\../lib/gcc/../../picolibc/arm-zephyr-eabi/lib/thumb/v8-m.main/nofp\libc.a(libc_tinystdio_vfprintf.c.o)
 .text.vfprintf
                0x00000000010039b8      0xb9c c:\ncs\toolchains\c57af46cb7\opt\zephyr-sdk\arm-zephyr-eabi\bin\../lib/gcc/../../picolibc/arm-zephyr-eabi/lib/thumb/v8-m.main/nofp\libc.a(libc_tinystdio_vfprintf.c.o)
                0x00000000010039b8                vfprintf
                0x00000000010039b8                __d_vfprintf
 .text.div10    0x0000000001004554       0x28 c:\ncs\toolchains\c57af46cb7\opt\zephyr-sdk\arm-zephyr-eabi\bin\../lib/gcc/../../picolibc/arm-zephyr-eabi/lib/thumb/v8-m.main/nofp\libc.a(libc_tinystdio_dtoa_ryu.c.o)
 .text.__dtoa_engine
                0x000000000100457c      0x4ac c:\ncs\toolchains\c57af46cb7\opt\zephyr-sdk\arm-zephyr-eabi\bin\../lib/gcc/../../picolibc/arm-zephyr-eabi/lib/thumb/v8-m.main/nofp\libc.a(libc_tinystdio_dtoa_ryu.c.o)
                0x000000000100457c                __dtoa_engine
 .text.__pow5Factor
                0x0000000001004a28       0x30 c:\ncs\toolchains\c57af46cb7\opt\zephyr-sdk\arm-zephyr-eabi\bin\../lib/gcc/../../picolibc/arm-zephyr-eabi/lib/thumb/v8-m.main/nofp\libc.a(libc_tinystdio_ryu_table.c.o)
                0x0000000001004a28                __pow5Factor
 .text.__double_computePow5
                0x0000000001004a58       0xe4 c:\ncs\toolchains\c57af46cb7\opt\zephyr-sdk\arm-zephyr-eabi\bin\../lib/gcc/../../picolibc/arm-zephyr-eabi/lib/thumb/v8-m.main/nofp\libc.a(libc_tinystdio_ryu_table.c.o)
                0x0000000001004a58                __double_computePow5
 .text.__double_computeInvPow5
                0x0000000001004b3c       0xf8 c:\ncs\toolchains\c57af46cb7\opt\zephyr-sdk\arm-zephyr-eabi\bin\../lib/gcc/../../picolibc/arm-zephyr-eabi/lib/thumb/v8-m.main/nofp\libc.a(libc_tinystdio_ryu_table.c.o)
                0x0000000001004b3c                __double_computeInvPow5
 .text.__log10Pow2
                0x0000000001004c34        0xc c:\ncs\toolchains\c57af46cb7\opt\zephyr-sdk\arm-zephyr-eabi\bin\../lib/gcc/../../picolibc/arm-zephyr-eabi/lib/thumb/v8-m.main/nofp\libc.a(libc_tinystdio_ryu_log10.c.o)
                0x0000000001004c34                __log10Pow2
 .text.__log10Pow5
                0x0000000001004c40        0xc c:\ncs\toolchains\c57af46cb7\opt\zephyr-sdk\arm-zephyr-eabi\bin\../lib/gcc/../../picolibc/arm-zephyr-eabi/lib/thumb/v8-m.main/nofp\libc.a(libc_tinystdio_ryu_log10.c.o)
                0x0000000001004c40                __log10Pow5
 .text.__pow5bits
                0x0000000001004c4c       0x10 c:\ncs\toolchains\c57af46cb7\opt\zephyr-sdk\arm-zephyr-eabi\bin\../lib/gcc/../../picolibc/arm-zephyr-eabi/lib/thumb/v8-m.main/nofp\libc.a(libc_tinystdio_ryu_pow5bits.c.o)
                0x0000000001004c4c                __pow5bits
 .text.arch_printk_char_out
                0x0000000001004c5c        0x4 zephyr/libzephyr.a(printk.c.obj)
                0x0000000001004c5c                arch_printk_char_out
 .text.printk   0x0000000001004c60       0x1a zephyr/libzephyr.a(printk.c.obj)
                0x0000000001004c60                printk
 .text.chunk_field
                0x0000000001004c7a       0x16 zephyr/libzephyr.a(heap.c.obj)
 .text.chunk_set
                0x0000000001004c90       0x16 zephyr/libzephyr.a(heap.c.obj)
 .text.chunk_size
                0x0000000001004ca6        0xc zephyr/libzephyr.a(heap.c.obj)
 .text.set_chunk_used
                0x0000000001004cb2       0x30 zephyr/libzephyr.a(heap.c.obj)
 .text.set_chunk_size
                0x0000000001004ce2        0x8 zephyr/libzephyr.a(heap.c.obj)
 .text.bytes_to_chunksz.isra.0
                0x0000000001004cea       0x12 zephyr/libzephyr.a(heap.c.obj)
 .text.bucket_idx.isra.0
                0x0000000001004cfc       0x18 zephyr/libzephyr.a(heap.c.obj)
 .text.free_list_add
                0x0000000001004d14       0x84 zephyr/libzephyr.a(heap.c.obj)
 .text.process_recheck
                0x0000000001004d98       0x38 zephyr/libzephyr.a(onoff.c.obj)
 .text.validate_args
                0x0000000001004dd0       0x20 zephyr/libzephyr.a(onoff.c.obj)
 .text.notify_one
                0x0000000001004df0       0x2c zephyr/libzephyr.a(onoff.c.obj)
 .text.transition_complete
                0x0000000001004e1c       0x1c zephyr/libzephyr.a(onoff.c.obj)
 .text.onoff_manager_init
                0x0000000001004e38       0x26 zephyr/libzephyr.a(onoff.c.obj)
                0x0000000001004e38                onoff_manager_init
 .text.sys_notify_validate
                0x0000000001004e5e       0x22 zephyr/libzephyr.a(notify.c.obj)
                0x0000000001004e5e                sys_notify_validate
 .text.assert_post_action
                0x0000000001004e80        0xe zephyr/libzephyr.a(assert.c.obj)
                0x0000000001004e80                assert_post_action
 .text.assert_print
                0x0000000001004e8e       0x1a zephyr/libzephyr.a(assert.c.obj)
                0x0000000001004e8e                assert_print
 .text._ConfigAbsSyms
                0x0000000001004ea8        0x2 zephyr/libzephyr.a(configs.c.obj)
                0x0000000001004ea8                _ConfigAbsSyms
 .text.rtc_ticks_to_next_event_get
                0x0000000001004eaa       0x5e zephyr/libzephyr.a(soc.c.obj)
 .text.rtc_pretick_rtc1_isr_hook
                0x0000000001004f08        0x4 zephyr/libzephyr.a(soc.c.obj)
                0x0000000001004f08                rtc_pretick_rtc1_isr_hook
 .text.z_log_minimal_printk
                0x0000000001004f0c       0x1a zephyr/libzephyr.a(log_minimal.c.obj)
                0x0000000001004f0c                z_log_minimal_printk
 .text.flash_get_write_block_size
                0x0000000001004f26        0xc zephyr/libzephyr.a(stream_flash.c.obj)
 .text.stream_flash_buffered_write
                0x0000000001004f32       0x88 zephyr/libzephyr.a(stream_flash.c.obj)
                0x0000000001004f32                stream_flash_buffered_write
 .text.z_do_kernel_oops
                0x0000000001004fba        0x8 zephyr/arch/arch/arm/core/libarch__arm__core.a(fatal.c.obj)
                0x0000000001004fba                z_do_kernel_oops
 .text.z_arm_nmi
                0x0000000001004fc2        0xe zephyr/arch/arch/arm/core/libarch__arm__core.a(nmi.c.obj)
                0x0000000001004fc2                z_arm_nmi
 .text.z_irq_spurious
                0x0000000001004fd0        0x8 zephyr/arch/arch/arm/core/cortex_m/libarch__arm__core__cortex_m.a(irq_manage.c.obj)
                0x0000000001004fd0                z_irq_spurious
 .text.set_on_state
                0x0000000001004fd8       0x26 zephyr/drivers/clock_control/libdrivers__clock_control.a(clock_control_nrf.c.obj)
 .text.async_start
                0x0000000001004ffe       0x5c zephyr/drivers/clock_control/libdrivers__clock_control.a(clock_control_nrf.c.obj)
 .text.api_start
                0x000000000100505a        0xe zephyr/drivers/clock_control/libdrivers__clock_control.a(clock_control_nrf.c.obj)
 .text.api_blocking_start
                0x0000000001005068        0x6 zephyr/drivers/clock_control/libdrivers__clock_control.a(clock_control_nrf.c.obj)
 .text.onoff_started_callback
                0x000000000100506e       0x12 zephyr/drivers/clock_control/libdrivers__clock_control.a(clock_control_nrf.c.obj)
 .text.lfclk_start
                0x0000000001005080        0x6 zephyr/drivers/clock_control/libdrivers__clock_control.a(clock_control_nrf.c.obj)
 .text.lfclk_stop
                0x0000000001005086        0x6 zephyr/drivers/clock_control/libdrivers__clock_control.a(clock_control_nrf.c.obj)
 .text.api_stop
                0x000000000100508c        0x6 zephyr/drivers/clock_control/libdrivers__clock_control.a(clock_control_nrf.c.obj)
 .text.is_regular_addr_valid
                0x0000000001005092       0x22 zephyr/drivers/flash/libdrivers__flash.a(soc_flash_nrf.c.obj)
 .text.flash_get_page_info
                0x00000000010050b4       0x62 zephyr/drivers/flash/libdrivers__flash.a(flash_page_layout.c.obj)
 .text.z_impl_flash_get_page_info_by_offs
                0x0000000001005116        0x8 zephyr/drivers/flash/libdrivers__flash.a(flash_page_layout.c.obj)
                0x0000000001005116                z_impl_flash_get_page_info_by_offs
 .text.flash_page_foreach
                0x000000000100511e       0x58 zephyr/drivers/flash/libdrivers__flash.a(flash_page_layout.c.obj)
                0x000000000100511e                flash_page_foreach
 .text.sys_clock_set_timeout
                0x0000000001005176        0x2 zephyr/drivers/timer/libdrivers__timer.a(nrf_rtc_timer.c.obj)
                0x0000000001005176                sys_clock_set_timeout
 .text.sys_clock_elapsed
                0x0000000001005178        0x4 zephyr/drivers/timer/libdrivers__timer.a(nrf_rtc_timer.c.obj)
                0x0000000001005178                sys_clock_elapsed
 .text.sys_clock_cycle_get_32
                0x000000000100517c        0x8 zephyr/drivers/timer/libdrivers__timer.a(nrf_rtc_timer.c.obj)
                0x000000000100517c                sys_clock_cycle_get_32
 .text.fprotect_area
                0x0000000001005184        0x6 modules/nrf/lib/fprotect/lib..__nrf__lib__fprotect.a(fprotect_acl.c.obj)
                0x0000000001005184                fprotect_area
 .text.crypto_init_signing
                0x000000000100518a        0x4 modules/nrf/subsys/bootloader/bl_crypto/lib..__nrf__subsys__bootloader__bl_crypto.a(bl_crypto.c.obj)
                0x000000000100518a                crypto_init_signing
 .text.crypto_init_hash
                0x000000000100518e        0x4 modules/nrf/subsys/bootloader/bl_crypto/lib..__nrf__subsys__bootloader__bl_crypto.a(bl_crypto.c.obj)
                0x000000000100518e                crypto_init_hash
 .text.bl_crypto_init
                0x0000000001005192        0xe modules/nrf/subsys/bootloader/bl_crypto/lib..__nrf__subsys__bootloader__bl_crypto.a(bl_crypto.c.obj)
                0x0000000001005192                bl_crypto_init
 .text.bl_sha256_verify
                0x00000000010051a0       0x2e modules/nrf/subsys/bootloader/bl_crypto/lib..__nrf__subsys__bootloader__bl_crypto.a(bl_crypto.c.obj)
                0x00000000010051a0                bl_sha256_verify
 .text.get_hash
                0x00000000010051ce        0xa modules/nrf/subsys/bootloader/bl_crypto/lib..__nrf__subsys__bootloader__bl_crypto.a(bl_crypto_oberon_hash.c.obj)
                0x00000000010051ce                get_hash
 .text.get_monotonic_version
                0x00000000010051d8       0x24 modules/nrf/subsys/bootloader/bl_validation/lib..__nrf__subsys__bootloader__bl_validation.a(bl_validation.c.obj)
                0x00000000010051d8                get_monotonic_version
 .text.bl_validate_firmware
                0x00000000010051fc       0x1c modules/nrf/subsys/bootloader/bl_validation/lib..__nrf__subsys__bootloader__bl_validation.a(bl_validation.c.obj)
                0x00000000010051fc                bl_validate_firmware
 .text.get_counter
                0x0000000001005218       0x56 modules/nrf/subsys/bootloader/bl_storage/lib..__nrf__subsys__bootloader__bl_storage.a(bl_storage.c.obj)
 .text.get_monotonic_counter
                0x000000000100526e        0x6 modules/nrf/subsys/bootloader/bl_storage/lib..__nrf__subsys__bootloader__bl_storage.a(bl_storage.c.obj)
                0x000000000100526e                get_monotonic_counter
 .text.pcd_cmd_data_ptr_get
                0x0000000001005274        0x8 modules/nrf/subsys/pcd/lib..__nrf__subsys__pcd.a(pcd.c.obj)
                0x0000000001005274                pcd_cmd_data_ptr_get
 .text.skip_ext_apis
                0x000000000100527c       0x16 modules/nrf/subsys/fw_info/lib..__nrf__subsys__fw_info.a(fw_info.c.obj)
                0x000000000100527c                skip_ext_apis
 .text.nrfx_isr
                0x0000000001005292        0x2 modules/hal_nordic/nrfx/libmodules__hal_nordic__nrfx.a(nrfx_glue.c.obj)
                0x0000000001005292                nrfx_isr
 .text.nrfx_busy_wait
                0x0000000001005294        0x4 modules/hal_nordic/nrfx/libmodules__hal_nordic__nrfx.a(nrfx_glue.c.obj)
                0x0000000001005294                nrfx_busy_wait
 .text.nrfx_gppi_channel_alloc
                0x0000000001005298        0x4 modules/hal_nordic/nrfx/libmodules__hal_nordic__nrfx.a(nrfx_gppi_dppi.c.obj)
                0x0000000001005298                nrfx_gppi_channel_alloc
 .text.is_valid_address
                0x000000000100529c       0x28 modules/hal_nordic/nrfx/libmodules__hal_nordic__nrfx.a(nrfx_nvmc.c.obj)
 .text.nrfx_nvmc_flash_size_get
                0x00000000010052c4        0x6 modules/hal_nordic/nrfx/libmodules__hal_nordic__nrfx.a(nrfx_nvmc.c.obj)
                0x00000000010052c4                nrfx_nvmc_flash_size_get
 .text.nrfx_nvmc_flash_page_size_get
                0x00000000010052ca        0x6 modules/hal_nordic/nrfx/libmodules__hal_nordic__nrfx.a(nrfx_nvmc.c.obj)
                0x00000000010052ca                nrfx_nvmc_flash_page_size_get
 .text.nrfx_nvmc_flash_page_count_get
                0x00000000010052d0        0x4 modules/hal_nordic/nrfx/libmodules__hal_nordic__nrfx.a(nrfx_nvmc.c.obj)
                0x00000000010052d0                nrfx_nvmc_flash_page_count_get
 .text.z_impl_k_busy_wait
                0x00000000010052d4        0x8 zephyr/kernel/libkernel.a(busy_wait.c.obj)
                0x00000000010052d4                z_impl_k_busy_wait
 .text.z_device_is_ready
                0x00000000010052dc       0x16 zephyr/kernel/libkernel.a(device.c.obj)
                0x00000000010052dc                z_device_is_ready
 .text.z_early_memset
                0x00000000010052f2        0x4 zephyr/kernel/libkernel.a(init.c.obj)
                0x00000000010052f2                z_early_memset
 .text.z_early_memcpy
                0x00000000010052f6        0x4 zephyr/kernel/libkernel.a(init.c.obj)
                0x00000000010052f6                z_early_memcpy
 .text.k_is_in_isr
                0x00000000010052fa        0xc zephyr/kernel/libkernel.a(thread.c.obj)
                0x00000000010052fa                k_is_in_isr
 .text._OffsetAbsSyms
                0x0000000001005306        0x2 zephyr/CMakeFiles/offsets.dir/./arch/arm/core/offsets/offsets.c.obj
                0x0000000001005306                _OffsetAbsSyms
 .text.memcmp   0x0000000001005308       0x20 c:\ncs\toolchains\c57af46cb7\opt\zephyr-sdk\arm-zephyr-eabi\bin\../lib/gcc/../../picolibc/arm-zephyr-eabi/lib/thumb/v8-m.main/nofp\libc.a(libc_string_memcmp.c.o)
                0x0000000001005308                memcmp
 .text.strnlen  0x0000000001005328       0x18 c:\ncs\toolchains\c57af46cb7\opt\zephyr-sdk\arm-zephyr-eabi\bin\../lib/gcc/../../picolibc/arm-zephyr-eabi/lib/thumb/v8-m.main/nofp\libc.a(libc_string_strnlen.c.o)
                0x0000000001005328                strnlen
 .text.__ultoa_invert
                0x0000000001005340       0x54 c:\ncs\toolchains\c57af46cb7\opt\zephyr-sdk\arm-zephyr-eabi\bin\../lib/gcc/../../picolibc/arm-zephyr-eabi/lib/thumb/v8-m.main/nofp\libc.a(libc_tinystdio_vfprintf.c.o)
 .text.mulShiftAll64
                0x0000000001005394      0x174 c:\ncs\toolchains\c57af46cb7\opt\zephyr-sdk\arm-zephyr-eabi\bin\../lib/gcc/../../picolibc/arm-zephyr-eabi/lib/thumb/v8-m.main/nofp\libc.a(libc_tinystdio_dtoa_ryu.c.o)
 .text.__umul128
                0x0000000001005508       0x36 c:\ncs\toolchains\c57af46cb7\opt\zephyr-sdk\arm-zephyr-eabi\bin\../lib/gcc/../../picolibc/arm-zephyr-eabi/lib/thumb/v8-m.main/nofp\libc.a(libc_tinystdio_ryu_umul128.c.o)
                0x0000000001005508                __umul128
 .text.__shiftright128
                0x000000000100553e       0x3e c:\ncs\toolchains\c57af46cb7\opt\zephyr-sdk\arm-zephyr-eabi\bin\../lib/gcc/../../picolibc/arm-zephyr-eabi/lib/thumb/v8-m.main/nofp\libc.a(libc_tinystdio_ryu_umul128.c.o)
                0x000000000100553e                __shiftright128
 .text.memcpy   0x000000000100557c       0x1a c:\ncs\toolchains\c57af46cb7\opt\zephyr-sdk\arm-zephyr-eabi\bin\../lib/gcc/../../picolibc/arm-zephyr-eabi/lib/thumb/v8-m.main/nofp\libc.a(memcpy.c.o)
                0x000000000100557c                __aeabi_memcpy
                0x000000000100557c                __aeabi_memcpy4
                0x000000000100557c                __aeabi_memcpy8
                0x000000000100557c                memcpy
 .text.memset   0x0000000001005596       0x10 c:\ncs\toolchains\c57af46cb7\opt\zephyr-sdk\arm-zephyr-eabi\bin\../lib/gcc/../../picolibc/arm-zephyr-eabi/lib/thumb/v8-m.main/nofp\libc.a(memset.c.o)
                0x0000000001005596                memset
 *(SORT_BY_ALIGNMENT(.TEXT.*))
 *(SORT_BY_ALIGNMENT(.gnu.linkonce.t.*))
 *(SORT_BY_ALIGNMENT(.glue_7t))
 .glue_7t       0x00000000010055a6        0x0 linker stubs
 *(SORT_BY_ALIGNMENT(.glue_7))
 .glue_7        0x00000000010055a6        0x0 linker stubs
 *(SORT_BY_ALIGNMENT(.vfp11_veneer))
 .vfp11_veneer  0x00000000010055a6        0x0 linker stubs
 *(SORT_BY_ALIGNMENT(.v4_bx))
 .v4_bx         0x00000000010055a6        0x0 linker stubs
                0x00000000010055a8                . = ALIGN (0x4)
 *fill*         0x00000000010055a6        0x2 
                0x00000000010055a8                __text_region_end = .

.ARM.exidx      0x00000000010055a8        0x8
                0x00000000010055a8                __exidx_start = .
 *(SORT_BY_ALIGNMENT(.ARM.exidx*) SORT_BY_ALIGNMENT(gnu.linkonce.armexidx.*))
 .ARM.exidx     0x00000000010055a8        0x8 c:/ncs/toolchains/c57af46cb7/opt/zephyr-sdk/arm-zephyr-eabi/bin/../lib/gcc/arm-zephyr-eabi/12.2.0/thumb/v8-m.main/nofp\libgcc.a(_udivmoddi4.o)
                0x00000000010055b0                __exidx_end = .
                0x00000000010055b0                __rodata_region_start = .

initlevel       0x00000000010055b0       0x38
                0x00000000010055b0                __init_start = .
                0x00000000010055b0                __init_EARLY_start = .
 *(SORT_BY_NAME(SORT_BY_ALIGNMENT(.z_init_EARLY?_*)))
 *(SORT_BY_NAME(SORT_BY_ALIGNMENT(.z_init_EARLY??_*)))
                0x00000000010055b0                __init_PRE_KERNEL_1_start = .
 *(SORT_BY_NAME(SORT_BY_ALIGNMENT(.z_init_PRE_KERNEL_1?_*)))
 .z_init_PRE_KERNEL_10_0_
                0x00000000010055b0        0x8 zephyr/libzephyr.a(soc.c.obj)
 *(SORT_BY_NAME(SORT_BY_ALIGNMENT(.z_init_PRE_KERNEL_1??_*)))
 .z_init_PRE_KERNEL_130_00034_
                0x00000000010055b8        0x8 zephyr/drivers/clock_control/libdrivers__clock_control.a(clock_control_nrf.c.obj)
                0x00000000010055c0                __init_PRE_KERNEL_2_start = .
 *(SORT_BY_NAME(SORT_BY_ALIGNMENT(.z_init_PRE_KERNEL_2?_*)))
 .z_init_PRE_KERNEL_20_0_
                0x00000000010055c0        0x8 zephyr/drivers/timer/libdrivers__timer.a(nrf_rtc_timer.c.obj)
 *(SORT_BY_NAME(SORT_BY_ALIGNMENT(.z_init_PRE_KERNEL_2??_*)))
                0x00000000010055c8                __init_POST_KERNEL_start = .
 *(SORT_BY_NAME(SORT_BY_ALIGNMENT(.z_init_POST_KERNEL?_*)))
 .z_init_POST_KERNEL0_0_
                0x00000000010055c8        0x8 zephyr/libzephyr.a(soc.c.obj)
 *(SORT_BY_NAME(SORT_BY_ALIGNMENT(.z_init_POST_KERNEL??_*)))
 .z_init_POST_KERNEL40_0_
                0x00000000010055d0        0x8 zephyr/lib/libc/common/liblib__libc__common.a(malloc.c.obj)
 .z_init_POST_KERNEL50_00059_
                0x00000000010055d8        0x8 zephyr/drivers/flash/libdrivers__flash.a(soc_flash_nrf.c.obj)
 .z_init_POST_KERNEL90_0_
                0x00000000010055e0        0x8 modules/nrf/subsys/fw_info/lib..__nrf__subsys__fw_info.a(fw_info.c.obj)
                0x00000000010055e8                __init_APPLICATION_start = .
 *(SORT_BY_NAME(SORT_BY_ALIGNMENT(.z_init_APPLICATION?_*)))
 *(SORT_BY_NAME(SORT_BY_ALIGNMENT(.z_init_APPLICATION??_*)))
                0x00000000010055e8                __init_SMP_start = .
 *(SORT_BY_NAME(SORT_BY_ALIGNMENT(.z_init_SMP?_*)))
 *(SORT_BY_NAME(SORT_BY_ALIGNMENT(.z_init_SMP??_*)))
                0x00000000010055e8                __init_end = .

device_area     0x00000000010055e8       0x28
                0x00000000010055e8                _device_list_start = .
 *(SORT_BY_NAME(SORT_BY_ALIGNMENT(._device.static.*_?_*)))
 *(SORT_BY_NAME(SORT_BY_ALIGNMENT(._device.static.*_??_*)))
 ._device.static.1_30_
                0x00000000010055e8       0x14 zephyr/drivers/clock_control/libdrivers__clock_control.a(clock_control_nrf.c.obj)
                0x00000000010055e8                __device_dts_ord_34
 ._device.static.3_50_
                0x00000000010055fc       0x14 zephyr/drivers/flash/libdrivers__flash.a(soc_flash_nrf.c.obj)
                0x00000000010055fc                __device_dts_ord_59
                0x0000000001005610                _device_list_end = .

sw_isr_table    0x0000000001005610       0xf0
                0x0000000001005610                . = ALIGN (0x4)
 *(SORT_BY_ALIGNMENT(.gnu.linkonce.sw_isr_table*))
 .gnu.linkonce.sw_isr_table
                0x0000000001005610       0xf0 zephyr/CMakeFiles/zephyr_final.dir/isr_tables.c.obj
                0x0000000001005610                _sw_isr_table

initlevel_error
                0x00000000010055b0        0x0
 *(SORT_BY_NAME(SORT_BY_ALIGNMENT(.z_init_[_A-Z0-9]*)))
                0x0000000000000001                ASSERT ((SIZEOF (initlevel_error) == 0x0), Undefined initialization levels used.)

app_shmem_regions
                0x0000000001005700        0x0
                0x0000000001005700                __app_shmem_regions_start = .
 *(SORT_BY_NAME(SORT_BY_ALIGNMENT(.app_regions.*)))
                0x0000000001005700                __app_shmem_regions_end = .

k_p4wq_initparam_area
                0x0000000001005700        0x0
                0x0000000001005700                _k_p4wq_initparam_list_start = .
 *(SORT_BY_NAME(SORT_BY_ALIGNMENT(._k_p4wq_initparam.static.*)))
                0x0000000001005700                _k_p4wq_initparam_list_end = .

_static_thread_data_area
                0x0000000001005700        0x0
                0x0000000001005700                __static_thread_data_list_start = .
 *(SORT_BY_NAME(SORT_BY_ALIGNMENT(.__static_thread_data.static.*)))
                0x0000000001005700                __static_thread_data_list_end = .

device_deps     0x0000000001005700        0x0
                0x0000000001005700                __device_deps_start = .
 *(SORT_BY_NAME(SORT_BY_ALIGNMENT(.__device_deps_pass2*)))
                0x0000000001005700                __device_deps_end = .

ztest           0x0000000001005700        0x0
                0x0000000001005700                _ztest_expected_result_entry_list_start = .
 *(SORT_BY_NAME(SORT_BY_ALIGNMENT(._ztest_expected_result_entry.static.*)))
                0x0000000001005700                _ztest_expected_result_entry_list_end = .
                0x0000000001005700                _ztest_suite_node_list_start = .
 *(SORT_BY_NAME(SORT_BY_ALIGNMENT(._ztest_suite_node.static.*)))
                0x0000000001005700                _ztest_suite_node_list_end = .
                0x0000000001005700                _ztest_unit_test_list_start = .
 *(SORT_BY_NAME(SORT_BY_ALIGNMENT(._ztest_unit_test.static.*)))
                0x0000000001005700                _ztest_unit_test_list_end = .
                0x0000000001005700                _ztest_test_rule_list_start = .
 *(SORT_BY_NAME(SORT_BY_ALIGNMENT(._ztest_test_rule.static.*)))
                0x0000000001005700                _ztest_test_rule_list_end = .

bt_l2cap_fixed_chan_area
                0x0000000001005700        0x0
                0x0000000001005700                _bt_l2cap_fixed_chan_list_start = .
 *(SORT_BY_NAME(SORT_BY_ALIGNMENT(._bt_l2cap_fixed_chan.static.*)))
                0x0000000001005700                _bt_l2cap_fixed_chan_list_end = .

bt_gatt_service_static_area
                0x0000000001005700        0x0
                0x0000000001005700                _bt_gatt_service_static_list_start = .
 *(SORT_BY_NAME(SORT_BY_ALIGNMENT(._bt_gatt_service_static.static.*)))
                0x0000000001005700                _bt_gatt_service_static_list_end = .

log_strings_area
                0x0000000001005700        0x0
                0x0000000001005700                _log_strings_list_start = .
 *(SORT_BY_NAME(SORT_BY_ALIGNMENT(._log_strings.static.*)))
                0x0000000001005700                _log_strings_list_end = .

log_const_area  0x0000000001005700       0x40
                0x0000000001005700                _log_const_list_start = .
 *(SORT_BY_NAME(SORT_BY_ALIGNMENT(._log_const.static.*)))
 ._log_const.static.log_const_STREAM_FLASH_
                0x0000000001005700        0x8 zephyr/libzephyr.a(stream_flash.c.obj)
                0x0000000001005700                log_const_STREAM_FLASH
 ._log_const.static.log_const_cbprintf_package_
                0x0000000001005708        0x8 zephyr/libzephyr.a(cbprintf_packaged.c.obj)
                0x0000000001005708                log_const_cbprintf_package
 ._log_const.static.log_const_clock_control_
                0x0000000001005710        0x8 zephyr/drivers/clock_control/libdrivers__clock_control.a(clock_control_nrf.c.obj)
                0x0000000001005710                log_const_clock_control
 ._log_const.static.log_const_fatal_error_
                0x0000000001005718        0x8 modules/nrf/lib/fatal_error/lib..__nrf__lib__fatal_error.a(fatal_error.c.obj)
                0x0000000001005718                log_const_fatal_error
 ._log_const.static.log_const_flash_nrf_
                0x0000000001005720        0x8 zephyr/drivers/flash/libdrivers__flash.a(soc_flash_nrf.c.obj)
                0x0000000001005720                log_const_flash_nrf
 ._log_const.static.log_const_os_
                0x0000000001005728        0x8 zephyr/kernel/libkernel.a(init.c.obj)
                0x0000000001005728                log_const_os
 ._log_const.static.log_const_pcd_
                0x0000000001005730        0x8 modules/nrf/subsys/pcd/lib..__nrf__subsys__pcd.a(pcd.c.obj)
                0x0000000001005730                log_const_pcd
 ._log_const.static.log_const_soc_
                0x0000000001005738        0x8 zephyr/libzephyr.a(soc.c.obj)
                0x0000000001005738                log_const_soc
                0x0000000001005740                _log_const_list_end = .

log_backend_area
                0x0000000001005740        0x0
                0x0000000001005740                _log_backend_list_start = .
 *(SORT_BY_NAME(SORT_BY_ALIGNMENT(._log_backend.static.*)))
                0x0000000001005740                _log_backend_list_end = .

log_link_area   0x0000000001005740        0x0
                0x0000000001005740                _log_link_list_start = .
 *(SORT_BY_NAME(SORT_BY_ALIGNMENT(._log_link.static.*)))
                0x0000000001005740                _log_link_list_end = .

tracing_backend_area
                0x0000000001005740        0x0
                0x0000000001005740                _tracing_backend_list_start = .
 *(SORT_BY_NAME(SORT_BY_ALIGNMENT(._tracing_backend.static.*)))
                0x0000000001005740                _tracing_backend_list_end = .

zephyr_dbg_info
 *(SORT_BY_ALIGNMENT(.dbg_thread_info))

symbol_to_keep  0x0000000001005740        0x0
                0x0000000001005740                __symbol_to_keep_start = .
 *(SORT_BY_NAME(SORT_BY_ALIGNMENT(.symbol_to_keep*)))
                0x0000000001005740                __symbol_to_keep_end = .

shell_area      0x0000000001005740        0x0
                0x0000000001005740                _shell_list_start = .
 *(SORT_BY_NAME(SORT_BY_ALIGNMENT(._shell.static.*)))
                0x0000000001005740                _shell_list_end = .

shell_root_cmds_area
                0x0000000001005740        0x0
                0x0000000001005740                _shell_root_cmds_list_start = .
 *(SORT_BY_NAME(SORT_BY_ALIGNMENT(._shell_root_cmds.static.*)))
                0x0000000001005740                _shell_root_cmds_list_end = .

shell_subcmds_area
                0x0000000001005740        0x0
                0x0000000001005740                _shell_subcmds_list_start = .
 *(SORT_BY_NAME(SORT_BY_ALIGNMENT(._shell_subcmds.static.*)))
                0x0000000001005740                _shell_subcmds_list_end = .

shell_dynamic_subcmds_area
                0x0000000001005740        0x0
                0x0000000001005740                _shell_dynamic_subcmds_list_start = .
 *(SORT_BY_NAME(SORT_BY_ALIGNMENT(._shell_dynamic_subcmds.static.*)))
                0x0000000001005740                _shell_dynamic_subcmds_list_end = .

cfb_font_area   0x0000000001005740        0x0
                0x0000000001005740                _cfb_font_list_start = .
 *(SORT_BY_NAME(SORT_BY_ALIGNMENT(._cfb_font.static.*)))
                0x0000000001005740                _cfb_font_list_end = .

tdata           0x0000000001005740        0x0
 *(SORT_BY_ALIGNMENT(.tdata) SORT_BY_ALIGNMENT(.tdata.*) SORT_BY_ALIGNMENT(.gnu.linkonce.td.*))

tbss            0x0000000001005740        0x0
 *(SORT_BY_ALIGNMENT(.tbss) SORT_BY_ALIGNMENT(.tbss.*) SORT_BY_ALIGNMENT(.gnu.linkonce.tb.*) SORT_BY_ALIGNMENT(.tcommon))
                0x0000000001005740                PROVIDE (__tdata_start = LOADADDR (tdata))
                0x0000000000000000                PROVIDE (__tdata_size = SIZEOF (tdata))
                [!provide]                        PROVIDE (__tdata_end = (__tdata_start + __tdata_size))
                0x0000000000000001                PROVIDE (__tdata_align = ALIGNOF (tdata))
                [!provide]                        PROVIDE (__tbss_start = ADDR (tbss))
                0x0000000000000000                PROVIDE (__tbss_size = SIZEOF (tbss))
                [!provide]                        PROVIDE (__tbss_end = (__tbss_start + __tbss_size))
                0x0000000000000001                PROVIDE (__tbss_align = ALIGNOF (tbss))
                [!provide]                        PROVIDE (__tls_start = __tdata_start)
                [!provide]                        PROVIDE (__tls_end = __tbss_end)
                [!provide]                        PROVIDE (__tls_size = (__tbss_end - __tdata_start))

rodata          0x0000000001005740     0x1450
 *(SORT_BY_ALIGNMENT(.rodata))
 .rodata        0x0000000001005740        0xc app/libapp.a(main.c.obj)
 .rodata        0x000000000100574c       0x18 modules/nrf/subsys/bootloader/bl_validation/lib..__nrf__subsys__bootloader__bl_validation.a(bl_validation.c.obj)
 .rodata        0x0000000001005764       0x18 modules/nrf/subsys/fw_info/lib..__nrf__subsys__fw_info.a(fw_info.c.obj)
 *(SORT_BY_ALIGNMENT(.rodata.*))
 *fill*         0x000000000100577c        0x4 
 .rodata.delay_machine_code.0
                0x0000000001005780        0x6 zephyr/libzephyr.a(soc.c.obj)
 *fill*         0x0000000001005786        0x2 
 .rodata.DOUBLE_POW5_TABLE
                0x0000000001005788       0xd0 c:\ncs\toolchains\c57af46cb7\opt\zephyr-sdk\arm-zephyr-eabi\bin\../lib/gcc/../../picolibc/arm-zephyr-eabi/lib/thumb/v8-m.main/nofp\libc.a(libc_tinystdio_ryu_table.c.o)
 .rodata.DOUBLE_POW5_SPLIT2
                0x0000000001005858       0xd0 c:\ncs\toolchains\c57af46cb7\opt\zephyr-sdk\arm-zephyr-eabi\bin\../lib/gcc/../../picolibc/arm-zephyr-eabi/lib/thumb/v8-m.main/nofp\libc.a(libc_tinystdio_ryu_table.c.o)
 .rodata.DOUBLE_POW5_INV_SPLIT2
                0x0000000001005928       0xf0 c:\ncs\toolchains\c57af46cb7\opt\zephyr-sdk\arm-zephyr-eabi\bin\../lib/gcc/../../picolibc/arm-zephyr-eabi/lib/thumb/v8-m.main/nofp\libc.a(libc_tinystdio_ryu_table.c.o)
 .rodata.fw_info_allowed_offsets
                0x0000000001005a18       0x14 app/libapp.a(main.c.obj)
 .rodata.transitions.0
                0x0000000001005a2c        0xc zephyr/drivers/clock_control/libdrivers__clock_control.a(clock_control_nrf.c.obj)
 .rodata.config
                0x0000000001005a38       0x18 zephyr/drivers/clock_control/libdrivers__clock_control.a(clock_control_nrf.c.obj)
 .rodata.clock_control_api
                0x0000000001005a50       0x1c zephyr/drivers/clock_control/libdrivers__clock_control.a(clock_control_nrf.c.obj)
 .rodata.flash_nrf_api
                0x0000000001005a6c       0x14 zephyr/drivers/flash/libdrivers__flash.a(soc_flash_nrf.c.obj)
 .rodata.flash_nrf_parameters
                0x0000000001005a80        0x8 zephyr/drivers/flash/libdrivers__flash.a(soc_flash_nrf.c.obj)
 .rodata.fw_info_allowed_offsets
                0x0000000001005a88       0x14 modules/nrf/subsys/bootloader/bl_validation/lib..__nrf__subsys__bootloader__bl_validation.a(bl_validation.c.obj)
 .rodata.fw_info_allowed_offsets
                0x0000000001005a9c       0x14 modules/nrf/subsys/fw_info/lib..__nrf__subsys__fw_info.a(fw_info.c.obj)
 .rodata.CSWTCH.489
                0x0000000001005ab0       0x14 zephyr/kernel/libkernel.a(fatal.c.obj)
 .rodata.levels.0
                0x0000000001005ac4       0x18 zephyr/kernel/libkernel.a(init.c.obj)
 .rodata.const_table
                0x0000000001005adc      0x100 C:/ncs/main/nrfxlib/crypto/nrf_oberon/lib/cortex-m33+nodsp/soft-float/liboberon_3.0.13.a(ocrypto_sha256.c.obj)
 .rodata.POW5_OFFSETS
                0x0000000001005bdc       0x54 c:\ncs\toolchains\c57af46cb7\opt\zephyr-sdk\arm-zephyr-eabi\bin\../lib/gcc/../../picolibc/arm-zephyr-eabi/lib/thumb/v8-m.main/nofp\libc.a(libc_tinystdio_ryu_table.c.o)
 .rodata.POW5_INV_OFFSETS
                0x0000000001005c30       0x54 c:\ncs\toolchains\c57af46cb7\opt\zephyr-sdk\arm-zephyr-eabi\bin\../lib/gcc/../../picolibc/arm-zephyr-eabi/lib/thumb/v8-m.main/nofp\libc.a(libc_tinystdio_ryu_table.c.o)
 .rodata.main.str1.1
                0x0000000001005c84       0xb1 app/libapp.a(main.c.obj)
 .rodata.str1.1
                0x0000000001005d35       0x11 zephyr/libzephyr.a(cbprintf_packaged.c.obj)
 .rodata.sys_heap_free.str1.1
                0x0000000001005d46       0x39 zephyr/libzephyr.a(heap.c.obj)
 .rodata.process_event.str1.1
                0x0000000001005d7f       0x22 zephyr/libzephyr.a(onoff.c.obj)
                                         0x3a (size before relaxing)
 .rodata.sys_notify_finalize.str1.1
                0x0000000001005da1       0x23 zephyr/libzephyr.a(notify.c.obj)
                                         0x3b (size before relaxing)
 .rodata.str1.1
                0x0000000001005dc4        0x4 zephyr/libzephyr.a(soc.c.obj)
 .rodata.find_flash_total_size.str1.1
                0x0000000001005dc8       0x25 zephyr/libzephyr.a(stream_flash.c.obj)
 .rodata.stream_flash_erase_page.str1.1
                0x0000000001005ded       0x47 zephyr/libzephyr.a(stream_flash.c.obj)
 .rodata.flash_sync.str1.1
                0x0000000001005e34       0x90 zephyr/libzephyr.a(stream_flash.c.obj)
 .rodata.stream_flash_init.str1.1
                0x0000000001005ec4       0x55 zephyr/libzephyr.a(stream_flash.c.obj)
 .rodata.str1.1
                0x0000000001005f19        0xd zephyr/libzephyr.a(stream_flash.c.obj)
 .rodata.z_arm_fatal_error.str1.1
                0x0000000001005f26       0xaf zephyr/arch/arch/arm/core/libarch__arm__core.a(fatal.c.obj)
 .rodata.usage_fault.constprop.0.str1.1
                0x0000000001005fd5      0x11f zephyr/arch/arch/arm/core/cortex_m/libarch__arm__core__cortex_m.a(fault.c.obj)
 .rodata.bus_fault.constprop.0.str1.1
                0x00000000010060f4       0xbe zephyr/arch/arch/arm/core/cortex_m/libarch__arm__core__cortex_m.a(fault.c.obj)
 .rodata.mem_manage_fault.constprop.0.str1.1
                0x00000000010061b2       0xe1 zephyr/arch/arch/arm/core/cortex_m/libarch__arm__core__cortex_m.a(fault.c.obj)
                                         0xf9 (size before relaxing)
 .rodata.z_arm_fault.str1.1
                0x0000000001006293      0x139 zephyr/arch/arch/arm/core/cortex_m/libarch__arm__core__cortex_m.a(fault.c.obj)
 .rodata.z_arm_irq_priority_set.str1.1
                0x00000000010063cc       0x37 zephyr/arch/arch/arm/core/cortex_m/libarch__arm__core__cortex_m.a(irq_manage.c.obj)
                                         0x4f (size before relaxing)
 .rodata.get_status.str1.1
                0x0000000001006403       0x3d zephyr/drivers/clock_control/libdrivers__clock_control.a(clock_control_nrf.c.obj)
                                         0x55 (size before relaxing)
 .rodata.str1.1
                0x0000000001006440       0x29 zephyr/drivers/clock_control/libdrivers__clock_control.a(clock_control_nrf.c.obj)
 .rodata.flash_nrf_erase.str1.1
                0x0000000001006469       0x46 zephyr/drivers/flash/libdrivers__flash.a(soc_flash_nrf.c.obj)
 .rodata.flash_nrf_write.str1.1
                0x00000000010064af       0x23 zephyr/drivers/flash/libdrivers__flash.a(soc_flash_nrf.c.obj)
 .rodata.str1.1
                0x00000000010064d2       0x24 zephyr/drivers/flash/libdrivers__flash.a(soc_flash_nrf.c.obj)
 .rodata.fprotect_set_permission.str1.1
                0x00000000010064f6       0x5e modules/nrf/lib/fprotect/lib..__nrf__lib__fprotect.a(fprotect_acl.c.obj)
                                         0x76 (size before relaxing)
 .rodata.k_sys_fatal_error_handler.str1.1
                0x0000000001006554       0x16 modules/nrf/lib/fatal_error/lib..__nrf__lib__fatal_error.a(fatal_error.c.obj)
 .rodata.str1.1
                0x000000000100656a        0xc modules/nrf/lib/fatal_error/lib..__nrf__lib__fatal_error.a(fatal_error.c.obj)
 .rodata.bl_boot.str1.1
                0x0000000001006576       0x12 modules/nrf/subsys/bootloader/bl_boot/lib..__nrf__subsys__bootloader__bl_boot.a(bl_boot.c.obj)
 .rodata.validate_firmware.str1.1
                0x0000000001006588      0x2ca modules/nrf/subsys/bootloader/bl_validation/lib..__nrf__subsys__bootloader__bl_validation.a(bl_validation.c.obj)
 .rodata.pcd_fw_copy.str1.1
                0x0000000001006852       0x5f modules/nrf/subsys/pcd/lib..__nrf__subsys__pcd.a(pcd.c.obj)
 .rodata.str1.1
                0x00000000010068b1        0x4 modules/nrf/subsys/pcd/lib..__nrf__subsys__pcd.a(pcd.c.obj)
 .rodata.check_ext_api_requests.str1.1
                0x00000000010068b5       0x5c modules/nrf/subsys/fw_info/lib..__nrf__subsys__fw_info.a(fw_info.c.obj)
 .rodata.CSWTCH.4
                0x0000000001006911        0x4 modules/hal_nordic/nrfx/libmodules__hal_nordic__nrfx.a(system_nrf5340_network.c.obj)
 .rodata.CSWTCH.1
                0x0000000001006915        0x4 modules/hal_nordic/nrfx/libmodules__hal_nordic__nrfx.a(system_nrf5340_network.c.obj)
 .rodata.nrfx_gppi_channel_check.str1.1
                0x0000000001006919       0x33 modules/hal_nordic/nrfx/libmodules__hal_nordic__nrfx.a(nrfx_gppi_dppi.c.obj)
                                         0x4b (size before relaxing)
 .rodata.nrfx_gppi_event_endpoint_setup.str1.1
                0x000000000100694c       0x3d modules/hal_nordic/nrfx/libmodules__hal_nordic__nrfx.a(nrfx_gppi_dppi.c.obj)
 .rodata.clock_stop.str1.1
                0x0000000001006989       0x71 modules/hal_nordic/nrfx/libmodules__hal_nordic__nrfx.a(nrfx_clock.c.obj)
                                         0x89 (size before relaxing)
 .rodata.partial_word_create.str1.1
                0x00000000010069fa       0x3c modules/hal_nordic/nrfx/libmodules__hal_nordic__nrfx.a(nrfx_nvmc.c.obj)
                                         0x54 (size before relaxing)
 .rodata.z_device_state_init.str1.1
                0x0000000001006a36       0x23 zephyr/kernel/libkernel.a(device.c.obj)
                                         0x3b (size before relaxing)
 .rodata.z_fatal_error.str1.1
                0x0000000001006a59       0xa8 zephyr/kernel/libkernel.a(fatal.c.obj)
                                         0xc0 (size before relaxing)
 .rodata.str1.1
                0x0000000001006b01       0x4a zephyr/kernel/libkernel.a(fatal.c.obj)
 .rodata.str1.1
                0x0000000001006b4b        0x3 zephyr/kernel/libkernel.a(init.c.obj)
 .rodata.boot_banner.str1.1
                0x0000000001006b4e       0x2e zephyr/kernel/libkernel.a(banner.c.obj)
 .rodata.vfprintf.str1.1
                0x0000000001006b7c        0xf c:\ncs\toolchains\c57af46cb7\opt\zephyr-sdk\arm-zephyr-eabi\bin\../lib/gcc/../../picolibc/arm-zephyr-eabi/lib/thumb/v8-m.main/nofp\libc.a(libc_tinystdio_vfprintf.c.o)
 *(SORT_BY_ALIGNMENT(.gnu.linkonce.r.*))
                0x0000000001006b8c                . = ALIGN (0x4)
 *fill*         0x0000000001006b8b        0x1 
                0x0000000001006b8c                _fw_info_images_start = .
 *(SORT_BY_ALIGNMENT(.fw_info_images))
 .fw_info_images
                0x0000000001006b8c        0x4 modules/nrf/subsys/fw_info/lib..__nrf__subsys__fw_info.a(fw_info.c.obj)
                0x0000000001006b8c                self_image
                0x0000000000000001                _fw_info_images_size = ABSOLUTE (((. - _fw_info_images_start) / 0x4))
                0x0000000001006b90                _ext_apis_start = .
 *(SORT_BY_ALIGNMENT(.ext_apis))
                0x0000000000000000                _ext_apis_size = ABSOLUTE ((. - _ext_apis_start))
                0x0000000001006b90                _ext_apis_req_start = .
 *(SORT_BY_ALIGNMENT(.ext_apis_req))
                0x0000000000000000                _ext_apis_req_size = ABSOLUTE ((. - _ext_apis_req_start))
                0x0000000001006b90                . = ALIGN (0x4)
                0x0000000001006b90                __rodata_region_end = .
                0x0000000001006b90                . = ALIGN (_region_min_align)
                0x0000000001006b90                __rom_region_end = ((__rom_region_start + .) - ADDR (rom_start))

/DISCARD/
 *(SORT_BY_ALIGNMENT(.got.plt))
 *(SORT_BY_ALIGNMENT(.igot.plt))
 *(SORT_BY_ALIGNMENT(.got))
 *(SORT_BY_ALIGNMENT(.igot))
                0x0000000021000000                . = 0x21000000
                0x0000000021000000                . = ALIGN (_region_min_align)
                0x0000000021000000                _image_ram_start = .

.ramfunc        0x0000000021000000        0x0 load address 0x0000000001006b90
                0x0000000021000000                . = ALIGN (_region_min_align)
                0x0000000021000000                __ramfunc_start = .
 *(SORT_BY_ALIGNMENT(.ramfunc))
 *(SORT_BY_ALIGNMENT(.ramfunc.*))
                0x0000000021000000                . = ALIGN (_region_min_align)
                0x0000000021000000                __ramfunc_end = .
                0x0000000000000000                __ramfunc_size = (__ramfunc_end - __ramfunc_start)
                0x0000000001006b90                __ramfunc_load_start = LOADADDR (.ramfunc)

datas           0x0000000021000000       0x10 load address 0x0000000001006b90
                0x0000000021000000                __data_region_start = .
                0x0000000021000000                __data_start = .
 *(SORT_BY_ALIGNMENT(.data))
 *(SORT_BY_ALIGNMENT(.data.*))
 .data._char_out
                0x0000000021000000        0x4 zephyr/libzephyr.a(printk.c.obj)
                0x0000000021000000                _char_out
 .data.m_allocated_channels
                0x0000000021000004        0x4 modules/hal_nordic/nrfx/libmodules__hal_nordic__nrfx.a(nrfx_dppi.c.obj)
 .data.timeout_list
                0x0000000021000008        0x8 zephyr/kernel/libkernel.a(timeout.c.obj)
 *(SORT_BY_ALIGNMENT(.kernel.*))
                0x0000000021000010                __data_end = .
                0x0000000000000010                __data_size = (__data_end - __data_start)
                0x0000000001006b90                __data_load_start = LOADADDR (datas)
                0x0000000001006b90                __data_region_load_start = LOADADDR (datas)

device_states   0x0000000021000010        0x4 load address 0x0000000001006ba0
                0x0000000021000010                __device_states_start = .
 *(SORT_BY_ALIGNMENT(.z_devstate))
 .z_devstate    0x0000000021000010        0x2 zephyr/drivers/clock_control/libdrivers__clock_control.a(clock_control_nrf.c.obj)
 .z_devstate    0x0000000021000012        0x2 zephyr/drivers/flash/libdrivers__flash.a(soc_flash_nrf.c.obj)
 *(SORT_BY_ALIGNMENT(.z_devstate.*))
                0x0000000021000014                __device_states_end = .

log_mpsc_pbuf_area
                0x0000000021000014        0x0 load address 0x0000000001006ba4
                0x0000000021000014                _log_mpsc_pbuf_list_start = .
 *(SORT_BY_NAME(SORT_BY_ALIGNMENT(._log_mpsc_pbuf.static.*)))
                0x0000000021000014                _log_mpsc_pbuf_list_end = .

log_msg_ptr_area
                0x0000000021000014        0x0 load address 0x0000000001006ba4
                0x0000000021000014                _log_msg_ptr_list_start = .
 *(SORT_BY_NAME(SORT_BY_ALIGNMENT(._log_msg_ptr.static.*)))
                0x0000000021000014                _log_msg_ptr_list_end = .

log_dynamic_area
                0x0000000021000014        0x0 load address 0x0000000001006ba4
                0x0000000021000014                _log_dynamic_list_start = .
 *(SORT_BY_NAME(SORT_BY_ALIGNMENT(._log_dynamic.static.*)))
                0x0000000021000014                _log_dynamic_list_end = .

k_timer_area    0x0000000021000014        0x0 load address 0x0000000001006ba4
                0x0000000021000014                _k_timer_list_start = .
 *(SORT_BY_NAME(SORT_BY_ALIGNMENT(._k_timer.static.*)))
                0x0000000021000014                _k_timer_list_end = .

k_mem_slab_area
                0x0000000021000014        0x0 load address 0x0000000001006ba4
                0x0000000021000014                _k_mem_slab_list_start = .
 *(SORT_BY_NAME(SORT_BY_ALIGNMENT(._k_mem_slab.static.*)))
                0x0000000021000014                _k_mem_slab_list_end = .

k_heap_area     0x0000000021000014        0x0 load address 0x0000000001006ba4
                0x0000000021000014                _k_heap_list_start = .
 *(SORT_BY_NAME(SORT_BY_ALIGNMENT(._k_heap.static.*)))
                0x0000000021000014                _k_heap_list_end = .

k_mutex_area    0x0000000021000014        0x0 load address 0x0000000001006ba4
                0x0000000021000014                _k_mutex_list_start = .
 *(SORT_BY_NAME(SORT_BY_ALIGNMENT(._k_mutex.static.*)))
                0x0000000021000014                _k_mutex_list_end = .

k_stack_area    0x0000000021000014        0x0 load address 0x0000000001006ba4
                0x0000000021000014                _k_stack_list_start = .
 *(SORT_BY_NAME(SORT_BY_ALIGNMENT(._k_stack.static.*)))
                0x0000000021000014                _k_stack_list_end = .

k_msgq_area     0x0000000021000014        0x0 load address 0x0000000001006ba4
                0x0000000021000014                _k_msgq_list_start = .
 *(SORT_BY_NAME(SORT_BY_ALIGNMENT(._k_msgq.static.*)))
                0x0000000021000014                _k_msgq_list_end = .

k_mbox_area     0x0000000021000014        0x0 load address 0x0000000001006ba4
                0x0000000021000014                _k_mbox_list_start = .
 *(SORT_BY_NAME(SORT_BY_ALIGNMENT(._k_mbox.static.*)))
                0x0000000021000014                _k_mbox_list_end = .

k_pipe_area     0x0000000021000014        0x0 load address 0x0000000001006ba4
                0x0000000021000014                _k_pipe_list_start = .
 *(SORT_BY_NAME(SORT_BY_ALIGNMENT(._k_pipe.static.*)))
                0x0000000021000014                _k_pipe_list_end = .

k_sem_area      0x0000000021000014        0x0 load address 0x0000000001006ba4
                0x0000000021000014                _k_sem_list_start = .
 *(SORT_BY_NAME(SORT_BY_ALIGNMENT(._k_sem.static.*)))
                0x0000000021000014                _k_sem_list_end = .

k_event_area    0x0000000021000014        0x0 load address 0x0000000001006ba4
                0x0000000021000014                _k_event_list_start = .
 *(SORT_BY_NAME(SORT_BY_ALIGNMENT(._k_event.static.*)))
                0x0000000021000014                _k_event_list_end = .

k_queue_area    0x0000000021000014        0x0 load address 0x0000000001006ba4
                0x0000000021000014                _k_queue_list_start = .
 *(SORT_BY_NAME(SORT_BY_ALIGNMENT(._k_queue.static.*)))
                0x0000000021000014                _k_queue_list_end = .

k_fifo_area     0x0000000021000014        0x0 load address 0x0000000001006ba4
                0x0000000021000014                _k_fifo_list_start = .
 *(SORT_BY_NAME(SORT_BY_ALIGNMENT(._k_fifo.static.*)))
                0x0000000021000014                _k_fifo_list_end = .

k_lifo_area     0x0000000021000014        0x0 load address 0x0000000001006ba4
                0x0000000021000014                _k_lifo_list_start = .
 *(SORT_BY_NAME(SORT_BY_ALIGNMENT(._k_lifo.static.*)))
                0x0000000021000014                _k_lifo_list_end = .

k_condvar_area  0x0000000021000014        0x0 load address 0x0000000001006ba4
                0x0000000021000014                _k_condvar_list_start = .
 *(SORT_BY_NAME(SORT_BY_ALIGNMENT(._k_condvar.static.*)))
                0x0000000021000014                _k_condvar_list_end = .

sys_mem_blocks_ptr_area
                0x0000000021000014        0x0 load address 0x0000000001006ba4
                0x0000000021000014                _sys_mem_blocks_ptr_list_start = .
 *(SORT_BY_NAME(SORT_BY_ALIGNMENT(._sys_mem_blocks_ptr.static.*)))
                0x0000000021000014                _sys_mem_blocks_ptr_list_end = .

net_buf_pool_area
                0x0000000021000014        0x0 load address 0x0000000001006ba4
                0x0000000021000014                _net_buf_pool_list_start = .
 *(SORT_BY_NAME(SORT_BY_ALIGNMENT(._net_buf_pool.static.*)))
                0x0000000021000014                _net_buf_pool_list_end = .
                0x0000000021000014                __data_region_end = .

bss             0x0000000021000018      0x17a
                0x0000000021000018                . = ALIGN (0x4)
                0x0000000021000018                __bss_start = .
                0x0000000021000018                __kernel_ram_start = .
 *(SORT_BY_ALIGNMENT(.bss))
 *(SORT_BY_ALIGNMENT(.bss.*))
 .bss.cc_data   0x0000000021000018       0x10 zephyr/drivers/timer/libdrivers__timer.a(nrf_rtc_timer.c.obj)
 .bss.last_count
                0x0000000021000028        0x8 zephyr/drivers/timer/libdrivers__timer.a(nrf_rtc_timer.c.obj)
 .bss.anchor    0x0000000021000030        0x8 zephyr/drivers/timer/libdrivers__timer.a(nrf_rtc_timer.c.obj)
 .bss.z_main_thread
                0x0000000021000038       0x80 zephyr/kernel/libkernel.a(init.c.obj)
                0x0000000021000038                z_main_thread
 .bss.curr_tick
                0x00000000210000b8        0x8 zephyr/kernel/libkernel.a(timeout.c.obj)
 .bss.timestamps.1
                0x00000000210000c0       0x14 zephyr/libzephyr.a(soc.c.obj)
 .bss.z_malloc_heap
                0x00000000210000d4        0xc zephyr/lib/libc/common/liblib__libc__common.a(malloc.c.obj)
 .bss.cli.1     0x00000000210000e0       0x10 zephyr/drivers/clock_control/libdrivers__clock_control.a(clock_control_nrf.c.obj)
 .bss.on.2      0x00000000210000f0        0x4 zephyr/drivers/clock_control/libdrivers__clock_control.a(clock_control_nrf.c.obj)
 .bss.data      0x00000000210000f4       0x50 zephyr/drivers/clock_control/libdrivers__clock_control.a(clock_control_nrf.c.obj)
 .bss.hfclk_users
                0x0000000021000144        0x4 zephyr/drivers/clock_control/libdrivers__clock_control.a(clock_control_nrf.c.obj)
 .bss.dev_layout
                0x0000000021000148        0x8 zephyr/drivers/flash/libdrivers__flash.a(soc_flash_nrf.c.obj)
 .bss.force_isr_mask
                0x0000000021000150        0x4 zephyr/drivers/timer/libdrivers__timer.a(nrf_rtc_timer.c.obj)
 .bss.int_mask  0x0000000021000154        0x4 zephyr/drivers/timer/libdrivers__timer.a(nrf_rtc_timer.c.obj)
 .bss.overflow_cnt
                0x0000000021000158        0x4 zephyr/drivers/timer/libdrivers__timer.a(nrf_rtc_timer.c.obj)
 .bss.idx.0     0x000000002100015c        0x4 modules/nrf/lib/fprotect/lib..__nrf__lib__fprotect.a(fprotect_acl.c.obj)
 .bss.m_clock_cb
                0x0000000021000160        0x8 modules/hal_nordic/nrfx/libmodules__hal_nordic__nrfx.a(nrfx_clock.c.obj)
 .bss._kernel   0x0000000021000168       0x20 zephyr/kernel/libkernel.a(init.c.obj)
                0x0000000021000168                _kernel
 .bss.announce_remaining
                0x0000000021000188        0x4 zephyr/kernel/libkernel.a(timeout.c.obj)
 .bss.timestamps_filled.2
                0x000000002100018c        0x1 zephyr/libzephyr.a(soc.c.obj)
 .bss.current.3
                0x000000002100018d        0x1 zephyr/libzephyr.a(soc.c.obj)
 .bss.rtc_pretick_cc_set_on_time.4
                0x000000002100018e        0x1 zephyr/libzephyr.a(soc.c.obj)
 .bss.cpu_idle_prepare_allows_sleep
                0x000000002100018f        0x1 zephyr/libzephyr.a(soc.c.obj)
 .bss.cpu_idle_prepare_monitor_dummy
                0x0000000021000190        0x1 zephyr/libzephyr.a(soc.c.obj)
 .bss.z_sys_post_kernel
                0x0000000021000191        0x1 zephyr/kernel/libkernel.a(init.c.obj)
                0x0000000021000191                z_sys_post_kernel
 *(SORT_BY_ALIGNMENT(COMMON))
 *(SORT_BY_ALIGNMENT(.kernel_bss.*))
                0x0000000021000194                __bss_end = ALIGN (0x4)

noinit          0x0000000021000198      0xc00
 *(SORT_BY_ALIGNMENT(.noinit))
 *(SORT_BY_ALIGNMENT(.noinit.*))
 .noinit."WEST_TOPDIR/zephyr/kernel/init.c".1
                0x0000000021000198      0x800 zephyr/kernel/libkernel.a(init.c.obj)
                0x0000000021000198                z_interrupt_stacks
 .noinit."WEST_TOPDIR/zephyr/kernel/init.c".0
                0x0000000021000998      0x400 zephyr/kernel/libkernel.a(init.c.obj)
                0x0000000021000998                z_main_stack
 *(SORT_BY_ALIGNMENT(.kernel_noinit.*))
                0x0000000021010000                __kernel_ram_end = 0x21010000
                0x000000000000ffe8                __kernel_ram_size = (__kernel_ram_end - __kernel_ram_start)

/DISCARD/
 *(SORT_BY_ALIGNMENT(.irq_info*))
 *(SORT_BY_ALIGNMENT(.intList*))

.last_ram_section
                0x0000000021000d98        0x0
                0x0000000021000d98                _image_ram_end = .
                0x0000000000000d98                _image_ram_size = (_image_ram_end - _image_ram_start)
                0x0000000021000d98                _end = .
                0x0000000021000d98                z_mapped_end = .

.stab
 *(SORT_BY_ALIGNMENT(.stab))

.stabstr
 *(SORT_BY_ALIGNMENT(.stabstr))

.stab.excl
 *(SORT_BY_ALIGNMENT(.stab.excl))

.stab.exclstr
 *(SORT_BY_ALIGNMENT(.stab.exclstr))

.stab.index
 *(SORT_BY_ALIGNMENT(.stab.index))

.stab.indexstr
 *(SORT_BY_ALIGNMENT(.stab.indexstr))

.gnu.build.attributes
 *(SORT_BY_ALIGNMENT(.gnu.build.attributes) SORT_BY_ALIGNMENT(.gnu.build.attributes.*))

.comment        0x0000000000000000       0x40
 *(SORT_BY_ALIGNMENT(.comment))
 .comment       0x0000000000000000       0x20 zephyr/CMakeFiles/zephyr_final.dir/isr_tables.c.obj
                                         0x21 (size before relaxing)
 .comment       0x0000000000000020       0x21 app/libapp.a(main.c.obj)
 .comment       0x0000000000000020       0x21 zephyr/libzephyr.a(cbprintf_packaged.c.obj)
 .comment       0x0000000000000020       0x21 zephyr/libzephyr.a(printk.c.obj)
 .comment       0x0000000000000020       0x21 zephyr/libzephyr.a(heap.c.obj)
 .comment       0x0000000000000020       0x21 zephyr/libzephyr.a(onoff.c.obj)
 .comment       0x0000000000000020       0x21 zephyr/libzephyr.a(notify.c.obj)
 .comment       0x0000000000000020       0x21 zephyr/libzephyr.a(assert.c.obj)
 .comment       0x0000000000000020       0x21 zephyr/libzephyr.a(configs.c.obj)
 .comment       0x0000000000000020       0x21 zephyr/libzephyr.a(soc.c.obj)
 .comment       0x0000000000000020       0x21 zephyr/libzephyr.a(log_minimal.c.obj)
 .comment       0x0000000000000020       0x21 zephyr/libzephyr.a(stream_flash.c.obj)
 .comment       0x0000000000000020       0x21 zephyr/arch/arch/arm/core/libarch__arm__core.a(fatal.c.obj)
 .comment       0x0000000000000020       0x21 zephyr/arch/arch/arm/core/libarch__arm__core.a(nmi.c.obj)
 .comment       0x0000000000000020       0x21 zephyr/arch/arch/arm/core/cortex_m/libarch__arm__core__cortex_m.a(fault.c.obj)
 .comment       0x0000000000000020       0x21 zephyr/arch/arch/arm/core/cortex_m/libarch__arm__core__cortex_m.a(scb.c.obj)
 .comment       0x0000000000000020       0x21 zephyr/arch/arch/arm/core/cortex_m/libarch__arm__core__cortex_m.a(irq_manage.c.obj)
 .comment       0x0000000000000020       0x21 zephyr/arch/arch/arm/core/cortex_m/libarch__arm__core__cortex_m.a(prep_c.c.obj)
 .comment       0x0000000000000020       0x21 zephyr/arch/arch/arm/core/cortex_m/libarch__arm__core__cortex_m.a(thread.c.obj)
 .comment       0x0000000000000020       0x21 zephyr/arch/arch/arm/core/cortex_m/libarch__arm__core__cortex_m.a(irq_init.c.obj)
 .comment       0x0000000000000020       0x21 zephyr/lib/libc/common/liblib__libc__common.a(malloc.c.obj)
 .comment       0x0000000000000020       0x21 zephyr/drivers/clock_control/libdrivers__clock_control.a(clock_control_nrf.c.obj)
 .comment       0x0000000000000020       0x21 zephyr/drivers/flash/libdrivers__flash.a(soc_flash_nrf.c.obj)
 .comment       0x0000000000000020       0x21 zephyr/drivers/flash/libdrivers__flash.a(flash_page_layout.c.obj)
 .comment       0x0000000000000020       0x21 zephyr/drivers/timer/libdrivers__timer.a(nrf_rtc_timer.c.obj)
 .comment       0x0000000000000020       0x21 modules/nrf/lib/fprotect/lib..__nrf__lib__fprotect.a(fprotect_acl.c.obj)
 .comment       0x0000000000000020       0x21 modules/nrf/lib/fatal_error/lib..__nrf__lib__fatal_error.a(fatal_error.c.obj)
 .comment       0x0000000000000020       0x21 modules/nrf/subsys/bootloader/bl_boot/lib..__nrf__subsys__bootloader__bl_boot.a(bl_boot.c.obj)
 .comment       0x0000000000000020       0x21 modules/nrf/subsys/bootloader/bl_crypto/lib..__nrf__subsys__bootloader__bl_crypto.a(bl_crypto.c.obj)
 .comment       0x0000000000000020       0x21 modules/nrf/subsys/bootloader/bl_crypto/lib..__nrf__subsys__bootloader__bl_crypto.a(bl_crypto_oberon_hash.c.obj)
 .comment       0x0000000000000020       0x21 modules/nrf/subsys/bootloader/bl_validation/lib..__nrf__subsys__bootloader__bl_validation.a(bl_validation.c.obj)
 .comment       0x0000000000000020       0x21 modules/nrf/subsys/bootloader/bl_storage/lib..__nrf__subsys__bootloader__bl_storage.a(bl_storage.c.obj)
 .comment       0x0000000000000020       0x21 modules/nrf/subsys/pcd/lib..__nrf__subsys__pcd.a(pcd.c.obj)
 .comment       0x0000000000000020       0x21 modules/nrf/subsys/fw_info/lib..__nrf__subsys__fw_info.a(fw_info.c.obj)
 .comment       0x0000000000000020       0x21 modules/hal_nordic/nrfx/libmodules__hal_nordic__nrfx.a(system_nrf5340_network.c.obj)
 .comment       0x0000000000000020       0x21 modules/hal_nordic/nrfx/libmodules__hal_nordic__nrfx.a(nrfx_glue.c.obj)
 .comment       0x0000000000000020       0x21 modules/hal_nordic/nrfx/libmodules__hal_nordic__nrfx.a(nrfx_flag32_allocator.c.obj)
 .comment       0x0000000000000020       0x21 modules/hal_nordic/nrfx/libmodules__hal_nordic__nrfx.a(nrfx_gppi_dppi.c.obj)
 .comment       0x0000000000000020       0x21 modules/hal_nordic/nrfx/libmodules__hal_nordic__nrfx.a(nrfx_clock.c.obj)
 .comment       0x0000000000000020       0x21 modules/hal_nordic/nrfx/libmodules__hal_nordic__nrfx.a(nrfx_dppi.c.obj)
 .comment       0x0000000000000020       0x21 modules/hal_nordic/nrfx/libmodules__hal_nordic__nrfx.a(nrfx_nvmc.c.obj)
 .comment       0x0000000000000020       0x21 zephyr/kernel/libkernel.a(busy_wait.c.obj)
 .comment       0x0000000000000020       0x21 zephyr/kernel/libkernel.a(device.c.obj)
 .comment       0x0000000000000020       0x21 zephyr/kernel/libkernel.a(fatal.c.obj)
 .comment       0x0000000000000020       0x21 zephyr/kernel/libkernel.a(init.c.obj)
 .comment       0x0000000000000020       0x21 zephyr/kernel/libkernel.a(thread.c.obj)
 .comment       0x0000000000000020       0x21 zephyr/kernel/libkernel.a(xip.c.obj)
 .comment       0x0000000000000020       0x21 zephyr/kernel/libkernel.a(timeout.c.obj)
 .comment       0x0000000000000020       0x21 zephyr/kernel/libkernel.a(banner.c.obj)
 .comment       0x0000000000000020       0x21 zephyr/CMakeFiles/offsets.dir/./arch/arm/core/offsets/offsets.c.obj
 .comment       0x0000000000000020       0x20 C:/ncs/main/nrfxlib/crypto/nrf_oberon/lib/cortex-m33+nodsp/soft-float/liboberon_3.0.13.a(ocrypto_sha256.c.obj)
                                         0x21 (size before relaxing)

.debug
 *(SORT_BY_ALIGNMENT(.debug))

.line
 *(SORT_BY_ALIGNMENT(.line))

.debug_srcinfo
 *(SORT_BY_ALIGNMENT(.debug_srcinfo))

.debug_sfnames
 *(SORT_BY_ALIGNMENT(.debug_sfnames))

.debug_aranges  0x0000000000000000     0x1038
 *(SORT_BY_ALIGNMENT(.debug_aranges))
 .debug_aranges
                0x0000000000000000       0x20 zephyr/libzephyr.a(soc_nrf_common.S.obj)
 .debug_aranges
                0x0000000000000020       0x20 zephyr/arch/arch/arm/core/libarch__arm__core.a(nmi_on_reset.S.obj)
 .debug_aranges
                0x0000000000000040       0x20 zephyr/arch/arch/arm/core/cortex_m/libarch__arm__core__cortex_m.a(exc_exit.S.obj)
 .debug_aranges
                0x0000000000000060       0x20 zephyr/arch/arch/arm/core/cortex_m/libarch__arm__core__cortex_m.a(fault_s.S.obj)
 .debug_aranges
                0x0000000000000080       0x20 zephyr/arch/arch/arm/core/cortex_m/libarch__arm__core__cortex_m.a(reset.S.obj)
 .debug_aranges
                0x00000000000000a0       0x28 zephyr/arch/arch/arm/core/cortex_m/libarch__arm__core__cortex_m.a(swap_helper.S.obj)
 .debug_aranges
                0x00000000000000c8       0x30 zephyr/arch/arch/arm/core/cortex_m/libarch__arm__core__cortex_m.a(cpu_idle.S.obj)
 .debug_aranges
                0x00000000000000f8       0x20 zephyr/arch/arch/arm/core/cortex_m/libarch__arm__core__cortex_m.a(isr_wrapper.S.obj)
 .debug_aranges
                0x0000000000000118       0x18 zephyr/CMakeFiles/zephyr_final.dir/isr_tables.c.obj
 .debug_aranges
                0x0000000000000130       0x20 app/libapp.a(main.c.obj)
 .debug_aranges
                0x0000000000000150       0x40 zephyr/libzephyr.a(cbprintf_packaged.c.obj)
 .debug_aranges
                0x0000000000000190       0x50 zephyr/libzephyr.a(printk.c.obj)
 .debug_aranges
                0x00000000000001e0       0xc0 zephyr/libzephyr.a(heap.c.obj)
 .debug_aranges
                0x00000000000002a0       0x90 zephyr/libzephyr.a(onoff.c.obj)
 .debug_aranges
                0x0000000000000330       0x28 zephyr/libzephyr.a(notify.c.obj)
 .debug_aranges
                0x0000000000000358       0x28 zephyr/libzephyr.a(assert.c.obj)
 .debug_aranges
                0x0000000000000380       0x20 zephyr/libzephyr.a(configs.c.obj)
 .debug_aranges
                0x00000000000003a0       0x60 zephyr/libzephyr.a(soc.c.obj)
 .debug_aranges
                0x0000000000000400       0x30 zephyr/libzephyr.a(log_minimal.c.obj)
 .debug_aranges
                0x0000000000000430       0x50 zephyr/libzephyr.a(stream_flash.c.obj)
 .debug_aranges
                0x0000000000000480       0x30 zephyr/arch/arch/arm/core/libarch__arm__core.a(fatal.c.obj)
 .debug_aranges
                0x00000000000004b0       0x20 zephyr/arch/arch/arm/core/libarch__arm__core.a(nmi.c.obj)
 .debug_aranges
                0x00000000000004d0       0x40 zephyr/arch/arch/arm/core/cortex_m/libarch__arm__core__cortex_m.a(fault.c.obj)
 .debug_aranges
                0x0000000000000510       0x28 zephyr/arch/arch/arm/core/cortex_m/libarch__arm__core__cortex_m.a(scb.c.obj)
 .debug_aranges
                0x0000000000000538       0x40 zephyr/arch/arch/arm/core/cortex_m/libarch__arm__core__cortex_m.a(irq_manage.c.obj)
 .debug_aranges
                0x0000000000000578       0x20 zephyr/arch/arch/arm/core/cortex_m/libarch__arm__core__cortex_m.a(prep_c.c.obj)
 .debug_aranges
                0x0000000000000598       0x38 zephyr/arch/arch/arm/core/cortex_m/libarch__arm__core__cortex_m.a(thread.c.obj)
 .debug_aranges
                0x00000000000005d0       0x20 zephyr/arch/arch/arm/core/cortex_m/libarch__arm__core__cortex_m.a(irq_init.c.obj)
 .debug_aranges
                0x00000000000005f0       0x50 zephyr/lib/libc/common/liblib__libc__common.a(malloc.c.obj)
 .debug_aranges
                0x0000000000000640       0xc0 zephyr/drivers/clock_control/libdrivers__clock_control.a(clock_control_nrf.c.obj)
 .debug_aranges
                0x0000000000000700       0x50 zephyr/drivers/flash/libdrivers__flash.a(soc_flash_nrf.c.obj)
 .debug_aranges
                0x0000000000000750       0x40 zephyr/drivers/flash/libdrivers__flash.a(flash_page_layout.c.obj)
 .debug_aranges
                0x0000000000000790       0xc0 zephyr/drivers/timer/libdrivers__timer.a(nrf_rtc_timer.c.obj)
 .debug_aranges
                0x0000000000000850       0x40 modules/nrf/lib/fprotect/lib..__nrf__lib__fprotect.a(fprotect_acl.c.obj)
 .debug_aranges
                0x0000000000000890       0x20 modules/nrf/lib/fatal_error/lib..__nrf__lib__fatal_error.a(fatal_error.c.obj)
 .debug_aranges
                0x00000000000008b0       0x20 modules/nrf/subsys/bootloader/bl_boot/lib..__nrf__subsys__bootloader__bl_boot.a(bl_boot.c.obj)
 .debug_aranges
                0x00000000000008d0       0x50 modules/nrf/subsys/bootloader/bl_crypto/lib..__nrf__subsys__bootloader__bl_crypto.a(bl_crypto.c.obj)
 .debug_aranges
                0x0000000000000920       0x38 modules/nrf/subsys/bootloader/bl_crypto/lib..__nrf__subsys__bootloader__bl_crypto.a(bl_crypto_oberon_hash.c.obj)
 .debug_aranges
                0x0000000000000958       0x60 modules/nrf/subsys/bootloader/bl_validation/lib..__nrf__subsys__bootloader__bl_validation.a(bl_validation.c.obj)
 .debug_aranges
                0x00000000000009b8       0x70 modules/nrf/subsys/bootloader/bl_storage/lib..__nrf__subsys__bootloader__bl_storage.a(bl_storage.c.obj)
 .debug_aranges
                0x0000000000000a28       0x40 modules/nrf/subsys/pcd/lib..__nrf__subsys__pcd.a(pcd.c.obj)
 .debug_aranges
                0x0000000000000a68       0x38 modules/nrf/subsys/fw_info/lib..__nrf__subsys__fw_info.a(fw_info.c.obj)
 .debug_aranges
                0x0000000000000aa0       0x28 modules/hal_nordic/nrfx/libmodules__hal_nordic__nrfx.a(system_nrf5340_network.c.obj)
 .debug_aranges
                0x0000000000000ac8       0x30 modules/hal_nordic/nrfx/libmodules__hal_nordic__nrfx.a(nrfx_glue.c.obj)
 .debug_aranges
                0x0000000000000af8       0x30 modules/hal_nordic/nrfx/libmodules__hal_nordic__nrfx.a(nrfx_flag32_allocator.c.obj)
 .debug_aranges
                0x0000000000000b28       0xe8 modules/hal_nordic/nrfx/libmodules__hal_nordic__nrfx.a(nrfx_gppi_dppi.c.obj)
 .debug_aranges
                0x0000000000000c10       0x60 modules/hal_nordic/nrfx/libmodules__hal_nordic__nrfx.a(nrfx_clock.c.obj)
 .debug_aranges
                0x0000000000000c70       0x78 modules/hal_nordic/nrfx/libmodules__hal_nordic__nrfx.a(nrfx_dppi.c.obj)
 .debug_aranges
                0x0000000000000ce8       0xb8 modules/hal_nordic/nrfx/libmodules__hal_nordic__nrfx.a(nrfx_nvmc.c.obj)
 .debug_aranges
                0x0000000000000da0       0x20 zephyr/kernel/libkernel.a(busy_wait.c.obj)
 .debug_aranges
                0x0000000000000dc0       0x38 zephyr/kernel/libkernel.a(device.c.obj)
 .debug_aranges
                0x0000000000000df8       0x60 zephyr/kernel/libkernel.a(fatal.c.obj)
 .debug_aranges
                0x0000000000000e58       0x50 zephyr/kernel/libkernel.a(init.c.obj)
 .debug_aranges
                0x0000000000000ea8       0xa0 zephyr/kernel/libkernel.a(thread.c.obj)
 .debug_aranges
                0x0000000000000f48       0x20 zephyr/kernel/libkernel.a(xip.c.obj)
 .debug_aranges
                0x0000000000000f68       0x90 zephyr/kernel/libkernel.a(timeout.c.obj)
 .debug_aranges
                0x0000000000000ff8       0x20 zephyr/kernel/libkernel.a(banner.c.obj)
 .debug_aranges
                0x0000000000001018       0x20 zephyr/CMakeFiles/offsets.dir/./arch/arm/core/offsets/offsets.c.obj

.debug_pubnames
 *(SORT_BY_ALIGNMENT(.debug_pubnames))

.debug_info     0x0000000000000000    0x47562
 *(SORT_BY_ALIGNMENT(.debug_info) SORT_BY_ALIGNMENT(.gnu.linkonce.wi.*))
 .debug_info    0x0000000000000000      0x189 zephyr/CMakeFiles/zephyr_final.dir/isr_tables.c.obj
 .debug_info    0x0000000000000189      0x6ee app/libapp.a(main.c.obj)